stm32f7xx_ll_usb.c:86:19:USB_CoreInit	24	static
stm32f7xx_ll_usb.c:173:19:USB_SetTurnaroundTime	32	static
stm32f7xx_ll_usb.c:256:19:USB_EnableGlobalInt	16	static
stm32f7xx_ll_usb.c:268:19:USB_DisableGlobalInt	16	static
stm32f7xx_ll_usb.c:283:19:USB_SetCurrentMode	24	static
stm32f7xx_ll_usb.c:330:19:USB_DevInit	32	static
stm32f7xx_ll_usb.c:500:19:USB_FlushTxFifo	24	static
stm32f7xx_ll_usb.c:533:19:USB_FlushRxFifo	24	static
stm32f7xx_ll_usb.c:572:19:USB_SetDevSpeed	24	static
stm32f7xx_ll_usb.c:588:9:USB_GetDevSpeed	32	static
stm32f7xx_ll_usb.c:617:19:USB_ActivateEndpoint	24	static
stm32f7xx_ll_usb.c:655:19:USB_ActivateDedicatedEndpoint	24	static
stm32f7xx_ll_usb.c:694:19:USB_DeactivateEndpoint	24	static
stm32f7xx_ll_usb.c:741:19:USB_DeactivateDedicatedEndpoint	24	static
stm32f7xx_ll_usb.c:783:19:USB_EPStartXfer	48	static
stm32f7xx_ll_usb.c:927:19:USB_EP0StartXfer	32	static
stm32f7xx_ll_usb.c:1027:19:USB_WritePacket	40	static
stm32f7xx_ll_usb.c:1058:7:USB_ReadPacket	48	static
stm32f7xx_ll_usb.c:1100:19:USB_EPSetStall	24	static
stm32f7xx_ll_usb.c:1131:19:USB_EPClearStall	24	static
stm32f7xx_ll_usb.c:1160:19:USB_StopDevice	32	static
stm32f7xx_ll_usb.c:1201:20:USB_SetDevAddress	24	static
stm32f7xx_ll_usb.c:1216:20:USB_DevConnect	24	static
stm32f7xx_ll_usb.c:1233:20:USB_DevDisconnect	24	static
stm32f7xx_ll_usb.c:1250:11:USB_ReadInterrupts	24	static
stm32f7xx_ll_usb.c:1265:10:USB_ReadDevAllOutEpInterrupt	24	static
stm32f7xx_ll_usb.c:1281:10:USB_ReadDevAllInEpInterrupt	24	static
stm32f7xx_ll_usb.c:1299:10:USB_ReadDevOutEPInterrupt	24	static
stm32f7xx_ll_usb.c:1317:10:USB_ReadDevInEPInterrupt	32	static
stm32f7xx_ll_usb.c:1338:7:USB_ClearInterrupts	16	static
stm32f7xx_ll_usb.c:1351:10:USB_GetMode	16	static
stm32f7xx_ll_usb.c:1361:20:USB_ActivateSetup	24	static
stm32f7xx_ll_usb.c:1383:19:USB_EP0_OutStart	32	static
stm32f7xx_ll_usb.c:1416:26:USB_CoreReset	24	static
stm32f7xx_ll_usb.c:1520:19:USB_HostInit	32	static
stm32f7xx_ll_usb.c:1614:19:USB_InitFSLSPClkSel	24	static
stm32f7xx_ll_usb.c:1644:19:USB_ResetPort	24	static
stm32f7xx_ll_usb.c:1671:19:USB_DriveVbus	24	static
stm32f7xx_ll_usb.c:1701:10:USB_GetHostSpeed	24	static
stm32f7xx_ll_usb.c:1715:10:USB_GetCurrentFrame	24	static
stm32f7xx_ll_usb.c:1746:19:USB_HC_Init	40	static
stm32f7xx_ll_usb.c:1872:19:USB_HC_StartXfer	56	static
stm32f7xx_ll_usb.c:2011:10:USB_HC_ReadInterrupt	24	static
stm32f7xx_ll_usb.c:2025:19:USB_HC_Halt	40	static
stm32f7xx_ll_usb.c:2096:19:USB_DoPing	32	static
stm32f7xx_ll_usb.c:2120:19:USB_StopHost	40	static
stm32f7xx_ll_usb.c:2183:19:USB_ActivateRemoteWakeup	24	static
stm32f7xx_ll_usb.c:2201:19:USB_DeActivateRemoteWakeup	24	static
