../startup/startup_lpc55s69_cm33_core0.c:337:6:data_init	4	static
../startup/startup_lpc55s69_cm33_core0.c:346:6:bss_init	0	static
../startup/startup_lpc55s69_cm33_core0.c:371:6:ResetISR	0	static
../startup/startup_lpc55s69_cm33_core0.c:464:14:NMI_Handler	0	static
../startup/startup_lpc55s69_cm33_core0.c:468:14:HardFault_Handler	0	static
../startup/startup_lpc55s69_cm33_core0.c:472:14:MemManage_Handler	0	static
../startup/startup_lpc55s69_cm33_core0.c:476:14:BusFault_Handler	0	static
../startup/startup_lpc55s69_cm33_core0.c:480:14:UsageFault_Handler	0	static
../startup/startup_lpc55s69_cm33_core0.c:484:14:SecureFault_Handler	0	static
../startup/startup_lpc55s69_cm33_core0.c:488:14:SVC_Handler	0	static
../startup/startup_lpc55s69_cm33_core0.c:492:14:DebugMon_Handler	0	static
../startup/startup_lpc55s69_cm33_core0.c:496:14:PendSV_Handler	0	static
../startup/startup_lpc55s69_cm33_core0.c:500:14:SysTick_Handler	0	static
../startup/startup_lpc55s69_cm33_core0.c:508:14:IntDefaultHandler	0	static
../startup/startup_lpc55s69_cm33_core0.c:518:11:WDT_BOD_IRQHandler	8	static
../startup/startup_lpc55s69_cm33_core0.c:522:11:DMA0_IRQHandler	8	static
../startup/startup_lpc55s69_cm33_core0.c:526:11:GINT0_IRQHandler	8	static
../startup/startup_lpc55s69_cm33_core0.c:530:11:GINT1_IRQHandler	8	static
../startup/startup_lpc55s69_cm33_core0.c:534:11:PIN_INT0_IRQHandler	8	static
../startup/startup_lpc55s69_cm33_core0.c:538:11:PIN_INT1_IRQHandler	8	static
../startup/startup_lpc55s69_cm33_core0.c:542:11:PIN_INT2_IRQHandler	8	static
../startup/startup_lpc55s69_cm33_core0.c:546:11:PIN_INT3_IRQHandler	8	static
../startup/startup_lpc55s69_cm33_core0.c:550:11:UTICK0_IRQHandler	8	static
../startup/startup_lpc55s69_cm33_core0.c:554:11:MRT0_IRQHandler	8	static
../startup/startup_lpc55s69_cm33_core0.c:558:11:CTIMER0_IRQHandler	8	static
../startup/startup_lpc55s69_cm33_core0.c:562:11:CTIMER1_IRQHandler	8	static
../startup/startup_lpc55s69_cm33_core0.c:566:11:SCT0_IRQHandler	8	static
../startup/startup_lpc55s69_cm33_core0.c:570:11:CTIMER3_IRQHandler	8	static
../startup/startup_lpc55s69_cm33_core0.c:574:11:FLEXCOMM0_IRQHandler	8	static
../startup/startup_lpc55s69_cm33_core0.c:578:11:FLEXCOMM1_IRQHandler	8	static
../startup/startup_lpc55s69_cm33_core0.c:582:11:FLEXCOMM2_IRQHandler	8	static
../startup/startup_lpc55s69_cm33_core0.c:586:11:FLEXCOMM3_IRQHandler	8	static
../startup/startup_lpc55s69_cm33_core0.c:590:11:FLEXCOMM4_IRQHandler	8	static
../startup/startup_lpc55s69_cm33_core0.c:594:11:FLEXCOMM5_IRQHandler	8	static
../startup/startup_lpc55s69_cm33_core0.c:598:11:FLEXCOMM6_IRQHandler	8	static
../startup/startup_lpc55s69_cm33_core0.c:602:11:FLEXCOMM7_IRQHandler	8	static
../startup/startup_lpc55s69_cm33_core0.c:606:11:ADC0_IRQHandler	8	static
../startup/startup_lpc55s69_cm33_core0.c:610:11:Reserved39_IRQHandler	8	static
../startup/startup_lpc55s69_cm33_core0.c:614:11:ACMP_IRQHandler	8	static
../startup/startup_lpc55s69_cm33_core0.c:618:11:Reserved41_IRQHandler	8	static
../startup/startup_lpc55s69_cm33_core0.c:622:11:Reserved42_IRQHandler	8	static
../startup/startup_lpc55s69_cm33_core0.c:626:11:USB0_NEEDCLK_IRQHandler	8	static
../startup/startup_lpc55s69_cm33_core0.c:630:11:USB0_IRQHandler	8	static
../startup/startup_lpc55s69_cm33_core0.c:634:11:RTC_IRQHandler	8	static
../startup/startup_lpc55s69_cm33_core0.c:638:11:Reserved46_IRQHandler	8	static
../startup/startup_lpc55s69_cm33_core0.c:642:11:MAILBOX_IRQHandler	8	static
../startup/startup_lpc55s69_cm33_core0.c:646:11:PIN_INT4_IRQHandler	8	static
../startup/startup_lpc55s69_cm33_core0.c:650:11:PIN_INT5_IRQHandler	8	static
../startup/startup_lpc55s69_cm33_core0.c:654:11:PIN_INT6_IRQHandler	8	static
../startup/startup_lpc55s69_cm33_core0.c:658:11:PIN_INT7_IRQHandler	8	static
../startup/startup_lpc55s69_cm33_core0.c:662:11:CTIMER2_IRQHandler	8	static
../startup/startup_lpc55s69_cm33_core0.c:666:11:CTIMER4_IRQHandler	8	static
../startup/startup_lpc55s69_cm33_core0.c:670:11:OS_EVENT_IRQHandler	8	static
../startup/startup_lpc55s69_cm33_core0.c:674:11:Reserved55_IRQHandler	8	static
../startup/startup_lpc55s69_cm33_core0.c:678:11:Reserved56_IRQHandler	8	static
../startup/startup_lpc55s69_cm33_core0.c:682:11:Reserved57_IRQHandler	8	static
../startup/startup_lpc55s69_cm33_core0.c:686:11:SDIO_IRQHandler	8	static
../startup/startup_lpc55s69_cm33_core0.c:690:11:Reserved59_IRQHandler	8	static
../startup/startup_lpc55s69_cm33_core0.c:694:11:Reserved60_IRQHandler	8	static
../startup/startup_lpc55s69_cm33_core0.c:698:11:Reserved61_IRQHandler	8	static
../startup/startup_lpc55s69_cm33_core0.c:702:11:USB1_PHY_IRQHandler	8	static
../startup/startup_lpc55s69_cm33_core0.c:706:11:USB1_IRQHandler	8	static
../startup/startup_lpc55s69_cm33_core0.c:710:11:USB1_NEEDCLK_IRQHandler	8	static
../startup/startup_lpc55s69_cm33_core0.c:714:11:SEC_HYPERVISOR_CALL_IRQHandler	8	static
../startup/startup_lpc55s69_cm33_core0.c:718:11:SEC_GPIO_INT0_IRQ0_IRQHandler	8	static
../startup/startup_lpc55s69_cm33_core0.c:722:11:SEC_GPIO_INT0_IRQ1_IRQHandler	8	static
../startup/startup_lpc55s69_cm33_core0.c:726:11:PLU_IRQHandler	8	static
../startup/startup_lpc55s69_cm33_core0.c:730:11:SEC_VIO_IRQHandler	8	static
../startup/startup_lpc55s69_cm33_core0.c:734:11:HASHCRYPT_IRQHandler	8	static
../startup/startup_lpc55s69_cm33_core0.c:738:11:CASER_IRQHandler	8	static
../startup/startup_lpc55s69_cm33_core0.c:742:11:PUF_IRQHandler	8	static
../startup/startup_lpc55s69_cm33_core0.c:746:11:PQ_IRQHandler	8	static
../startup/startup_lpc55s69_cm33_core0.c:750:11:DMA1_IRQHandler	8	static
../startup/startup_lpc55s69_cm33_core0.c:754:11:FLEXCOMM8_IRQHandler	8	static
