Archive member included to satisfy reference by file (symbol)

/usr/local/mcuxpressoide-11.7.1_9221/ide/plugins/com.nxp.mcuxpresso.tools.linux_11.7.1.202301190959/tools/bin/../lib/gcc/arm-none-eabi/10.3.1/thumb/v8-m.main+fp/hard/libgcc.a(_aeabi_uldivmod.o)
                              ./drivers/fsl_clock.o (__aeabi_uldivmod)
/usr/local/mcuxpressoide-11.7.1_9221/ide/plugins/com.nxp.mcuxpresso.tools.linux_11.7.1.202301190959/tools/bin/../lib/gcc/arm-none-eabi/10.3.1/thumb/v8-m.main+fp/hard/libgcc.a(_fixunssfdi.o)
                              ./drivers/fsl_clock.o (__aeabi_f2ulz)
/usr/local/mcuxpressoide-11.7.1_9221/ide/plugins/com.nxp.mcuxpresso.tools.linux_11.7.1.202301190959/tools/bin/../lib/gcc/arm-none-eabi/10.3.1/thumb/v8-m.main+fp/hard/libgcc.a(_udivmoddi4.o)
                              /usr/local/mcuxpressoide-11.7.1_9221/ide/plugins/com.nxp.mcuxpresso.tools.linux_11.7.1.202301190959/tools/bin/../lib/gcc/arm-none-eabi/10.3.1/thumb/v8-m.main+fp/hard/libgcc.a(_aeabi_uldivmod.o) (__udivmoddi4)
/usr/local/mcuxpressoide-11.7.1_9221/ide/plugins/com.nxp.mcuxpresso.tools.linux_11.7.1.202301190959/tools/bin/../lib/gcc/arm-none-eabi/10.3.1/thumb/v8-m.main+fp/hard/libgcc.a(_arm_muldf3.o)
                              /usr/local/mcuxpressoide-11.7.1_9221/ide/plugins/com.nxp.mcuxpresso.tools.linux_11.7.1.202301190959/tools/bin/../lib/gcc/arm-none-eabi/10.3.1/thumb/v8-m.main+fp/hard/libgcc.a(_fixunssfdi.o) (__aeabi_dmul)
/usr/local/mcuxpressoide-11.7.1_9221/ide/plugins/com.nxp.mcuxpresso.tools.linux_11.7.1.202301190959/tools/bin/../lib/gcc/arm-none-eabi/10.3.1/thumb/v8-m.main+fp/hard/libgcc.a(_dvmd_tls.o)
                              /usr/local/mcuxpressoide-11.7.1_9221/ide/plugins/com.nxp.mcuxpresso.tools.linux_11.7.1.202301190959/tools/bin/../lib/gcc/arm-none-eabi/10.3.1/thumb/v8-m.main+fp/hard/libgcc.a(_aeabi_uldivmod.o) (__aeabi_ldiv0)
/usr/local/mcuxpressoide-11.7.1_9221/ide/plugins/com.nxp.mcuxpresso.tools.linux_11.7.1.202301190959/tools/bin/../lib/gcc/arm-none-eabi/10.3.1/thumb/v8-m.main+fp/hard/libgcc.a(_arm_addsubdf3.o)
                              /usr/local/mcuxpressoide-11.7.1_9221/ide/plugins/com.nxp.mcuxpresso.tools.linux_11.7.1.202301190959/tools/bin/../lib/gcc/arm-none-eabi/10.3.1/thumb/v8-m.main+fp/hard/libgcc.a(_fixunssfdi.o) (__aeabi_dsub)
/usr/local/mcuxpressoide-11.7.1_9221/ide/plugins/com.nxp.mcuxpresso.tools.linux_11.7.1.202301190959/tools/bin/../lib/gcc/arm-none-eabi/10.3.1/thumb/v8-m.main+fp/hard/libgcc.a(_arm_fixunsdfsi.o)
                              /usr/local/mcuxpressoide-11.7.1_9221/ide/plugins/com.nxp.mcuxpresso.tools.linux_11.7.1.202301190959/tools/bin/../lib/gcc/arm-none-eabi/10.3.1/thumb/v8-m.main+fp/hard/libgcc.a(_fixunssfdi.o) (__aeabi_d2uiz)
/usr/local/mcuxpressoide-11.7.1_9221/ide/plugins/com.nxp.mcuxpresso.tools.linux_11.7.1.202301190959/tools/bin/../lib/gcc/arm-none-eabi/10.3.1/../../../../arm-none-eabi/lib/thumb/v8-m.main+fp/hard/libc_nano.a(lib_a-errno.o)
                              ./utilities/fsl_str.o (__errno)
/usr/local/mcuxpressoide-11.7.1_9221/ide/plugins/com.nxp.mcuxpresso.tools.linux_11.7.1.202301190959/tools/bin/../lib/gcc/arm-none-eabi/10.3.1/../../../../arm-none-eabi/lib/thumb/v8-m.main+fp/hard/libc_nano.a(lib_a-impure.o)
                              /usr/local/mcuxpressoide-11.7.1_9221/ide/plugins/com.nxp.mcuxpresso.tools.linux_11.7.1.202301190959/tools/bin/../lib/gcc/arm-none-eabi/10.3.1/../../../../arm-none-eabi/lib/thumb/v8-m.main+fp/hard/libc_nano.a(lib_a-errno.o) (_impure_ptr)
/usr/local/mcuxpressoide-11.7.1_9221/ide/plugins/com.nxp.mcuxpresso.tools.linux_11.7.1.202301190959/tools/bin/../lib/gcc/arm-none-eabi/10.3.1/../../../../arm-none-eabi/lib/thumb/v8-m.main+fp/hard/libc_nano.a(lib_a-malloc.o)
                              ./drivers/fsl_common.o (malloc)
/usr/local/mcuxpressoide-11.7.1_9221/ide/plugins/com.nxp.mcuxpresso.tools.linux_11.7.1.202301190959/tools/bin/../lib/gcc/arm-none-eabi/10.3.1/../../../../arm-none-eabi/lib/thumb/v8-m.main+fp/hard/libc_nano.a(lib_a-memcpy-stub.o)
                              ./utilities/fsl_debug_console.o (memcpy)
/usr/local/mcuxpressoide-11.7.1_9221/ide/plugins/com.nxp.mcuxpresso.tools.linux_11.7.1.202301190959/tools/bin/../lib/gcc/arm-none-eabi/10.3.1/../../../../arm-none-eabi/lib/thumb/v8-m.main+fp/hard/libc_nano.a(lib_a-memset.o)
                              ./drivers/fsl_clock.o (memset)
/usr/local/mcuxpressoide-11.7.1_9221/ide/plugins/com.nxp.mcuxpresso.tools.linux_11.7.1.202301190959/tools/bin/../lib/gcc/arm-none-eabi/10.3.1/../../../../arm-none-eabi/lib/thumb/v8-m.main+fp/hard/libc_nano.a(lib_a-nano-freer.o)
                              /usr/local/mcuxpressoide-11.7.1_9221/ide/plugins/com.nxp.mcuxpresso.tools.linux_11.7.1.202301190959/tools/bin/../lib/gcc/arm-none-eabi/10.3.1/../../../../arm-none-eabi/lib/thumb/v8-m.main+fp/hard/libc_nano.a(lib_a-malloc.o) (_free_r)
[...]
Memory Configuration

Name             Origin             Length             Attributes
PROGRAM_FLASH    0x0000000000010000 0x0000000000072000 xr
Ram0             0x0000000020008000 0x000000000002b000 xrw
*default*        0x0000000000000000 0xffffffffffffffff

Linker script and memory map

LOAD ./utilities/fsl_assert.o
LOAD ./utilities/fsl_debug_console.o
LOAD ./utilities/fsl_str.o
LOAD ./startup/boot_multicore_slave.o
LOAD ./startup/startup_lpc55s69_cm33_core0.o
LOAD ./source/hello_world_ns.o
LOAD ./source/semihost_hardfault.o
LOAD ./drivers/fsl_clock.o
LOAD ./drivers/fsl_common.o
LOAD ./drivers/fsl_common_arm.o
LOAD ./drivers/fsl_dma.o
LOAD ./drivers/fsl_flexcomm.o
LOAD ./drivers/fsl_gpio.o
LOAD ./drivers/fsl_i2c.o
LOAD ./drivers/fsl_power.o
LOAD ./drivers/fsl_reset.o
LOAD ./drivers/fsl_usart.o
LOAD ./device/system_LPC55S69_cm33_core0.o
LOAD ./component/uart/fsl_adapter_usart.o
LOAD ./component/serial_manager/fsl_component_serial_manager.o
LOAD ./component/serial_manager/fsl_component_serial_port_uart.o
LOAD ./component/lists/fsl_component_generic_list.o
LOAD ./board/board.o
LOAD ./board/clock_config.o
LOAD ./board/peripherals.o
LOAD ./board/pin_mux.o
LOAD /home/cris/Documents/0_Projects/uarchs_paper/LPC55S69_DMA_Covert_Channel/src/lpcxpresso55s69_hello_world_s/Debug/lpcxpresso55s69_hello_world_s_CMSE_lib.o
START GROUP
LOAD /usr/local/mcuxpressoide-11.7.1_9221/ide/plugins/com.nxp.mcuxpresso.tools.linux_11.7.1.202301190959/tools/bin/../lib/gcc/arm-none-eabi/10.3.1/thumb/v8-m.main+fp/hard/libgcc.a
LOAD /usr/local/mcuxpressoide-11.7.1_9221/ide/plugins/com.nxp.mcuxpresso.tools.linux_11.7.1.202301190959/tools/bin/../lib/gcc/arm-none-eabi/10.3.1/../../../../arm-none-eabi/lib/thumb/v8-m.main+fp/hard/libc_nano.a
LOAD /usr/local/mcuxpressoide-11.7.1_9221/ide/plugins/com.nxp.mcuxpresso.tools.linux_11.7.1.202301190959/tools/bin/../lib/gcc/arm-none-eabi/10.3.1/../../../../arm-none-eabi/lib/thumb/v8-m.main+fp/hard/libm.a
LOAD /usr/local/mcuxpressoide-11.7.1_9221/ide/plugins/com.nxp.mcuxpresso.tools.linux_11.7.1.202301190959/tools/bin/../lib/gcc/arm-none-eabi/10.3.1/../../../../arm-none-eabi/lib/thumb/v8-m.main+fp/hard/libcr_newlib_nohost.a
END GROUP
                0x0000000000010000                __base_PROGRAM_FLASH = 0x10000
                0x0000000000010000                __base_Flash = 0x10000
                0x0000000000082000                __top_PROGRAM_FLASH = 0x82000
                0x0000000000082000                __top_Flash = 0x82000
                0x0000000020008000                __base_Ram0 = 0x20008000
                0x0000000020008000                __base_RAM = 0x20008000
                0x0000000020033000                __top_Ram0 = 0x20033000
                0x0000000020033000                __top_RAM = 0x20033000

.text           0x0000000000010000     0x2f8c
 FILL mask 0xff
                0x0000000000010000                __vectors_start__ = ABSOLUTE (.)
 *(SORT_BY_ALIGNMENT(.isr_vector))
 .isr_vector    0x0000000000010000      0x130 ./startup/startup_lpc55s69_cm33_core0.o
                0x0000000000010000                __Vectors
                0x0000000000010000                g_pfnVectors
                0x0000000000010130                . = ALIGN (0x4)
                0x0000000000010130                __section_table_start = .
                0x0000000000010130                __data_section_table = .
                0x0000000000010130        0x4 LONG 0x12f8c LOADADDR (.data)
                0x0000000000010134        0x4 LONG 0x20008000 ADDR (.data)
                0x0000000000010138        0x4 LONG 0x70 SIZEOF (.data)
                0x000000000001013c                __data_section_table_end = .
                0x000000000001013c                __bss_section_table = .
                0x000000000001013c        0x4 LONG 0x20008200 ADDR (.bss)
                0x0000000000010140        0x4 LONG 0x540 SIZEOF (.bss)
                0x0000000000010144                __bss_section_table_end = .
                0x0000000000010144                __section_table_end = .
 *(SORT_BY_ALIGNMENT(.after_vectors*))
 .after_vectors.reset
                0x0000000000010144       0x68 ./startup/startup_lpc55s69_cm33_core0.o
                0x0000000000010144                ResetISR
 .after_vectors.init_data
                0x00000000000101ac       0x1e ./startup/startup_lpc55s69_cm33_core0.o
                0x00000000000101ac                data_init
 .after_vectors.init_bss
                0x00000000000101ca       0x12 ./startup/startup_lpc55s69_cm33_core0.o
                0x00000000000101ca                bss_init
 .after_vectors
                0x00000000000101dc       0x16 ./startup/startup_lpc55s69_cm33_core0.o
                0x00000000000101dc                NMI_Handler
                0x00000000000101de                HardFault_Handler
                0x00000000000101e0                MemManage_Handler
                0x00000000000101e2                BusFault_Handler
                0x00000000000101e4                UsageFault_Handler
                0x00000000000101e6                SecureFault_Handler
                0x00000000000101e8                SVC_Handler
                0x00000000000101ea                DebugMon_Handler
                0x00000000000101ec                PendSV_Handler
                0x00000000000101ee                SysTick_Handler
                0x00000000000101f0                Reserved39_DriverIRQHandler
                0x00000000000101f0                Reserved42_DriverIRQHandler
                0x00000000000101f0                SEC_VIO_DriverIRQHandler
                0x00000000000101f0                PIN_INT3_DriverIRQHandler
                0x00000000000101f0                PIN_INT2_DriverIRQHandler
                0x00000000000101f0                Reserved56_DriverIRQHandler
                0x00000000000101f0                PIN_INT0_DriverIRQHandler
                0x00000000000101f0                CTIMER2_DriverIRQHandler
                0x00000000000101f0                IntDefaultHandler
                0x00000000000101f0                USB0_DriverIRQHandler
                0x00000000000101f0                CASER_DriverIRQHandler
                0x00000000000101f0                MRT0_DriverIRQHandler
                0x00000000000101f0                UTICK0_DriverIRQHandler
                0x00000000000101f0                Reserved41_DriverIRQHandler
                0x00000000000101f0                PIN_INT4_DriverIRQHandler
                0x00000000000101f0                PIN_INT5_DriverIRQHandler
                0x00000000000101f0                SEC_GPIO_INT0_IRQ0_DriverIRQHandler
                0x00000000000101f0                CTIMER4_DriverIRQHandler
                0x00000000000101f0                GINT1_DriverIRQHandler
                0x00000000000101f0                PIN_INT7_DriverIRQHandler
                0x00000000000101f0                Reserved55_DriverIRQHandler
                0x00000000000101f0                HASHCRYPT_DriverIRQHandler
                0x00000000000101f0                USB0_NEEDCLK_DriverIRQHandler
                0x00000000000101f0                CTIMER0_DriverIRQHandler
                0x00000000000101f0                CTIMER1_DriverIRQHandler
                0x00000000000101f0                PIN_INT6_DriverIRQHandler
                0x00000000000101f0                PQ_DriverIRQHandler
                0x00000000000101f0                MAILBOX_DriverIRQHandler
                0x00000000000101f0                PIN_INT1_DriverIRQHandler
                0x00000000000101f0                CTIMER3_DriverIRQHandler
                0x00000000000101f0                Reserved61_DriverIRQHandler
                0x00000000000101f0                SEC_GPIO_INT0_IRQ1_DriverIRQHandler
                0x00000000000101f0                PUF_DriverIRQHandler
                0x00000000000101f0                RTC_DriverIRQHandler
                0x00000000000101f0                USB1_DriverIRQHandler
                0x00000000000101f0                Reserved60_DriverIRQHandler
                0x00000000000101f0                ADC0_DriverIRQHandler
                0x00000000000101f0                USB1_NEEDCLK_DriverIRQHandler
                0x00000000000101f0                Reserved59_DriverIRQHandler
                0x00000000000101f0                SDIO_DriverIRQHandler
                0x00000000000101f0                GINT0_DriverIRQHandler
                0x00000000000101f0                USB1_PHY_DriverIRQHandler
                0x00000000000101f0                ACMP_DriverIRQHandler
                0x00000000000101f0                Reserved57_DriverIRQHandler
                0x00000000000101f0                Reserved46_DriverIRQHandler
                0x00000000000101f0                WDT_BOD_DriverIRQHandler
                0x00000000000101f0                SCT0_DriverIRQHandler
                0x00000000000101f0                PLU_DriverIRQHandler
                0x00000000000101f0                OS_EVENT_DriverIRQHandler
                0x00000000000101f0                SEC_HYPERVISOR_CALL_DriverIRQHandler
 *(SORT_BY_ALIGNMENT(.text*))
 *fill*         0x00000000000101f2        0x2 ff
 .text.__assert_func
                0x00000000000101f4       0x28 ./utilities/fsl_assert.o
                0x00000000000101f4                __assert_func
 .text.DbgConsole_Vprintf
                0x000000000001021c       0x3c ./utilities/fsl_debug_console.o
                0x000000000001021c                DbgConsole_Vprintf
 .text.DbgConsole_Putchar
                0x0000000000010258       0x30 ./utilities/fsl_debug_console.o
                0x0000000000010258                DbgConsole_Putchar
 .text.DbgConsole_PrintfFormattedData
                0x0000000000010288      0x3e0 ./utilities/fsl_debug_console.o
 .text.POWER_SetBodVbatLevel
                0x0000000000010668       0x58 ./source/hello_world_ns.o
 .text.DMA_EnableChannel
                0x00000000000106c0       0x68 ./source/hello_world_ns.o
 .text.trojan   0x0000000000010728       0x58 ./source/hello_world_ns.o
                0x0000000000010728                trojan
 .text.DMA_Callback
                0x0000000000010780       0xe0 ./source/hello_world_ns.o
                0x0000000000010780                DMA_Callback
 .text.config_DMA_M2M
                0x0000000000010860      0x124 ./source/hello_world_ns.o
                0x0000000000010860                config_DMA_M2M
 .text.covert_channel
                0x0000000000010984       0x44 ./source/hello_world_ns.o
                0x0000000000010984                covert_channel
 .text.main     0x00000000000109c8       0x34 ./source/hello_world_ns.o
                0x00000000000109c8                main
 .text.__NVIC_EnableIRQ
                0x00000000000109fc       0x3c ./drivers/fsl_dma.o
 .text.DMA_ChannelIsActive
                0x0000000000010a38       0x60 ./drivers/fsl_dma.o
 .text.DMA_EnableChannelInterrupts
                0x0000000000010a98       0x68 ./drivers/fsl_dma.o
 .text.DMA_EnableChannel
                0x0000000000010b00       0x68 ./drivers/fsl_dma.o
 .text.DMA_GetInstance
                0x0000000000010b68       0x58 ./drivers/fsl_dma.o
 .text.DMA_Init
                0x0000000000010bc0       0x68 ./drivers/fsl_dma.o
                0x0000000000010bc0                DMA_Init
 .text.DMA_Deinit
                0x0000000000010c28       0x34 ./drivers/fsl_dma.o
                0x0000000000010c28                DMA_Deinit
 .text.DMA_SetupDescriptor
                0x0000000000010c5c      0x134 ./drivers/fsl_dma.o
                0x0000000000010c5c                DMA_SetupDescriptor
 .text.DMA_SetupChannelDescriptor
                0x0000000000010d90      0x220 ./drivers/fsl_dma.o
                0x0000000000010d90                DMA_SetupChannelDescriptor
 .text.DMA_CreateHandle
                0x0000000000010fb0       0x98 ./drivers/fsl_dma.o
                0x0000000000010fb0                DMA_CreateHandle
 .text.DMA_SetCallback
                0x0000000000011048       0x40 ./drivers/fsl_dma.o
                0x0000000000011048                DMA_SetCallback
 .text.DMA_SetChannelConfig
                0x0000000000011088       0x94 ./drivers/fsl_dma.o
                0x0000000000011088                DMA_SetChannelConfig
 .text.DMA_PrepareChannelTransfer
                0x000000000001111c       0xb8 ./drivers/fsl_dma.o
                0x000000000001111c                DMA_PrepareChannelTransfer
 .text.DMA_SubmitChannelTransfer
                0x00000000000111d4      0x10c ./drivers/fsl_dma.o
                0x00000000000111d4                DMA_SubmitChannelTransfer
 .text.DMA_StartTransfer
                0x00000000000112e0       0x98 ./drivers/fsl_dma.o
                0x00000000000112e0                DMA_StartTransfer
 .text.DMA_IRQHandle
                0x0000000000011378      0x1c4 ./drivers/fsl_dma.o
                0x0000000000011378                DMA_IRQHandle
 .text.DMA0_DriverIRQHandler
                0x000000000001153c       0x14 ./drivers/fsl_dma.o
                0x000000000001153c                DMA0_DriverIRQHandler
 .text.DMA1_DriverIRQHandler
                0x0000000000011550       0x14 ./drivers/fsl_dma.o
                0x0000000000011550                DMA1_DriverIRQHandler
 .text.FLEXCOMM_GetInstance
                0x0000000000011564       0x5c ./drivers/fsl_flexcomm.o
                0x0000000000011564                FLEXCOMM_GetInstance
 .text.FLEXCOMM0_DriverIRQHandler
                0x00000000000115c0       0x68 ./drivers/fsl_flexcomm.o
                0x00000000000115c0                FLEXCOMM0_DriverIRQHandler
 .text.FLEXCOMM1_DriverIRQHandler
                0x0000000000011628       0x68 ./drivers/fsl_flexcomm.o
                0x0000000000011628                FLEXCOMM1_DriverIRQHandler
 .text.FLEXCOMM2_DriverIRQHandler
                0x0000000000011690       0x68 ./drivers/fsl_flexcomm.o
                0x0000000000011690                FLEXCOMM2_DriverIRQHandler
 .text.FLEXCOMM3_DriverIRQHandler
                0x00000000000116f8       0x68 ./drivers/fsl_flexcomm.o
                0x00000000000116f8                FLEXCOMM3_DriverIRQHandler
 .text.FLEXCOMM4_DriverIRQHandler
                0x0000000000011760       0x68 ./drivers/fsl_flexcomm.o
                0x0000000000011760                FLEXCOMM4_DriverIRQHandler
 .text.FLEXCOMM5_DriverIRQHandler
                0x00000000000117c8       0x68 ./drivers/fsl_flexcomm.o
                0x00000000000117c8                FLEXCOMM5_DriverIRQHandler
 .text.FLEXCOMM6_DriverIRQHandler
                0x0000000000011830       0x6c ./drivers/fsl_flexcomm.o
                0x0000000000011830                FLEXCOMM6_DriverIRQHandler
 .text.FLEXCOMM7_DriverIRQHandler
                0x000000000001189c       0x6c ./drivers/fsl_flexcomm.o
                0x000000000001189c                FLEXCOMM7_DriverIRQHandler
 .text.FLEXCOMM8_DriverIRQHandler
                0x0000000000011908       0x6c ./drivers/fsl_flexcomm.o
                0x0000000000011908                FLEXCOMM8_DriverIRQHandler
 .text.RESET_SetPeripheralReset
                0x0000000000011974       0x6c ./drivers/fsl_reset.o
                0x0000000000011974                RESET_SetPeripheralReset
 .text.RESET_ClearPeripheralReset
                0x00000000000119e0       0x6c ./drivers/fsl_reset.o
                0x00000000000119e0                RESET_ClearPeripheralReset
 .text.__errno  0x0000000000011a4c        0xc /usr/local/mcuxpressoide-11.7.1_9221/ide/plugins/com.nxp.mcuxpresso.tools.linux_11.7.1.202301190959/tools/bin/../lib/gcc/arm-none-eabi/10.3.1/../../../../arm-none-eabi/lib/thumb/v8-m.main+fp/hard/libc_nano.a(lib_a-errno.o)
                0x0000000000011a4c                __errno
 .text._free_r  0x0000000000011a58       0x98 /usr/local/mcuxpressoide-11.7.1_9221/ide/plugins/com.nxp.mcuxpresso.tools.linux_11.7.1.202301190959/tools/bin/../lib/gcc/arm-none-eabi/10.3.1/../../../../arm-none-eabi/lib/thumb/v8-m.main+fp/hard/libc_nano.a(lib_a-nano-freer.o)
                0x0000000000011a58                _free_r
 .text.sbrk_aligned
                0x0000000000011af0       0x40 /usr/local/mcuxpressoide-11.7.1_9221/ide/plugins/com.nxp.mcuxpresso.tools.linux_11.7.1.202301190959/tools/bin/../lib/gcc/arm-none-eabi/10.3.1/../../../../arm-none-eabi/lib/thumb/v8-m.main+fp/hard/libc_nano.a(lib_a-nano-mallocr.o)
 .text._malloc_r
                0x0000000000011b30       0xe8 /usr/local/mcuxpressoide-11.7.1_9221/ide/plugins/com.nxp.mcuxpresso.tools.linux_11.7.1.202301190959/tools/bin/../lib/gcc/arm-none-eabi/10.3.1/../../../../arm-none-eabi/lib/thumb/v8-m.main+fp/hard/libc_nano.a(lib_a-nano-mallocr.o)
                0x0000000000011b30                _malloc_r
 .text._sbrk_r  0x0000000000011c18       0x20 /usr/local/mcuxpressoide-11.7.1_9221/ide/plugins/com.nxp.mcuxpresso.tools.linux_11.7.1.202301190959/tools/bin/../lib/gcc/arm-none-eabi/10.3.1/../../../../arm-none-eabi/lib/thumb/v8-m.main+fp/hard/libc_nano.a(lib_a-sbrkr.o)
                0x0000000000011c18                _sbrk_r
 .text.sprintf  0x0000000000011c38       0x40 /usr/local/mcuxpressoide-11.7.1_9221/ide/plugins/com.nxp.mcuxpresso.tools.linux_11.7.1.202301190959/tools/bin/../lib/gcc/arm-none-eabi/10.3.1/../../../../arm-none-eabi/lib/thumb/v8-m.main+fp/hard/libc_nano.a(lib_a-sprintf.o)
                0x0000000000011c38                sprintf
                0x0000000000011c38                siprintf
 .text.__malloc_lock
                0x0000000000011c78        0xc /usr/local/mcuxpressoide-11.7.1_9221/ide/plugins/com.nxp.mcuxpresso.tools.linux_11.7.1.202301190959/tools/bin/../lib/gcc/arm-none-eabi/10.3.1/../../../../arm-none-eabi/lib/thumb/v8-m.main+fp/hard/libc_nano.a(lib_a-mlock.o)
                0x0000000000011c78                __malloc_lock
 .text.__malloc_unlock
                0x0000000000011c84        0xc /usr/local/mcuxpressoide-11.7.1_9221/ide/plugins/com.nxp.mcuxpresso.tools.linux_11.7.1.202301190959/tools/bin/../lib/gcc/arm-none-eabi/10.3.1/../../../../arm-none-eabi/lib/thumb/v8-m.main+fp/hard/libc_nano.a(lib_a-mlock.o)
                0x0000000000011c84                __malloc_unlock
 .text._svfprintf_r
                0x0000000000011c90      0x200 /usr/local/mcuxpressoide-11.7.1_9221/ide/plugins/com.nxp.mcuxpresso.tools.linux_11.7.1.202301190959/tools/bin/../lib/gcc/arm-none-eabi/10.3.1/../../../../arm-none-eabi/lib/thumb/v8-m.main+fp/hard/libc_nano.a(lib_a-nano-svfprintf.o)
                0x0000000000011c90                _svfprintf_r
                0x0000000000011c90                _svfiprintf_r
 .text._printf_i
                0x0000000000011e90      0x24c /usr/local/mcuxpressoide-11.7.1_9221/ide/plugins/com.nxp.mcuxpresso.tools.linux_11.7.1.202301190959/tools/bin/../lib/gcc/arm-none-eabi/10.3.1/../../../../arm-none-eabi/lib/thumb/v8-m.main+fp/hard/libc_nano.a(lib_a-nano-vfprintf_i.o)
                0x0000000000011e90                _printf_i
 .text._sbrk    0x00000000000120dc       0x3c /usr/local/mcuxpressoide-11.7.1_9221/ide/plugins/com.nxp.mcuxpresso.tools.linux_11.7.1.202301190959/tools/bin/../lib/gcc/arm-none-eabi/10.3.1/../../../../arm-none-eabi/lib/thumb/v8-m.main+fp/hard/libcr_newlib_nohost.a(_cr_sbrk.o)
                0x00000000000120dc                _sbrk
 .text.__check_heap_overflow
                0x0000000000012118       0x18 /usr/local/mcuxpressoide-11.7.1_9221/ide/plugins/com.nxp.mcuxpresso.tools.linux_11.7.1.202301190959/tools/bin/../lib/gcc/arm-none-eabi/10.3.1/../../../../arm-none-eabi/lib/thumb/v8-m.main+fp/hard/libcr_newlib_nohost.a(_cr_check_heap.o)
                0x0000000000012118                __check_heap_overflow
 .text.DbgConsole_Printf
                0x0000000000012130       0x2c ./utilities/fsl_debug_console.o
                0x0000000000012130                DbgConsole_Printf
 .text.DbgConsole_PrintfPaddingCharacter
                0x000000000001215c       0x40 ./utilities/fsl_debug_console.o
 .text.DbgConsole_ConvertRadixNumToString
                0x000000000001219c       0xc2 ./utilities/fsl_debug_console.o
 .text.WDT_BOD_IRQHandler
                0x000000000001225e        0x8 ./startup/startup_lpc55s69_cm33_core0.o
                0x000000000001225e                WDT_BOD_IRQHandler
 .text.DMA0_IRQHandler
                0x0000000000012266        0x8 ./startup/startup_lpc55s69_cm33_core0.o
                0x0000000000012266                DMA0_IRQHandler
 .text.GINT0_IRQHandler
                0x000000000001226e        0x8 ./startup/startup_lpc55s69_cm33_core0.o
                0x000000000001226e                GINT0_IRQHandler
 .text.GINT1_IRQHandler
                0x0000000000012276        0x8 ./startup/startup_lpc55s69_cm33_core0.o
                0x0000000000012276                GINT1_IRQHandler
 .text.PIN_INT0_IRQHandler
                0x000000000001227e        0x8 ./startup/startup_lpc55s69_cm33_core0.o
                0x000000000001227e                PIN_INT0_IRQHandler
 .text.PIN_INT1_IRQHandler
                0x0000000000012286        0x8 ./startup/startup_lpc55s69_cm33_core0.o
                0x0000000000012286                PIN_INT1_IRQHandler
 .text.PIN_INT2_IRQHandler
                0x000000000001228e        0x8 ./startup/startup_lpc55s69_cm33_core0.o
                0x000000000001228e                PIN_INT2_IRQHandler
 .text.PIN_INT3_IRQHandler
                0x0000000000012296        0x8 ./startup/startup_lpc55s69_cm33_core0.o
                0x0000000000012296                PIN_INT3_IRQHandler
 .text.UTICK0_IRQHandler
                0x000000000001229e        0x8 ./startup/startup_lpc55s69_cm33_core0.o
                0x000000000001229e                UTICK0_IRQHandler
 .text.MRT0_IRQHandler
                0x00000000000122a6        0x8 ./startup/startup_lpc55s69_cm33_core0.o
                0x00000000000122a6                MRT0_IRQHandler
 .text.CTIMER0_IRQHandler
                0x00000000000122ae        0x8 ./startup/startup_lpc55s69_cm33_core0.o
                0x00000000000122ae                CTIMER0_IRQHandler
 .text.CTIMER1_IRQHandler
                0x00000000000122b6        0x8 ./startup/startup_lpc55s69_cm33_core0.o
                0x00000000000122b6                CTIMER1_IRQHandler
 .text.SCT0_IRQHandler
                0x00000000000122be        0x8 ./startup/startup_lpc55s69_cm33_core0.o
                0x00000000000122be                SCT0_IRQHandler
 .text.CTIMER3_IRQHandler
                0x00000000000122c6        0x8 ./startup/startup_lpc55s69_cm33_core0.o
                0x00000000000122c6                CTIMER3_IRQHandler
 .text.FLEXCOMM0_IRQHandler
                0x00000000000122ce        0x8 ./startup/startup_lpc55s69_cm33_core0.o
                0x00000000000122ce                FLEXCOMM0_IRQHandler
 .text.FLEXCOMM1_IRQHandler
                0x00000000000122d6        0x8 ./startup/startup_lpc55s69_cm33_core0.o
                0x00000000000122d6                FLEXCOMM1_IRQHandler
 .text.FLEXCOMM2_IRQHandler
                0x00000000000122de        0x8 ./startup/startup_lpc55s69_cm33_core0.o
                0x00000000000122de                FLEXCOMM2_IRQHandler
 .text.FLEXCOMM3_IRQHandler
                0x00000000000122e6        0x8 ./startup/startup_lpc55s69_cm33_core0.o
                0x00000000000122e6                FLEXCOMM3_IRQHandler
 .text.FLEXCOMM4_IRQHandler
                0x00000000000122ee        0x8 ./startup/startup_lpc55s69_cm33_core0.o
                0x00000000000122ee                FLEXCOMM4_IRQHandler
 .text.FLEXCOMM5_IRQHandler
                0x00000000000122f6        0x8 ./startup/startup_lpc55s69_cm33_core0.o
                0x00000000000122f6                FLEXCOMM5_IRQHandler
 .text.FLEXCOMM6_IRQHandler
                0x00000000000122fe        0x8 ./startup/startup_lpc55s69_cm33_core0.o
                0x00000000000122fe                FLEXCOMM6_IRQHandler
 .text.FLEXCOMM7_IRQHandler
                0x0000000000012306        0x8 ./startup/startup_lpc55s69_cm33_core0.o
                0x0000000000012306                FLEXCOMM7_IRQHandler
 .text.ADC0_IRQHandler
                0x000000000001230e        0x8 ./startup/startup_lpc55s69_cm33_core0.o
                0x000000000001230e                ADC0_IRQHandler
 .text.Reserved39_IRQHandler
                0x0000000000012316        0x8 ./startup/startup_lpc55s69_cm33_core0.o
                0x0000000000012316                Reserved39_IRQHandler
 .text.ACMP_IRQHandler
                0x000000000001231e        0x8 ./startup/startup_lpc55s69_cm33_core0.o
                0x000000000001231e                ACMP_IRQHandler
 .text.Reserved41_IRQHandler
                0x0000000000012326        0x8 ./startup/startup_lpc55s69_cm33_core0.o
                0x0000000000012326                Reserved41_IRQHandler
 .text.Reserved42_IRQHandler
                0x000000000001232e        0x8 ./startup/startup_lpc55s69_cm33_core0.o
                0x000000000001232e                Reserved42_IRQHandler
 .text.USB0_NEEDCLK_IRQHandler
                0x0000000000012336        0x8 ./startup/startup_lpc55s69_cm33_core0.o
                0x0000000000012336                USB0_NEEDCLK_IRQHandler
 .text.USB0_IRQHandler
                0x000000000001233e        0x8 ./startup/startup_lpc55s69_cm33_core0.o
                0x000000000001233e                USB0_IRQHandler
 .text.RTC_IRQHandler
                0x0000000000012346        0x8 ./startup/startup_lpc55s69_cm33_core0.o
                0x0000000000012346                RTC_IRQHandler
 .text.Reserved46_IRQHandler
                0x000000000001234e        0x8 ./startup/startup_lpc55s69_cm33_core0.o
                0x000000000001234e                Reserved46_IRQHandler
 .text.MAILBOX_IRQHandler
                0x0000000000012356        0x8 ./startup/startup_lpc55s69_cm33_core0.o
                0x0000000000012356                MAILBOX_IRQHandler
 .text.PIN_INT4_IRQHandler
                0x000000000001235e        0x8 ./startup/startup_lpc55s69_cm33_core0.o
                0x000000000001235e                PIN_INT4_IRQHandler
 .text.PIN_INT5_IRQHandler
                0x0000000000012366        0x8 ./startup/startup_lpc55s69_cm33_core0.o
                0x0000000000012366                PIN_INT5_IRQHandler
 .text.PIN_INT6_IRQHandler
                0x000000000001236e        0x8 ./startup/startup_lpc55s69_cm33_core0.o
                0x000000000001236e                PIN_INT6_IRQHandler
 .text.PIN_INT7_IRQHandler
                0x0000000000012376        0x8 ./startup/startup_lpc55s69_cm33_core0.o
                0x0000000000012376                PIN_INT7_IRQHandler
 .text.CTIMER2_IRQHandler
                0x000000000001237e        0x8 ./startup/startup_lpc55s69_cm33_core0.o
                0x000000000001237e                CTIMER2_IRQHandler
 .text.CTIMER4_IRQHandler
                0x0000000000012386        0x8 ./startup/startup_lpc55s69_cm33_core0.o
                0x0000000000012386                CTIMER4_IRQHandler
 .text.OS_EVENT_IRQHandler
                0x000000000001238e        0x8 ./startup/startup_lpc55s69_cm33_core0.o
                0x000000000001238e                OS_EVENT_IRQHandler
 .text.Reserved55_IRQHandler
                0x0000000000012396        0x8 ./startup/startup_lpc55s69_cm33_core0.o
                0x0000000000012396                Reserved55_IRQHandler
 .text.Reserved56_IRQHandler
                0x000000000001239e        0x8 ./startup/startup_lpc55s69_cm33_core0.o
                0x000000000001239e                Reserved56_IRQHandler
 .text.Reserved57_IRQHandler
                0x00000000000123a6        0x8 ./startup/startup_lpc55s69_cm33_core0.o
                0x00000000000123a6                Reserved57_IRQHandler
 .text.SDIO_IRQHandler
                0x00000000000123ae        0x8 ./startup/startup_lpc55s69_cm33_core0.o
                0x00000000000123ae                SDIO_IRQHandler
 .text.Reserved59_IRQHandler
                0x00000000000123b6        0x8 ./startup/startup_lpc55s69_cm33_core0.o
                0x00000000000123b6                Reserved59_IRQHandler
 .text.Reserved60_IRQHandler
                0x00000000000123be        0x8 ./startup/startup_lpc55s69_cm33_core0.o
                0x00000000000123be                Reserved60_IRQHandler
 .text.Reserved61_IRQHandler
                0x00000000000123c6        0x8 ./startup/startup_lpc55s69_cm33_core0.o
                0x00000000000123c6                Reserved61_IRQHandler
 .text.USB1_PHY_IRQHandler
                0x00000000000123ce        0x8 ./startup/startup_lpc55s69_cm33_core0.o
                0x00000000000123ce                USB1_PHY_IRQHandler
 .text.USB1_IRQHandler
                0x00000000000123d6        0x8 ./startup/startup_lpc55s69_cm33_core0.o
                0x00000000000123d6                USB1_IRQHandler
 .text.USB1_NEEDCLK_IRQHandler
                0x00000000000123de        0x8 ./startup/startup_lpc55s69_cm33_core0.o
                0x00000000000123de                USB1_NEEDCLK_IRQHandler
 .text.SEC_HYPERVISOR_CALL_IRQHandler
                0x00000000000123e6        0x8 ./startup/startup_lpc55s69_cm33_core0.o
                0x00000000000123e6                SEC_HYPERVISOR_CALL_IRQHandler
 .text.SEC_GPIO_INT0_IRQ0_IRQHandler
                0x00000000000123ee        0x8 ./startup/startup_lpc55s69_cm33_core0.o
                0x00000000000123ee                SEC_GPIO_INT0_IRQ0_IRQHandler
 .text.SEC_GPIO_INT0_IRQ1_IRQHandler
                0x00000000000123f6        0x8 ./startup/startup_lpc55s69_cm33_core0.o
                0x00000000000123f6                SEC_GPIO_INT0_IRQ1_IRQHandler
 .text.PLU_IRQHandler
                0x00000000000123fe        0x8 ./startup/startup_lpc55s69_cm33_core0.o
                0x00000000000123fe                PLU_IRQHandler
 .text.SEC_VIO_IRQHandler
                0x0000000000012406        0x8 ./startup/startup_lpc55s69_cm33_core0.o
                0x0000000000012406                SEC_VIO_IRQHandler
 .text.HASHCRYPT_IRQHandler
                0x000000000001240e        0x8 ./startup/startup_lpc55s69_cm33_core0.o
                0x000000000001240e                HASHCRYPT_IRQHandler
 .text.CASER_IRQHandler
                0x0000000000012416        0x8 ./startup/startup_lpc55s69_cm33_core0.o
                0x0000000000012416                CASER_IRQHandler
 .text.PUF_IRQHandler
                0x000000000001241e        0x8 ./startup/startup_lpc55s69_cm33_core0.o
                0x000000000001241e                PUF_IRQHandler
 .text.PQ_IRQHandler
                0x0000000000012426        0x8 ./startup/startup_lpc55s69_cm33_core0.o
                0x0000000000012426                PQ_IRQHandler
 .text.DMA1_IRQHandler
                0x000000000001242e        0x8 ./startup/startup_lpc55s69_cm33_core0.o
                0x000000000001242e                DMA1_IRQHandler
 .text.FLEXCOMM8_IRQHandler
                0x0000000000012436        0x8 ./startup/startup_lpc55s69_cm33_core0.o
                0x0000000000012436                FLEXCOMM8_IRQHandler
 .text.SystemInit
                0x000000000001243e        0xe ./source/hello_world_ns.o
                0x000000000001243e                SystemInit
 .text.CLOCK_EnableClock
                0x000000000001244c       0x30 ./drivers/fsl_dma.o
 .text.CLOCK_DisableClock
                0x000000000001247c       0x30 ./drivers/fsl_dma.o
 .text.EnableIRQ
                0x00000000000124ac       0x32 ./drivers/fsl_dma.o
 .text.DMA_GetVirtualStartChannel
                0x00000000000124de       0x40 ./drivers/fsl_dma.o
 .text.RESET_PeripheralReset
                0x000000000001251e       0x1c ./drivers/fsl_reset.o
                0x000000000001251e                RESET_PeripheralReset
 .text.memcpy   0x000000000001253a       0x1a /usr/local/mcuxpressoide-11.7.1_9221/ide/plugins/com.nxp.mcuxpresso.tools.linux_11.7.1.202301190959/tools/bin/../lib/gcc/arm-none-eabi/10.3.1/../../../../arm-none-eabi/lib/thumb/v8-m.main+fp/hard/libc_nano.a(lib_a-memcpy-stub.o)
                0x000000000001253a                memcpy
 .text.memset   0x0000000000012554       0x10 /usr/local/mcuxpressoide-11.7.1_9221/ide/plugins/com.nxp.mcuxpresso.tools.linux_11.7.1.202301190959/tools/bin/../lib/gcc/arm-none-eabi/10.3.1/../../../../arm-none-eabi/lib/thumb/v8-m.main+fp/hard/libc_nano.a(lib_a-memset.o)
                0x0000000000012554                memset
 .text          0x0000000000012564       0x10 /usr/local/mcuxpressoide-11.7.1_9221/ide/plugins/com.nxp.mcuxpresso.tools.linux_11.7.1.202301190959/tools/bin/../lib/gcc/arm-none-eabi/10.3.1/../../../../arm-none-eabi/lib/thumb/v8-m.main+fp/hard/libc_nano.a(lib_a-strlen.o)
                0x0000000000012564                strlen
 .text.__ssputs_r
                0x0000000000012574       0xb6 /usr/local/mcuxpressoide-11.7.1_9221/ide/plugins/com.nxp.mcuxpresso.tools.linux_11.7.1.202301190959/tools/bin/../lib/gcc/arm-none-eabi/10.3.1/../../../../arm-none-eabi/lib/thumb/v8-m.main+fp/hard/libc_nano.a(lib_a-nano-svfprintf.o)
                0x0000000000012574                __ssputs_r
 .text._printf_common
                0x000000000001262a       0xe0 /usr/local/mcuxpressoide-11.7.1_9221/ide/plugins/com.nxp.mcuxpresso.tools.linux_11.7.1.202301190959/tools/bin/../lib/gcc/arm-none-eabi/10.3.1/../../../../arm-none-eabi/lib/thumb/v8-m.main+fp/hard/libc_nano.a(lib_a-nano-vfprintf_i.o)
                0x000000000001262a                _printf_common
 .text.__retarget_lock_acquire_recursive
                0x000000000001270a        0x2 /usr/local/mcuxpressoide-11.7.1_9221/ide/plugins/com.nxp.mcuxpresso.tools.linux_11.7.1.202301190959/tools/bin/../lib/gcc/arm-none-eabi/10.3.1/../../../../arm-none-eabi/lib/thumb/v8-m.main+fp/hard/libc_nano.a(lib_a-lock.o)
                0x000000000001270a                __retarget_lock_acquire_recursive
 .text.__retarget_lock_release_recursive
                0x000000000001270c        0x2 /usr/local/mcuxpressoide-11.7.1_9221/ide/plugins/com.nxp.mcuxpresso.tools.linux_11.7.1.202301190959/tools/bin/../lib/gcc/arm-none-eabi/10.3.1/../../../../arm-none-eabi/lib/thumb/v8-m.main+fp/hard/libc_nano.a(lib_a-lock.o)
                0x000000000001270c                __retarget_lock_release_recursive
 .text.memchr   0x000000000001270e       0x1c /usr/local/mcuxpressoide-11.7.1_9221/ide/plugins/com.nxp.mcuxpresso.tools.linux_11.7.1.202301190959/tools/bin/../lib/gcc/arm-none-eabi/10.3.1/../../../../arm-none-eabi/lib/thumb/v8-m.main+fp/hard/libc_nano.a(lib_a-memchr-stub.o)
                0x000000000001270e                memchr
 .text.memmove  0x000000000001272a       0x34 /usr/local/mcuxpressoide-11.7.1_9221/ide/plugins/com.nxp.mcuxpresso.tools.linux_11.7.1.202301190959/tools/bin/../lib/gcc/arm-none-eabi/10.3.1/../../../../arm-none-eabi/lib/thumb/v8-m.main+fp/hard/libc_nano.a(lib_a-memmove.o)
                0x000000000001272a                memmove
 .text._realloc_r
                0x000000000001275e       0x5e /usr/local/mcuxpressoide-11.7.1_9221/ide/plugins/com.nxp.mcuxpresso.tools.linux_11.7.1.202301190959/tools/bin/../lib/gcc/arm-none-eabi/10.3.1/../../../../arm-none-eabi/lib/thumb/v8-m.main+fp/hard/libc_nano.a(lib_a-nano-reallocr.o)
                0x000000000001275e                _realloc_r
 .text._malloc_usable_size_r
                0x00000000000127bc       0x10 /usr/local/mcuxpressoide-11.7.1_9221/ide/plugins/com.nxp.mcuxpresso.tools.linux_11.7.1.202301190959/tools/bin/../lib/gcc/arm-none-eabi/10.3.1/../../../../arm-none-eabi/lib/thumb/v8-m.main+fp/hard/libc_nano.a(lib_a-nano-msizer.o)
                0x00000000000127bc                _malloc_usable_size_r
 *fill*         0x00000000000127cc        0x4 ff
 .text._malloc_usable_size_r.__stub
                0x00000000000127d0       0x10 linker stubs
 *(SORT_BY_ALIGNMENT(.rodata) SORT_BY_ALIGNMENT(.rodata.*) SORT_BY_ALIGNMENT(.constdata) SORT_BY_ALIGNMENT(.constdata.*))
 .rodata.__assert_func.str1.4
                0x00000000000127e0       0x3e ./utilities/fsl_assert.o
 *fill*         0x000000000001281e        0x2 ff
 .rodata        0x0000000000012820      0x13c ./source/hello_world_ns.o
 .rodata.__func__.0
                0x000000000001295c       0x12 ./source/hello_world_ns.o
 *fill*         0x000000000001296e        0x2 ff
 .rodata.DMA_ChannelIsActive.str1.4
                0x0000000000012970       0x82 ./drivers/fsl_dma.o
 *fill*         0x00000000000129f2        0x2 ff
 .rodata.s_dmaBases
                0x00000000000129f4        0x8 ./drivers/fsl_dma.o
 .rodata.s_dmaClockName
                0x00000000000129fc        0x4 ./drivers/fsl_dma.o
 .rodata.s_dmaResets
                0x0000000000012a00        0x8 ./drivers/fsl_dma.o
 .rodata.s_dmaIRQNumber
                0x0000000000012a08        0x2 ./drivers/fsl_dma.o
 *fill*         0x0000000000012a0a        0x2 ff
 .rodata.DMA_GetInstance.str1.4
                0x0000000000012a0c       0x2e ./drivers/fsl_dma.o
 *fill*         0x0000000000012a3a        0x2 ff
 .rodata.DMA_SetupDescriptor.str1.4
                0x0000000000012a3c       0x69 ./drivers/fsl_dma.o
 *fill*         0x0000000000012aa5        0x3 ff
 .rodata.DMA_AbortTransfer.str1.4
                0x0000000000012aa8        0xf ./drivers/fsl_dma.o
 *fill*         0x0000000000012ab7        0x1 ff
 .rodata.DMA_CreateHandle.str1.4
                0x0000000000012ab8       0x54 ./drivers/fsl_dma.o
 .rodata.DMA_SetCallback.str1.4
                0x0000000000012b0c        0xf ./drivers/fsl_dma.o
 *fill*         0x0000000000012b1b        0x1 ff
 .rodata.DMA_SetChannelConfig.str1.4
                0x0000000000012b1c       0x31 ./drivers/fsl_dma.o
 *fill*         0x0000000000012b4d        0x3 ff
 .rodata.DMA_PrepareChannelTransfer.str1.4
                0x0000000000012b50       0x45 ./drivers/fsl_dma.o
 *fill*         0x0000000000012b95        0x3 ff
 .rodata.DMA_SubmitChannelTransferParameter.str1.4
                0x0000000000012b98       0x4d ./drivers/fsl_dma.o
                                         0x81 (size before relaxing)
 *fill*         0x0000000000012be5        0x3 ff
 .rodata.DMA_SubmitChannelTransfer.str1.4
                0x0000000000012be8       0x25 ./drivers/fsl_dma.o
 *fill*         0x0000000000012c0d        0x3 ff
 .rodata.DMA_StartTransfer.str1.4
                0x0000000000012c10       0x46 ./drivers/fsl_dma.o
 *fill*         0x0000000000012c56        0x2 ff
 .rodata.__func__.25
                0x0000000000012c58       0x10 ./drivers/fsl_dma.o
 .rodata.__func__.22
                0x0000000000012c68       0x14 ./drivers/fsl_dma.o
 .rodata.__func__.20
                0x0000000000012c7c       0x14 ./drivers/fsl_dma.o
 .rodata.__func__.19
                0x0000000000012c90       0x1b ./drivers/fsl_dma.o
 *fill*         0x0000000000012cab        0x1 ff
 .rodata.__func__.15
                0x0000000000012cac       0x12 ./drivers/fsl_dma.o
 *fill*         0x0000000000012cbe        0x2 ff
 .rodata.__func__.14
                0x0000000000012cc0       0x11 ./drivers/fsl_dma.o
 *fill*         0x0000000000012cd1        0x3 ff
 .rodata.__func__.13
                0x0000000000012cd4       0x1c ./drivers/fsl_dma.o
 .rodata.__func__.12
                0x0000000000012cf0       0x10 ./drivers/fsl_dma.o
 .rodata.__func__.10
                0x0000000000012d00       0x15 ./drivers/fsl_dma.o
 *fill*         0x0000000000012d15        0x3 ff
 .rodata.__func__.9
                0x0000000000012d18       0x1b ./drivers/fsl_dma.o
 *fill*         0x0000000000012d33        0x1 ff
 .rodata.__func__.4
                0x0000000000012d34       0x1a ./drivers/fsl_dma.o
 *fill*         0x0000000000012d4e        0x2 ff
 .rodata.__func__.0
                0x0000000000012d50       0x12 ./drivers/fsl_dma.o
 *fill*         0x0000000000012d62        0x2 ff
 .rodata.s_flexcommBaseAddrs
                0x0000000000012d64       0x24 ./drivers/fsl_flexcomm.o
 .rodata.FLEXCOMM_GetInstance.str1.4
                0x0000000000012d88       0x3f ./drivers/fsl_flexcomm.o
 *fill*         0x0000000000012dc7        0x1 ff
 .rodata.FLEXCOMM0_DriverIRQHandler.str1.4
                0x0000000000012dc8       0x27 ./drivers/fsl_flexcomm.o
 *fill*         0x0000000000012def        0x1 ff
 .rodata.__func__.9
                0x0000000000012df0       0x15 ./drivers/fsl_flexcomm.o
 *fill*         0x0000000000012e05        0x3 ff
 .rodata.__func__.8
                0x0000000000012e08       0x1b ./drivers/fsl_flexcomm.o
 *fill*         0x0000000000012e23        0x1 ff
 .rodata.__func__.7
                0x0000000000012e24       0x1b ./drivers/fsl_flexcomm.o
 *fill*         0x0000000000012e3f        0x1 ff
 .rodata.__func__.6
                0x0000000000012e40       0x1b ./drivers/fsl_flexcomm.o
 *fill*         0x0000000000012e5b        0x1 ff
 .rodata.__func__.5
                0x0000000000012e5c       0x1b ./drivers/fsl_flexcomm.o
 *fill*         0x0000000000012e77        0x1 ff
 .rodata.__func__.4
                0x0000000000012e78       0x1b ./drivers/fsl_flexcomm.o
 *fill*         0x0000000000012e93        0x1 ff
 .rodata.__func__.3
                0x0000000000012e94       0x1b ./drivers/fsl_flexcomm.o
 *fill*         0x0000000000012eaf        0x1 ff
 .rodata.__func__.2
                0x0000000000012eb0       0x1b ./drivers/fsl_flexcomm.o
 *fill*         0x0000000000012ecb        0x1 ff
 .rodata.__func__.1
                0x0000000000012ecc       0x1b ./drivers/fsl_flexcomm.o
 *fill*         0x0000000000012ee7        0x1 ff
 .rodata.__func__.0
                0x0000000000012ee8       0x1b ./drivers/fsl_flexcomm.o
 *fill*         0x0000000000012f03        0x1 ff
 .rodata.RESET_SetPeripheralReset.str1.4
                0x0000000000012f04       0x1c ./drivers/fsl_reset.o
 .rodata.__func__.1
                0x0000000000012f20       0x19 ./drivers/fsl_reset.o
 *fill*         0x0000000000012f39        0x3 ff
 .rodata.__func__.0
                0x0000000000012f3c       0x1b ./drivers/fsl_reset.o
 .rodata._svfprintf_r.str1.1
                0x0000000000012f57       0x11 /usr/local/mcuxpressoide-11.7.1_9221/ide/plugins/com.nxp.mcuxpresso.tools.linux_11.7.1.202301190959/tools/bin/../lib/gcc/arm-none-eabi/10.3.1/../../../../arm-none-eabi/lib/thumb/v8-m.main+fp/hard/libc_nano.a(lib_a-nano-svfprintf.o)
 .rodata._printf_i.str1.1
                0x0000000000012f68       0x22 /usr/local/mcuxpressoide-11.7.1_9221/ide/plugins/com.nxp.mcuxpresso.tools.linux_11.7.1.202301190959/tools/bin/../lib/gcc/arm-none-eabi/10.3.1/../../../../arm-none-eabi/lib/thumb/v8-m.main+fp/hard/libc_nano.a(lib_a-nano-vfprintf_i.o)
                0x0000000000012f8c                . = ALIGN (0x4)
 *fill*         0x0000000000012f8a        0x2 ff

.glue_7         0x0000000000012f8c        0x0
 .glue_7        0x0000000000012f8c        0x0 linker stubs

.glue_7t        0x0000000000012f8c        0x0
 .glue_7t       0x0000000000012f8c        0x0 linker stubs

.vfp11_veneer   0x0000000000012f8c        0x0
 .vfp11_veneer  0x0000000000012f8c        0x0 linker stubs

.v4_bx          0x0000000000012f8c        0x0
 .v4_bx         0x0000000000012f8c        0x0 linker stubs

.iplt           0x0000000000012f8c        0x0
 .iplt          0x0000000000012f8c        0x0 ./utilities/fsl_assert.o

.rel.dyn        0x0000000000012f8c        0x0
 .rel.iplt      0x0000000000012f8c        0x0 ./utilities/fsl_assert.o

.ARM.extab
 *(SORT_BY_ALIGNMENT(.ARM.extab*) SORT_BY_ALIGNMENT(.gnu.linkonce.armextab.*))

.ARM.exidx      0x0000000000012f8c        0x0
                0x0000000000012f8c                __exidx_start = .
 *(SORT_BY_ALIGNMENT(.ARM.exidx*) SORT_BY_ALIGNMENT(.gnu.linkonce.armexidx.*))
                0x0000000000012f8c                __exidx_end = .
                0x0000000000012f8c                _etext = .

.uninit_RESERVED
                0x0000000020008000        0x0
                0x0000000020008000                _start_uninit_RESERVED = .
 *(SORT_BY_ALIGNMENT(.bss.$RESERVED*))
                0x0000000020008000                . = ALIGN (0x4)
                0x0000000020008000                _end_uninit_RESERVED = .

.data           0x0000000020008000       0x70 load address 0x0000000000012f8c
 FILL mask 0xff
                0x0000000020008000                _data = .
                [!provide]                        PROVIDE (__start_data_RAM = .)
                [!provide]                        PROVIDE (__start_data_Ram0 = .)
 *(SORT_BY_ALIGNMENT(vtable))
 *(SORT_BY_ALIGNMENT(.ramfunc*))
 *(SORT_BY_ALIGNMENT(CodeQuickAccess))
 *(SORT_BY_ALIGNMENT(DataQuickAccess))
 *(SORT_BY_ALIGNMENT(RamFunction))
 *(SORT_BY_ALIGNMENT(.data*))
 .data.first.1  0x0000000020008000        0x4 ./source/hello_world_ns.o
 .data.s_dma_descriptor_table
                0x0000000020008004        0x8 ./drivers/fsl_dma.o
 .data._impure_ptr
                0x000000002000800c        0x4 /usr/local/mcuxpressoide-11.7.1_9221/ide/plugins/com.nxp.mcuxpresso.tools.linux_11.7.1.202301190959/tools/bin/../lib/gcc/arm-none-eabi/10.3.1/../../../../arm-none-eabi/lib/thumb/v8-m.main+fp/hard/libc_nano.a(lib_a-impure.o)
                0x000000002000800c                _impure_ptr
 .data.impure_data
                0x0000000020008010       0x60 /usr/local/mcuxpressoide-11.7.1_9221/ide/plugins/com.nxp.mcuxpresso.tools.linux_11.7.1.202301190959/tools/bin/../lib/gcc/arm-none-eabi/10.3.1/../../../../arm-none-eabi/lib/thumb/v8-m.main+fp/hard/libc_nano.a(lib_a-impure.o)
                0x0000000020008070                . = ALIGN (0x4)
                0x0000000020008070                _edata = .
                [!provide]                        PROVIDE (__end_data_RAM = .)
                [!provide]                        PROVIDE (__end_data_Ram0 = .)

.igot.plt       0x0000000020008070        0x0 load address 0x0000000000012ffc
 .igot.plt      0x0000000020008070        0x0 ./utilities/fsl_assert.o

.bss            0x0000000020008200      0x540
                0x0000000020008200                _bss = .
                [!provide]                        PROVIDE (__start_bss_RAM = .)
                [!provide]                        PROVIDE (__start_bss_Ram0 = .)
 *(SORT_BY_ALIGNMENT(.bss*))
 .bss.s_dma_descriptor_table0
                0x0000000020008200      0x170 ./drivers/fsl_dma.o
 *fill*         0x0000000020008370       0x90 
 .bss.s_dma_descriptor_table1
                0x0000000020008400      0x170 ./drivers/fsl_dma.o
 .bss.nextDesc  0x0000000020008570       0x30 ./source/hello_world_ns.o
                0x0000000020008570                nextDesc
 .bss.s_debugConsole
                0x00000000200085a0       0x14 ./utilities/fsl_debug_console.o
 .bss.input_symbol
                0x00000000200085b4        0x4 ./source/hello_world_ns.o
                0x00000000200085b4                input_symbol
 .bss.sample    0x00000000200085b8        0x4 ./source/hello_world_ns.o
                0x00000000200085b8                sample
 .bss.buff      0x00000000200085bc       0x40 ./source/hello_world_ns.o
                0x00000000200085bc                buff
 .bss.g_DMA_Handle
                0x00000000200085fc       0x10 ./source/hello_world_ns.o
                0x00000000200085fc                g_DMA_Handle
 .bss.transferConfig
                0x000000002000860c       0x18 ./source/hello_world_ns.o
                0x000000002000860c                transferConfig
 .bss.triggerChnl
                0x0000000020008624        0x6 ./source/hello_world_ns.o
                0x0000000020008624                triggerChnl
 *fill*         0x000000002000862a        0x2 
 .bss.s_DMAHandle
                0x000000002000862c       0xb8 ./drivers/fsl_dma.o
 .bss.s_flexcommIrqHandler
                0x00000000200086e4       0x24 ./drivers/fsl_flexcomm.o
 .bss.s_flexcommHandle
                0x0000000020008708       0x24 ./drivers/fsl_flexcomm.o
 .bss.__malloc_free_list
                0x000000002000872c        0x4 /usr/local/mcuxpressoide-11.7.1_9221/ide/plugins/com.nxp.mcuxpresso.tools.linux_11.7.1.202301190959/tools/bin/../lib/gcc/arm-none-eabi/10.3.1/../../../../arm-none-eabi/lib/thumb/v8-m.main+fp/hard/libc_nano.a(lib_a-nano-mallocr.o)
                0x000000002000872c                __malloc_free_list
 .bss.__malloc_sbrk_start
                0x0000000020008730        0x4 /usr/local/mcuxpressoide-11.7.1_9221/ide/plugins/com.nxp.mcuxpresso.tools.linux_11.7.1.202301190959/tools/bin/../lib/gcc/arm-none-eabi/10.3.1/../../../../arm-none-eabi/lib/thumb/v8-m.main+fp/hard/libc_nano.a(lib_a-nano-mallocr.o)
                0x0000000020008730                __malloc_sbrk_start
 .bss.errno     0x0000000020008734        0x4 /usr/local/mcuxpressoide-11.7.1_9221/ide/plugins/com.nxp.mcuxpresso.tools.linux_11.7.1.202301190959/tools/bin/../lib/gcc/arm-none-eabi/10.3.1/../../../../arm-none-eabi/lib/thumb/v8-m.main+fp/hard/libc_nano.a(lib_a-reent.o)
                0x0000000020008734                errno
 .bss.__end_of_heap
                0x0000000020008738        0x4 /usr/local/mcuxpressoide-11.7.1_9221/ide/plugins/com.nxp.mcuxpresso.tools.linux_11.7.1.202301190959/tools/bin/../lib/gcc/arm-none-eabi/10.3.1/../../../../arm-none-eabi/lib/thumb/v8-m.main+fp/hard/libcr_newlib_nohost.a(_cr_sbrk.o)
                0x0000000020008738                __end_of_heap
 .bss.__lock___malloc_recursive_mutex
                0x000000002000873c        0x1 /usr/local/mcuxpressoide-11.7.1_9221/ide/plugins/com.nxp.mcuxpresso.tools.linux_11.7.1.202301190959/tools/bin/../lib/gcc/arm-none-eabi/10.3.1/../../../../arm-none-eabi/lib/thumb/v8-m.main+fp/hard/libc_nano.a(lib_a-lock.o)
                0x000000002000873c                __lock___malloc_recursive_mutex
 *(SORT_BY_ALIGNMENT(COMMON))
                0x0000000020008740                . = ALIGN (0x4)
 *fill*         0x000000002000873d        0x3 
                0x0000000020008740                _ebss = .
                [!provide]                        PROVIDE (__end_bss_RAM = .)
                [!provide]                        PROVIDE (__end_bss_Ram0 = .)
                [!provide]                        PROVIDE (end = .)

.noinit         0x0000000020008740        0x0
                0x0000000020008740                _noinit = .
                [!provide]                        PROVIDE (__start_noinit_RAM = .)
                [!provide]                        PROVIDE (__start_noinit_Ram0 = .)
 *(SORT_BY_ALIGNMENT(.noinit*))
                0x0000000020008740                . = ALIGN (0x4)
                0x0000000020008740                _end_noinit = .
                [!provide]                        PROVIDE (__end_noinit_RAM = .)
                [!provide]                        PROVIDE (__end_noinit_Ram0 = .)
                0x0000000000001000                _HeapSize = 0x1000

.heap           0x0000000020008740     0x1000
                0x0000000020008740                _pvHeapStart = .
                0x0000000020009740                . = (. + _HeapSize)
 *fill*         0x0000000020008740     0x1000 
                0x0000000020009740                . = ALIGN (0x4)
                0x0000000020009740                _pvHeapLimit = .
                0x0000000000001000                _StackSize = 0x1000

.heap2stackfill
                0x0000000020009740     0x1000
                0x000000002000a740                . = (. + _StackSize)
 *fill*         0x0000000020009740     0x1000 

.stack          0x0000000020032000        0x0
                0x0000000020032000                _vStackBase = .
                0x0000000020032000                . = ALIGN (0x4)
                0x0000000020033000                _vStackTop = (. + _StackSize)
                [!provide]                        PROVIDE (__valid_user_code_checksum = (0x0 - ((((((_vStackTop + (ResetISR + 0x1)) + (NMI_Handler + 0x1)) + (HardFault_Handler + 0x1)) + (DEFINED (MemManage_Handler)?MemManage_Handler:0x0 + 0x1)) + (DEFINED (BusFault_Handler)?BusFault_Handler:0x0 + 0x1)) + (DEFINED (UsageFault_Handler)?UsageFault_Handler:0x0 + 0x1))))
                0x0000000000010000                _image_start = LOADADDR (.text)
                0x0000000000012ffc                _image_end = (LOADADDR (.data) + SIZEOF (.data))
                0x0000000000002ffc                _image_size = (_image_end - _image_start)
OUTPUT(lpcxpresso55s69_hello_world_ns.axf elf32-littlearm)
LOAD linker stubs

.debug_info     0x0000000000000000     0x7eaf
 .debug_info    0x0000000000000000       0xd8 ./utilities/fsl_assert.o
 .debug_info    0x00000000000000d8      0xd4e ./utilities/fsl_debug_console.o
 .debug_info    0x0000000000000e26      0x707 ./startup/startup_lpc55s69_cm33_core0.o
 .debug_info    0x000000000000152d      0xfb0 ./source/hello_world_ns.o
 .debug_info    0x00000000000024dd     0x2d2b ./drivers/fsl_dma.o
 .debug_info    0x0000000000005208     0x1bc9 ./drivers/fsl_flexcomm.o
 .debug_info    0x0000000000006dd1      0xf3b ./drivers/fsl_reset.o
 .debug_info    0x0000000000007d0c      0x132 /usr/local/mcuxpressoide-11.7.1_9221/ide/plugins/com.nxp.mcuxpresso.tools.linux_11.7.1.202301190959/tools/bin/../lib/gcc/arm-none-eabi/10.3.1/../../../../arm-none-eabi/lib/thumb/v8-m.main+fp/hard/libcr_newlib_nohost.a(_cr_sbrk.o)
 .debug_info    0x0000000000007e3e       0x71 /usr/local/mcuxpressoide-11.7.1_9221/ide/plugins/com.nxp.mcuxpresso.tools.linux_11.7.1.202301190959/tools/bin/../lib/gcc/arm-none-eabi/10.3.1/../../../../arm-none-eabi/lib/thumb/v8-m.main+fp/hard/libcr_newlib_nohost.a(_cr_check_heap.o)

.debug_abbrev   0x0000000000000000      0xfd5
 .debug_abbrev  0x0000000000000000       0x6b ./utilities/fsl_assert.o
 .debug_abbrev  0x000000000000006b      0x260 ./utilities/fsl_debug_console.o
 .debug_abbrev  0x00000000000002cb      0x165 ./startup/startup_lpc55s69_cm33_core0.o
 .debug_abbrev  0x0000000000000430      0x2c8 ./source/hello_world_ns.o
 .debug_abbrev  0x00000000000006f8      0x375 ./drivers/fsl_dma.o
 .debug_abbrev  0x0000000000000a6d      0x2cd ./drivers/fsl_flexcomm.o
 .debug_abbrev  0x0000000000000d3a      0x14d ./drivers/fsl_reset.o
 .debug_abbrev  0x0000000000000e87       0xe3 /usr/local/mcuxpressoide-11.7.1_9221/ide/plugins/com.nxp.mcuxpresso.tools.linux_11.7.1.202301190959/tools/bin/../lib/gcc/arm-none-eabi/10.3.1/../../../../arm-none-eabi/lib/thumb/v8-m.main+fp/hard/libcr_newlib_nohost.a(_cr_sbrk.o)
 .debug_abbrev  0x0000000000000f6a       0x6b /usr/local/mcuxpressoide-11.7.1_9221/ide/plugins/com.nxp.mcuxpresso.tools.linux_11.7.1.202301190959/tools/bin/../lib/gcc/arm-none-eabi/10.3.1/../../../../arm-none-eabi/lib/thumb/v8-m.main+fp/hard/libcr_newlib_nohost.a(_cr_check_heap.o)

.debug_aranges  0x0000000000000000      0x590
 .debug_aranges
                0x0000000000000000       0x20 ./utilities/fsl_assert.o
 .debug_aranges
                0x0000000000000020       0x78 ./utilities/fsl_debug_console.o
 .debug_aranges
                0x0000000000000098      0x268 ./startup/startup_lpc55s69_cm33_core0.o
 .debug_aranges
                0x0000000000000300       0x58 ./source/hello_world_ns.o
 .debug_aranges
                0x0000000000000358      0x138 ./drivers/fsl_dma.o
 .debug_aranges
                0x0000000000000490       0x90 ./drivers/fsl_flexcomm.o
 .debug_aranges
                0x0000000000000520       0x30 ./drivers/fsl_reset.o
 .debug_aranges
                0x0000000000000550       0x20 /usr/local/mcuxpressoide-11.7.1_9221/ide/plugins/com.nxp.mcuxpresso.tools.linux_11.7.1.202301190959/tools/bin/../lib/gcc/arm-none-eabi/10.3.1/../../../../arm-none-eabi/lib/thumb/v8-m.main+fp/hard/libcr_newlib_nohost.a(_cr_sbrk.o)
 .debug_aranges
                0x0000000000000570       0x20 /usr/local/mcuxpressoide-11.7.1_9221/ide/plugins/com.nxp.mcuxpresso.tools.linux_11.7.1.202301190959/tools/bin/../lib/gcc/arm-none-eabi/10.3.1/../../../../arm-none-eabi/lib/thumb/v8-m.main+fp/hard/libcr_newlib_nohost.a(_cr_check_heap.o)

.debug_ranges   0x0000000000000000      0x500
 .debug_ranges  0x0000000000000000       0x10 ./utilities/fsl_assert.o
 .debug_ranges  0x0000000000000010       0x68 ./utilities/fsl_debug_console.o
 .debug_ranges  0x0000000000000078      0x258 ./startup/startup_lpc55s69_cm33_core0.o
 .debug_ranges  0x00000000000002d0       0x48 ./source/hello_world_ns.o
 .debug_ranges  0x0000000000000318      0x128 ./drivers/fsl_dma.o
 .debug_ranges  0x0000000000000440       0x80 ./drivers/fsl_flexcomm.o
 .debug_ranges  0x00000000000004c0       0x20 ./drivers/fsl_reset.o
 .debug_ranges  0x00000000000004e0       0x10 /usr/local/mcuxpressoide-11.7.1_9221/ide/plugins/com.nxp.mcuxpresso.tools.linux_11.7.1.202301190959/tools/bin/../lib/gcc/arm-none-eabi/10.3.1/../../../../arm-none-eabi/lib/thumb/v8-m.main+fp/hard/libcr_newlib_nohost.a(_cr_sbrk.o)
 .debug_ranges  0x00000000000004f0       0x10 /usr/local/mcuxpressoide-11.7.1_9221/ide/plugins/com.nxp.mcuxpresso.tools.linux_11.7.1.202301190959/tools/bin/../lib/gcc/arm-none-eabi/10.3.1/../../../../arm-none-eabi/lib/thumb/v8-m.main+fp/hard/libcr_newlib_nohost.a(_cr_check_heap.o)

.debug_macro    0x0000000000000000    0x1714a
 .debug_macro   0x0000000000000000      0x227 ./utilities/fsl_assert.o
 .debug_macro   0x0000000000000227      0xac0 ./utilities/fsl_assert.o
 .debug_macro   0x0000000000000ce7       0x22 ./utilities/fsl_assert.o
 .debug_macro   0x0000000000000d09       0x4c ./utilities/fsl_assert.o
 .debug_macro   0x0000000000000d55       0x1e ./utilities/fsl_assert.o
 .debug_macro   0x0000000000000d73       0x94 ./utilities/fsl_assert.o
 .debug_macro   0x0000000000000e07       0x3c ./utilities/fsl_assert.o
 .debug_macro   0x0000000000000e43       0x34 ./utilities/fsl_assert.o
 .debug_macro   0x0000000000000e77       0x16 ./utilities/fsl_assert.o
 .debug_macro   0x0000000000000e8d       0x22 ./utilities/fsl_assert.o
 .debug_macro   0x0000000000000eaf      0x34e ./utilities/fsl_assert.o
 .debug_macro   0x00000000000011fd      0x16d ./utilities/fsl_assert.o
 .debug_macro   0x000000000000136a       0x16 ./utilities/fsl_assert.o
 .debug_macro   0x0000000000001380       0x43 ./utilities/fsl_assert.o
 .debug_macro   0x00000000000013c3       0x57 ./utilities/fsl_assert.o
 .debug_macro   0x000000000000141a       0x34 ./utilities/fsl_assert.o
 .debug_macro   0x000000000000144e       0x10 ./utilities/fsl_assert.o
 .debug_macro   0x000000000000145e       0x58 ./utilities/fsl_assert.o
 .debug_macro   0x00000000000014b6       0x71 ./utilities/fsl_assert.o
 .debug_macro   0x0000000000001527       0x10 ./utilities/fsl_assert.o
 .debug_macro   0x0000000000001537      0x12a ./utilities/fsl_assert.o
 .debug_macro   0x0000000000001661      0x35d ./utilities/fsl_assert.o
 .debug_macro   0x00000000000019be       0x10 ./utilities/fsl_assert.o
 .debug_macro   0x00000000000019ce       0x35 ./utilities/fsl_assert.o
 .debug_macro   0x0000000000001a03       0x16 ./utilities/fsl_assert.o
 .debug_macro   0x0000000000001a19       0x16 ./utilities/fsl_assert.o
 .debug_macro   0x0000000000001a2f       0x29 ./utilities/fsl_assert.o
 .debug_macro   0x0000000000001a58       0x10 ./utilities/fsl_assert.o
 .debug_macro   0x0000000000001a68       0x46 ./utilities/fsl_assert.o
 .debug_macro   0x0000000000001aae       0x1c ./utilities/fsl_assert.o
 .debug_macro   0x0000000000001aca       0x29 ./utilities/fsl_assert.o
 .debug_macro   0x0000000000001af3       0xfb ./utilities/fsl_assert.o
 .debug_macro   0x0000000000001bee     0x167e ./utilities/fsl_assert.o
 .debug_macro   0x000000000000326c       0x5e ./utilities/fsl_assert.o
 .debug_macro   0x00000000000032ca       0x2e ./utilities/fsl_assert.o
 .debug_macro   0x00000000000032f8    0x116c8 ./utilities/fsl_assert.o
 .debug_macro   0x00000000000149c0      0x44a ./utilities/fsl_assert.o
 .debug_macro   0x0000000000014e0a       0x7a ./utilities/fsl_assert.o
 .debug_macro   0x0000000000014e84       0xa8 ./utilities/fsl_assert.o
 .debug_macro   0x0000000000014f2c      0x2ca ./utilities/fsl_assert.o
 .debug_macro   0x00000000000151f6       0xee ./utilities/fsl_assert.o
 .debug_macro   0x00000000000152e4       0x1c ./utilities/fsl_assert.o
 .debug_macro   0x0000000000015300       0x58 ./utilities/fsl_assert.o
 .debug_macro   0x0000000000015358       0x3a ./utilities/fsl_assert.o
 .debug_macro   0x0000000000015392      0x244 ./utilities/fsl_debug_console.o
 .debug_macro   0x00000000000155d6      0x10e ./utilities/fsl_debug_console.o
 .debug_macro   0x00000000000156e4       0x86 ./utilities/fsl_debug_console.o
 .debug_macro   0x000000000001576a      0x19b ./utilities/fsl_debug_console.o
 .debug_macro   0x0000000000015905       0x16 ./utilities/fsl_debug_console.o
 .debug_macro   0x000000000001591b       0x4c ./utilities/fsl_debug_console.o
 .debug_macro   0x0000000000015967       0x46 ./utilities/fsl_debug_console.o
 .debug_macro   0x00000000000159ad       0x29 ./startup/startup_lpc55s69_cm33_core0.o
 .debug_macro   0x00000000000159d6      0x399 ./source/hello_world_ns.o
 .debug_macro   0x0000000000015d6f       0x16 ./source/hello_world_ns.o
 .debug_macro   0x0000000000015d85       0x97 ./source/hello_world_ns.o
 .debug_macro   0x0000000000015e1c       0xf6 ./source/hello_world_ns.o
 .debug_macro   0x0000000000015f12       0x10 ./source/hello_world_ns.o
 .debug_macro   0x0000000000015f22       0x10 ./source/hello_world_ns.o
 .debug_macro   0x0000000000015f32       0x6a ./source/hello_world_ns.o
 .debug_macro   0x0000000000015f9c       0x1c ./source/hello_world_ns.o
 .debug_macro   0x0000000000015fb8       0x52 ./source/hello_world_ns.o
 .debug_macro   0x000000000001600a       0x22 ./source/hello_world_ns.o
 .debug_macro   0x000000000001602c       0x10 ./source/hello_world_ns.o
 .debug_macro   0x000000000001603c       0x52 ./source/hello_world_ns.o
 .debug_macro   0x000000000001608e       0xd5 ./source/hello_world_ns.o
 .debug_macro   0x0000000000016163       0x1c ./source/hello_world_ns.o
 .debug_macro   0x000000000001617f       0x3d ./source/hello_world_ns.o
 .debug_macro   0x00000000000161bc       0x16 ./source/hello_world_ns.o
 .debug_macro   0x00000000000161d2      0x145 ./source/hello_world_ns.o
 .debug_macro   0x0000000000016317       0x16 ./source/hello_world_ns.o
 .debug_macro   0x000000000001632d       0x4c ./source/hello_world_ns.o
 .debug_macro   0x0000000000016379       0x2e ./source/hello_world_ns.o
 .debug_macro   0x00000000000163a7       0x35 ./source/hello_world_ns.o
 .debug_macro   0x00000000000163dc       0x10 ./source/hello_world_ns.o
 .debug_macro   0x00000000000163ec       0xfe ./source/hello_world_ns.o
 .debug_macro   0x00000000000164ea      0x1f0 ./source/hello_world_ns.o
 .debug_macro   0x00000000000166da      0x304 ./source/hello_world_ns.o
 .debug_macro   0x00000000000169de       0x76 ./source/hello_world_ns.o
 .debug_macro   0x0000000000016a54       0x1c ./source/hello_world_ns.o
 .debug_macro   0x0000000000016a70      0x225 ./drivers/fsl_dma.o
 .debug_macro   0x0000000000016c95       0x70 ./drivers/fsl_dma.o
 .debug_macro   0x0000000000016d05      0x21f ./drivers/fsl_flexcomm.o
 .debug_macro   0x0000000000016f24       0x10 ./drivers/fsl_flexcomm.o
 .debug_macro   0x0000000000016f34      0x216 ./drivers/fsl_reset.o

.debug_line     0x0000000000000000     0x4b02
 .debug_line    0x0000000000000000      0x6b8 ./utilities/fsl_assert.o
 .debug_line    0x00000000000006b8      0xf8d ./utilities/fsl_debug_console.o
 .debug_line    0x0000000000001645      0x6b1 ./startup/startup_lpc55s69_cm33_core0.o
 .debug_line    0x0000000000001cf6      0xaf8 ./source/hello_world_ns.o
 .debug_line    0x00000000000027ee     0x1143 ./drivers/fsl_dma.o
 .debug_line    0x0000000000003931      0x8f6 ./drivers/fsl_flexcomm.o
 .debug_line    0x0000000000004227      0x6ad ./drivers/fsl_reset.o
 .debug_line    0x00000000000048d4      0x1cd /usr/local/mcuxpressoide-11.7.1_9221/ide/plugins/com.nxp.mcuxpresso.tools.linux_11.7.1.202301190959/tools/bin/../lib/gcc/arm-none-eabi/10.3.1/../../../../arm-none-eabi/lib/thumb/v8-m.main+fp/hard/libcr_newlib_nohost.a(_cr_sbrk.o)
 .debug_line    0x0000000000004aa1       0x61 /usr/local/mcuxpressoide-11.7.1_9221/ide/plugins/com.nxp.mcuxpresso.tools.linux_11.7.1.202301190959/tools/bin/../lib/gcc/arm-none-eabi/10.3.1/../../../../arm-none-eabi/lib/thumb/v8-m.main+fp/hard/libcr_newlib_nohost.a(_cr_check_heap.o)

.debug_str      0x0000000000000000    0xbe8fe
 .debug_str     0x0000000000000000    0xb55e9 ./utilities/fsl_assert.o
                                      0xb5809 (size before relaxing)
 .debug_str     0x00000000000b55e9     0x1a92 ./utilities/fsl_debug_console.o
                                      0xb733b (size before relaxing)
 .debug_str     0x00000000000b707b      0x670 ./startup/startup_lpc55s69_cm33_core0.o
                                       0x3521 (size before relaxing)
 .debug_str     0x00000000000b76eb     0x508a ./source/hello_world_ns.o
                                      0xbb301 (size before relaxing)
 .debug_str     0x00000000000bc775     0x1b90 ./drivers/fsl_dma.o
                                      0xb8b58 (size before relaxing)
 .debug_str     0x00000000000be305      0x34d ./drivers/fsl_flexcomm.o
                                      0xb7a63 (size before relaxing)
 .debug_str     0x00000000000be652       0xae ./drivers/fsl_reset.o
                                      0xb6382 (size before relaxing)
 .debug_str     0x00000000000be700      0x1d9 /usr/local/mcuxpressoide-11.7.1_9221/ide/plugins/com.nxp.mcuxpresso.tools.linux_11.7.1.202301190959/tools/bin/../lib/gcc/arm-none-eabi/10.3.1/../../../../arm-none-eabi/lib/thumb/v8-m.main+fp/hard/libcr_newlib_nohost.a(_cr_sbrk.o)
                                        0x275 (size before relaxing)
 .debug_str     0x00000000000be8d9       0x25 /usr/local/mcuxpressoide-11.7.1_9221/ide/plugins/com.nxp.mcuxpresso.tools.linux_11.7.1.202301190959/tools/bin/../lib/gcc/arm-none-eabi/10.3.1/../../../../arm-none-eabi/lib/thumb/v8-m.main+fp/hard/libcr_newlib_nohost.a(_cr_check_heap.o)
                                        0x1c0 (size before relaxing)

.comment        0x0000000000000000       0x49
 .comment       0x0000000000000000       0x49 ./utilities/fsl_assert.o
                                         0x4a (size before relaxing)
 .comment       0x0000000000000049       0x4a ./utilities/fsl_debug_console.o
 .comment       0x0000000000000049       0x4a ./startup/startup_lpc55s69_cm33_core0.o
 .comment       0x0000000000000049       0x4a ./source/hello_world_ns.o
 .comment       0x0000000000000049       0x4a ./drivers/fsl_dma.o
 .comment       0x0000000000000049       0x4a ./drivers/fsl_flexcomm.o
 .comment       0x0000000000000049       0x4a ./drivers/fsl_reset.o
 .comment       0x0000000000000049       0x4a /usr/local/mcuxpressoide-11.7.1_9221/ide/plugins/com.nxp.mcuxpresso.tools.linux_11.7.1.202301190959/tools/bin/../lib/gcc/arm-none-eabi/10.3.1/../../../../arm-none-eabi/lib/thumb/v8-m.main+fp/hard/libcr_newlib_nohost.a(_cr_sbrk.o)
 .comment       0x0000000000000049       0x4a /usr/local/mcuxpressoide-11.7.1_9221/ide/plugins/com.nxp.mcuxpresso.tools.linux_11.7.1.202301190959/tools/bin/../lib/gcc/arm-none-eabi/10.3.1/../../../../arm-none-eabi/lib/thumb/v8-m.main+fp/hard/libcr_newlib_nohost.a(_cr_check_heap.o)

.ARM.attributes
                0x0000000000000000       0x38
 .ARM.attributes
                0x0000000000000000       0x3a ./utilities/fsl_assert.o
 .ARM.attributes
                0x000000000000003a       0x3a ./utilities/fsl_debug_console.o
 .ARM.attributes
                0x0000000000000074       0x3a ./startup/startup_lpc55s69_cm33_core0.o
 .ARM.attributes
                0x00000000000000ae       0x3a ./source/hello_world_ns.o
 .ARM.attributes
                0x00000000000000e8       0x3a ./drivers/fsl_dma.o
 .ARM.attributes
                0x0000000000000122       0x3a ./drivers/fsl_flexcomm.o
 .ARM.attributes
                0x000000000000015c       0x3a ./drivers/fsl_reset.o
 .ARM.attributes
                0x0000000000000196       0x38 /usr/local/mcuxpressoide-11.7.1_9221/ide/plugins/com.nxp.mcuxpresso.tools.linux_11.7.1.202301190959/tools/bin/../lib/gcc/arm-none-eabi/10.3.1/../../../../arm-none-eabi/lib/thumb/v8-m.main+fp/hard/libc_nano.a(lib_a-errno.o)
 .ARM.attributes
                0x00000000000001ce       0x38 /usr/local/mcuxpressoide-11.7.1_9221/ide/plugins/com.nxp.mcuxpresso.tools.linux_11.7.1.202301190959/tools/bin/../lib/gcc/arm-none-eabi/10.3.1/../../../../arm-none-eabi/lib/thumb/v8-m.main+fp/hard/libc_nano.a(lib_a-impure.o)
 .ARM.attributes
                0x0000000000000206       0x38 /usr/local/mcuxpressoide-11.7.1_9221/ide/plugins/com.nxp.mcuxpresso.tools.linux_11.7.1.202301190959/tools/bin/../lib/gcc/arm-none-eabi/10.3.1/../../../../arm-none-eabi/lib/thumb/v8-m.main+fp/hard/libc_nano.a(lib_a-memcpy-stub.o)
 .ARM.attributes
                0x000000000000023e       0x38 /usr/local/mcuxpressoide-11.7.1_9221/ide/plugins/com.nxp.mcuxpresso.tools.linux_11.7.1.202301190959/tools/bin/../lib/gcc/arm-none-eabi/10.3.1/../../../../arm-none-eabi/lib/thumb/v8-m.main+fp/hard/libc_nano.a(lib_a-memset.o)
 .ARM.attributes
                0x0000000000000276       0x38 /usr/local/mcuxpressoide-11.7.1_9221/ide/plugins/com.nxp.mcuxpresso.tools.linux_11.7.1.202301190959/tools/bin/../lib/gcc/arm-none-eabi/10.3.1/../../../../arm-none-eabi/lib/thumb/v8-m.main+fp/hard/libc_nano.a(lib_a-nano-freer.o)
 .ARM.attributes
                0x00000000000002ae       0x38 /usr/local/mcuxpressoide-11.7.1_9221/ide/plugins/com.nxp.mcuxpresso.tools.linux_11.7.1.202301190959/tools/bin/../lib/gcc/arm-none-eabi/10.3.1/../../../../arm-none-eabi/lib/thumb/v8-m.main+fp/hard/libc_nano.a(lib_a-nano-mallocr.o)
 .ARM.attributes
                0x00000000000002e6       0x38 /usr/local/mcuxpressoide-11.7.1_9221/ide/plugins/com.nxp.mcuxpresso.tools.linux_11.7.1.202301190959/tools/bin/../lib/gcc/arm-none-eabi/10.3.1/../../../../arm-none-eabi/lib/thumb/v8-m.main+fp/hard/libc_nano.a(lib_a-sbrkr.o)
 .ARM.attributes
                0x000000000000031e       0x38 /usr/local/mcuxpressoide-11.7.1_9221/ide/plugins/com.nxp.mcuxpresso.tools.linux_11.7.1.202301190959/tools/bin/../lib/gcc/arm-none-eabi/10.3.1/../../../../arm-none-eabi/lib/thumb/v8-m.main+fp/hard/libc_nano.a(lib_a-sprintf.o)
 .ARM.attributes
                0x0000000000000356       0x17 /usr/local/mcuxpressoide-11.7.1_9221/ide/plugins/com.nxp.mcuxpresso.tools.linux_11.7.1.202301190959/tools/bin/../lib/gcc/arm-none-eabi/10.3.1/../../../../arm-none-eabi/lib/thumb/v8-m.main+fp/hard/libc_nano.a(lib_a-strlen.o)
 .ARM.attributes
                0x000000000000036d       0x38 /usr/local/mcuxpressoide-11.7.1_9221/ide/plugins/com.nxp.mcuxpresso.tools.linux_11.7.1.202301190959/tools/bin/../lib/gcc/arm-none-eabi/10.3.1/../../../../arm-none-eabi/lib/thumb/v8-m.main+fp/hard/libc_nano.a(lib_a-mlock.o)
 .ARM.attributes
                0x00000000000003a5       0x38 /usr/local/mcuxpressoide-11.7.1_9221/ide/plugins/com.nxp.mcuxpresso.tools.linux_11.7.1.202301190959/tools/bin/../lib/gcc/arm-none-eabi/10.3.1/../../../../arm-none-eabi/lib/thumb/v8-m.main+fp/hard/libc_nano.a(lib_a-nano-svfprintf.o)
 .ARM.attributes
                0x00000000000003dd       0x38 /usr/local/mcuxpressoide-11.7.1_9221/ide/plugins/com.nxp.mcuxpresso.tools.linux_11.7.1.202301190959/tools/bin/../lib/gcc/arm-none-eabi/10.3.1/../../../../arm-none-eabi/lib/thumb/v8-m.main+fp/hard/libc_nano.a(lib_a-nano-vfprintf_i.o)
 .ARM.attributes
                0x0000000000000415       0x38 /usr/local/mcuxpressoide-11.7.1_9221/ide/plugins/com.nxp.mcuxpresso.tools.linux_11.7.1.202301190959/tools/bin/../lib/gcc/arm-none-eabi/10.3.1/../../../../arm-none-eabi/lib/thumb/v8-m.main+fp/hard/libc_nano.a(lib_a-reent.o)
 .ARM.attributes
                0x000000000000044d       0x38 /usr/local/mcuxpressoide-11.7.1_9221/ide/plugins/com.nxp.mcuxpresso.tools.linux_11.7.1.202301190959/tools/bin/../lib/gcc/arm-none-eabi/10.3.1/../../../../arm-none-eabi/lib/thumb/v8-m.main+fp/hard/libc_nano.a(lib_a-lock.o)
 .ARM.attributes
                0x0000000000000485       0x38 /usr/local/mcuxpressoide-11.7.1_9221/ide/plugins/com.nxp.mcuxpresso.tools.linux_11.7.1.202301190959/tools/bin/../lib/gcc/arm-none-eabi/10.3.1/../../../../arm-none-eabi/lib/thumb/v8-m.main+fp/hard/libc_nano.a(lib_a-memchr-stub.o)
 .ARM.attributes
                0x00000000000004bd       0x38 /usr/local/mcuxpressoide-11.7.1_9221/ide/plugins/com.nxp.mcuxpresso.tools.linux_11.7.1.202301190959/tools/bin/../lib/gcc/arm-none-eabi/10.3.1/../../../../arm-none-eabi/lib/thumb/v8-m.main+fp/hard/libc_nano.a(lib_a-memmove.o)
 .ARM.attributes
                0x00000000000004f5       0x38 /usr/local/mcuxpressoide-11.7.1_9221/ide/plugins/com.nxp.mcuxpresso.tools.linux_11.7.1.202301190959/tools/bin/../lib/gcc/arm-none-eabi/10.3.1/../../../../arm-none-eabi/lib/thumb/v8-m.main+fp/hard/libc_nano.a(lib_a-nano-reallocr.o)
 .ARM.attributes
                0x000000000000052d       0x38 /usr/local/mcuxpressoide-11.7.1_9221/ide/plugins/com.nxp.mcuxpresso.tools.linux_11.7.1.202301190959/tools/bin/../lib/gcc/arm-none-eabi/10.3.1/../../../../arm-none-eabi/lib/thumb/v8-m.main+fp/hard/libc_nano.a(lib_a-nano-msizer.o)
 .ARM.attributes
                0x0000000000000565       0x38 /usr/local/mcuxpressoide-11.7.1_9221/ide/plugins/com.nxp.mcuxpresso.tools.linux_11.7.1.202301190959/tools/bin/../lib/gcc/arm-none-eabi/10.3.1/../../../../arm-none-eabi/lib/thumb/v8-m.main+fp/hard/libcr_newlib_nohost.a(_cr_sbrk.o)
 .ARM.attributes
                0x000000000000059d       0x38 /usr/local/mcuxpressoide-11.7.1_9221/ide/plugins/com.nxp.mcuxpresso.tools.linux_11.7.1.202301190959/tools/bin/../lib/gcc/arm-none-eabi/10.3.1/../../../../arm-none-eabi/lib/thumb/v8-m.main+fp/hard/libcr_newlib_nohost.a(_cr_check_heap.o)

.debug_frame    0x0000000000000000     0x167c
 .debug_frame   0x0000000000000000       0x30 ./utilities/fsl_assert.o
 .debug_frame   0x0000000000000030      0x1f8 ./utilities/fsl_debug_console.o
 .debug_frame   0x0000000000000228      0x69c ./startup/startup_lpc55s69_cm33_core0.o
 .debug_frame   0x00000000000008c4      0x12c ./source/hello_world_ns.o
 .debug_frame   0x00000000000009f0      0x534 ./drivers/fsl_dma.o
 .debug_frame   0x0000000000000f24      0x234 ./drivers/fsl_flexcomm.o
 .debug_frame   0x0000000000001158       0x7c ./drivers/fsl_reset.o
 .debug_frame   0x00000000000011d4       0x20 /usr/local/mcuxpressoide-11.7.1_9221/ide/plugins/com.nxp.mcuxpresso.tools.linux_11.7.1.202301190959/tools/bin/../lib/gcc/arm-none-eabi/10.3.1/../../../../arm-none-eabi/lib/thumb/v8-m.main+fp/hard/libc_nano.a(lib_a-errno.o)
 .debug_frame   0x00000000000011f4       0x28 /usr/local/mcuxpressoide-11.7.1_9221/ide/plugins/com.nxp.mcuxpresso.tools.linux_11.7.1.202301190959/tools/bin/../lib/gcc/arm-none-eabi/10.3.1/../../../../arm-none-eabi/lib/thumb/v8-m.main+fp/hard/libc_nano.a(lib_a-memcpy-stub.o)
 .debug_frame   0x000000000000121c       0x20 /usr/local/mcuxpressoide-11.7.1_9221/ide/plugins/com.nxp.mcuxpresso.tools.linux_11.7.1.202301190959/tools/bin/../lib/gcc/arm-none-eabi/10.3.1/../../../../arm-none-eabi/lib/thumb/v8-m.main+fp/hard/libc_nano.a(lib_a-memset.o)
 .debug_frame   0x000000000000123c       0x38 /usr/local/mcuxpressoide-11.7.1_9221/ide/plugins/com.nxp.mcuxpresso.tools.linux_11.7.1.202301190959/tools/bin/../lib/gcc/arm-none-eabi/10.3.1/../../../../arm-none-eabi/lib/thumb/v8-m.main+fp/hard/libc_nano.a(lib_a-nano-freer.o)
 .debug_frame   0x0000000000001274       0x4c /usr/local/mcuxpressoide-11.7.1_9221/ide/plugins/com.nxp.mcuxpresso.tools.linux_11.7.1.202301190959/tools/bin/../lib/gcc/arm-none-eabi/10.3.1/../../../../arm-none-eabi/lib/thumb/v8-m.main+fp/hard/libc_nano.a(lib_a-nano-mallocr.o)
 .debug_frame   0x00000000000012c0       0x2c /usr/local/mcuxpressoide-11.7.1_9221/ide/plugins/com.nxp.mcuxpresso.tools.linux_11.7.1.202301190959/tools/bin/../lib/gcc/arm-none-eabi/10.3.1/../../../../arm-none-eabi/lib/thumb/v8-m.main+fp/hard/libc_nano.a(lib_a-sbrkr.o)
 .debug_frame   0x00000000000012ec       0x6c /usr/local/mcuxpressoide-11.7.1_9221/ide/plugins/com.nxp.mcuxpresso.tools.linux_11.7.1.202301190959/tools/bin/../lib/gcc/arm-none-eabi/10.3.1/../../../../arm-none-eabi/lib/thumb/v8-m.main+fp/hard/libc_nano.a(lib_a-sprintf.o)
 .debug_frame   0x0000000000001358       0x30 /usr/local/mcuxpressoide-11.7.1_9221/ide/plugins/com.nxp.mcuxpresso.tools.linux_11.7.1.202301190959/tools/bin/../lib/gcc/arm-none-eabi/10.3.1/../../../../arm-none-eabi/lib/thumb/v8-m.main+fp/hard/libc_nano.a(lib_a-mlock.o)
 .debug_frame   0x0000000000001388       0x90 /usr/local/mcuxpressoide-11.7.1_9221/ide/plugins/com.nxp.mcuxpresso.tools.linux_11.7.1.202301190959/tools/bin/../lib/gcc/arm-none-eabi/10.3.1/../../../../arm-none-eabi/lib/thumb/v8-m.main+fp/hard/libc_nano.a(lib_a-nano-svfprintf.o)
 .debug_frame   0x0000000000001418       0x60 /usr/local/mcuxpressoide-11.7.1_9221/ide/plugins/com.nxp.mcuxpresso.tools.linux_11.7.1.202301190959/tools/bin/../lib/gcc/arm-none-eabi/10.3.1/../../../../arm-none-eabi/lib/thumb/v8-m.main+fp/hard/libc_nano.a(lib_a-nano-vfprintf_i.o)
 .debug_frame   0x0000000000001478       0x5c /usr/local/mcuxpressoide-11.7.1_9221/ide/plugins/com.nxp.mcuxpresso.tools.linux_11.7.1.202301190959/tools/bin/../lib/gcc/arm-none-eabi/10.3.1/../../../../arm-none-eabi/lib/thumb/v8-m.main+fp/hard/libc_nano.a(lib_a-reent.o)
 .debug_frame   0x00000000000014d4       0xb0 /usr/local/mcuxpressoide-11.7.1_9221/ide/plugins/com.nxp.mcuxpresso.tools.linux_11.7.1.202301190959/tools/bin/../lib/gcc/arm-none-eabi/10.3.1/../../../../arm-none-eabi/lib/thumb/v8-m.main+fp/hard/libc_nano.a(lib_a-lock.o)
 .debug_frame   0x0000000000001584       0x28 /usr/local/mcuxpressoide-11.7.1_9221/ide/plugins/com.nxp.mcuxpresso.tools.linux_11.7.1.202301190959/tools/bin/../lib/gcc/arm-none-eabi/10.3.1/../../../../arm-none-eabi/lib/thumb/v8-m.main+fp/hard/libc_nano.a(lib_a-memchr-stub.o)
 .debug_frame   0x00000000000015ac       0x28 /usr/local/mcuxpressoide-11.7.1_9221/ide/plugins/com.nxp.mcuxpresso.tools.linux_11.7.1.202301190959/tools/bin/../lib/gcc/arm-none-eabi/10.3.1/../../../../arm-none-eabi/lib/thumb/v8-m.main+fp/hard/libc_nano.a(lib_a-memmove.o)
 .debug_frame   0x00000000000015d4       0x3c /usr/local/mcuxpressoide-11.7.1_9221/ide/plugins/com.nxp.mcuxpresso.tools.linux_11.7.1.202301190959/tools/bin/../lib/gcc/arm-none-eabi/10.3.1/../../../../arm-none-eabi/lib/thumb/v8-m.main+fp/hard/libc_nano.a(lib_a-nano-reallocr.o)
 .debug_frame   0x0000000000001610       0x20 /usr/local/mcuxpressoide-11.7.1_9221/ide/plugins/com.nxp.mcuxpresso.tools.linux_11.7.1.202301190959/tools/bin/../lib/gcc/arm-none-eabi/10.3.1/../../../../arm-none-eabi/lib/thumb/v8-m.main+fp/hard/libc_nano.a(lib_a-nano-msizer.o)
 .debug_frame   0x0000000000001630       0x2c /usr/local/mcuxpressoide-11.7.1_9221/ide/plugins/com.nxp.mcuxpresso.tools.linux_11.7.1.202301190959/tools/bin/../lib/gcc/arm-none-eabi/10.3.1/../../../../arm-none-eabi/lib/thumb/v8-m.main+fp/hard/libcr_newlib_nohost.a(_cr_sbrk.o)
 .debug_frame   0x000000000000165c       0x20 /usr/local/mcuxpressoide-11.7.1_9221/ide/plugins/com.nxp.mcuxpresso.tools.linux_11.7.1.202301190959/tools/bin/../lib/gcc/arm-none-eabi/10.3.1/../../../../arm-none-eabi/lib/thumb/v8-m.main+fp/hard/libcr_newlib_nohost.a(_cr_check_heap.o)

.debug_loc      0x0000000000000000       0xad
 .debug_loc     0x0000000000000000       0x6b /usr/local/mcuxpressoide-11.7.1_9221/ide/plugins/com.nxp.mcuxpresso.tools.linux_11.7.1.202301190959/tools/bin/../lib/gcc/arm-none-eabi/10.3.1/../../../../arm-none-eabi/lib/thumb/v8-m.main+fp/hard/libcr_newlib_nohost.a(_cr_sbrk.o)
 .debug_loc     0x000000000000006b       0x42 /usr/local/mcuxpressoide-11.7.1_9221/ide/plugins/com.nxp.mcuxpresso.tools.linux_11.7.1.202301190959/tools/bin/../lib/gcc/arm-none-eabi/10.3.1/../../../../arm-none-eabi/lib/thumb/v8-m.main+fp/hard/libcr_newlib_nohost.a(_cr_check_heap.o)

Cross Reference Table

Symbol                                            File
ACMP_DriverIRQHandler                             ./startup/startup_lpc55s69_cm33_core0.o
ACMP_IRQHandler                                   ./startup/startup_lpc55s69_cm33_core0.o
ADC0_DriverIRQHandler                             ./startup/startup_lpc55s69_cm33_core0.o
ADC0_IRQHandler                                   ./startup/startup_lpc55s69_cm33_core0.o
BOARD_BootClockFRO12M                             ./board/clock_config.o
BOARD_BootClockFROHF96M                           ./board/clock_config.o
BOARD_BootClockPLL100M                            ./board/clock_config.o
BOARD_BootClockPLL150M                            ./board/clock_config.o
BOARD_BootClockPLL1_150M                          ./board/clock_config.o
BOARD_InitBootClocks                              ./board/clock_config.o
BOARD_InitBootPeripherals                         ./board/peripherals.o
BOARD_InitBootPins                                ./board/pin_mux.o
BOARD_InitDebugConsole                            ./board/board.o
BOARD_InitDebugConsole_Core1                      ./board/board.o
BOARD_InitPeripherals                             ./board/peripherals.o
BOARD_InitPins                                    ./board/pin_mux.o
BusFault_Handler                                  ./startup/startup_lpc55s69_cm33_core0.o
CASER_DriverIRQHandler                            ./startup/startup_lpc55s69_cm33_core0.o
CASER_IRQHandler                                  ./startup/startup_lpc55s69_cm33_core0.o
CLOCK_AttachClk                                   ./drivers/fsl_clock.o
                                                  ./board/clock_config.o
                                                  ./board/board.o
                                                  ./drivers/fsl_power.o
CLOCK_EnableOstimer32kClock                       ./drivers/fsl_clock.o
CLOCK_EnableUsbfs0DeviceClock                     ./drivers/fsl_clock.o
CLOCK_EnableUsbfs0HostClock                       ./drivers/fsl_clock.o
CLOCK_EnableUsbhs0DeviceClock                     ./drivers/fsl_clock.o
CLOCK_EnableUsbhs0HostClock                       ./drivers/fsl_clock.o
CLOCK_EnableUsbhs0PhyPllClock                     ./drivers/fsl_clock.o
CLOCK_GetAdcClkFreq                               ./drivers/fsl_clock.o
CLOCK_GetCTimerClkFreq                            ./drivers/fsl_clock.o
CLOCK_GetClockAttachId                            ./drivers/fsl_clock.o
CLOCK_GetClockOutClkFreq                          ./drivers/fsl_clock.o
CLOCK_GetCoreSysClkFreq                           ./drivers/fsl_clock.o
CLOCK_GetExtClkFreq                               ./drivers/fsl_clock.o
CLOCK_GetFlexCommClkFreq                          ./drivers/fsl_clock.o
CLOCK_GetFlexCommInputClock                       ./drivers/fsl_clock.o
CLOCK_GetFreq                                     ./drivers/fsl_clock.o
CLOCK_GetFro12MFreq                               ./drivers/fsl_clock.o
CLOCK_GetFro1MFreq                                ./drivers/fsl_clock.o
CLOCK_GetFroHfFreq                                ./drivers/fsl_clock.o
CLOCK_GetHsLspiClkFreq                            ./drivers/fsl_clock.o
CLOCK_GetI2SMClkFreq                              ./drivers/fsl_clock.o
CLOCK_GetMclkClkFreq                              ./drivers/fsl_clock.o
CLOCK_GetOsc32KFreq                               ./drivers/fsl_clock.o
CLOCK_GetPLL0InClockRate                          ./drivers/fsl_clock.o
CLOCK_GetPLL0OutClockRate                         ./drivers/fsl_clock.o
CLOCK_GetPLL0OutFromSetup                         ./drivers/fsl_clock.o
CLOCK_GetPLL1InClockRate                          ./drivers/fsl_clock.o
CLOCK_GetPLUClkInFreq                             ./drivers/fsl_clock.o
CLOCK_GetPll0OutFreq                              ./drivers/fsl_clock.o
CLOCK_GetPll1OutFreq                              ./drivers/fsl_clock.o
CLOCK_GetSctClkFreq                               ./drivers/fsl_clock.o
CLOCK_GetSdioClkFreq                              ./drivers/fsl_clock.o
CLOCK_GetSystickClkFreq                           ./drivers/fsl_clock.o
CLOCK_GetUsb0ClkFreq                              ./drivers/fsl_clock.o
CLOCK_GetUsb1ClkFreq                              ./drivers/fsl_clock.o
CLOCK_GetWdtClkFreq                               ./drivers/fsl_clock.o
CLOCK_SetClkDiv                                   ./drivers/fsl_clock.o
                                                  ./board/clock_config.o
                                                  ./drivers/fsl_power.o
CLOCK_SetFLASHAccessCyclesForFreq                 ./drivers/fsl_clock.o
                                                  ./board/clock_config.o
CLOCK_SetFlexCommClock                            ./drivers/fsl_clock.o
CLOCK_SetPLL0Freq                                 ./drivers/fsl_clock.o
                                                  ./board/clock_config.o
CLOCK_SetPLL1Freq                                 ./drivers/fsl_clock.o
                                                  ./board/clock_config.o
CLOCK_SetRtc1hzClkDiv                             ./drivers/fsl_clock.o
CLOCK_SetRtc1khzClkDiv                            ./drivers/fsl_clock.o
CLOCK_SetStoredPLL0ClockRate                      ./drivers/fsl_clock.o
CLOCK_SetupExtClocking                            ./drivers/fsl_clock.o
                                                  ./board/clock_config.o
CLOCK_SetupFROClocking                            ./drivers/fsl_clock.o
                                                  ./board/clock_config.o
CLOCK_SetupI2SMClkClocking                        ./drivers/fsl_clock.o
CLOCK_SetupPLL0Data                               ./drivers/fsl_clock.o
CLOCK_SetupPLL0Mult                               ./drivers/fsl_clock.o
CLOCK_SetupPLL0Prec                               ./drivers/fsl_clock.o
CLOCK_SetupPLUClkInClocking                       ./drivers/fsl_clock.o
CTIMER0_DriverIRQHandler                          ./startup/startup_lpc55s69_cm33_core0.o
CTIMER0_IRQHandler                                ./startup/startup_lpc55s69_cm33_core0.o
CTIMER1_DriverIRQHandler                          ./startup/startup_lpc55s69_cm33_core0.o
CTIMER1_IRQHandler                                ./startup/startup_lpc55s69_cm33_core0.o
CTIMER2_DriverIRQHandler                          ./startup/startup_lpc55s69_cm33_core0.o
CTIMER2_IRQHandler                                ./startup/startup_lpc55s69_cm33_core0.o
CTIMER3_DriverIRQHandler                          ./startup/startup_lpc55s69_cm33_core0.o
CTIMER3_IRQHandler                                ./startup/startup_lpc55s69_cm33_core0.o
CTIMER4_DriverIRQHandler                          ./startup/startup_lpc55s69_cm33_core0.o
CTIMER4_IRQHandler                                ./startup/startup_lpc55s69_cm33_core0.o
DMA0_DriverIRQHandler                             ./drivers/fsl_dma.o
                                                  ./startup/startup_lpc55s69_cm33_core0.o
DMA0_IRQHandler                                   ./startup/startup_lpc55s69_cm33_core0.o
DMA1_DriverIRQHandler                             ./drivers/fsl_dma.o
                                                  ./startup/startup_lpc55s69_cm33_core0.o
DMA1_IRQHandler                                   ./startup/startup_lpc55s69_cm33_core0.o
DMA_AbortTransfer                                 ./drivers/fsl_dma.o
DMA_Callback                                      ./source/hello_world_ns.o
DMA_ConfigureChannelTrigger                       ./drivers/fsl_dma.o
DMA_CreateDescriptor                              ./drivers/fsl_dma.o
DMA_CreateHandle                                  ./drivers/fsl_dma.o
                                                  ./source/hello_world_ns.o
DMA_Deinit                                        ./drivers/fsl_dma.o
                                                  ./source/hello_world_ns.o
DMA_GetRemainingBytes                             ./drivers/fsl_dma.o
DMA_IRQHandle                                     ./drivers/fsl_dma.o
DMA_Init                                          ./drivers/fsl_dma.o
                                                  ./board/peripherals.o
                                                  ./source/hello_world_ns.o
DMA_InstallDescriptorMemory                       ./drivers/fsl_dma.o
DMA_LoadChannelDescriptor                         ./drivers/fsl_dma.o
DMA_PrepareChannelTransfer                        ./drivers/fsl_dma.o
                                                  ./source/hello_world_ns.o
DMA_PrepareTransfer                               ./drivers/fsl_dma.o
DMA_SetCallback                                   ./drivers/fsl_dma.o
                                                  ./source/hello_world_ns.o
DMA_SetChannelConfig                              ./drivers/fsl_dma.o
DMA_SetupChannelDescriptor                        ./drivers/fsl_dma.o
DMA_SetupDescriptor                               ./drivers/fsl_dma.o
                                                  ./source/hello_world_ns.o
DMA_StartTransfer                                 ./drivers/fsl_dma.o
                                                  ./source/hello_world_ns.o
DMA_SubmitChannelDescriptor                       ./drivers/fsl_dma.o
DMA_SubmitChannelTransfer                         ./drivers/fsl_dma.o
                                                  ./source/hello_world_ns.o
DMA_SubmitChannelTransferParameter                ./drivers/fsl_dma.o
DMA_SubmitTransfer                                ./drivers/fsl_dma.o
DbgConsole_Deinit                                 ./utilities/fsl_debug_console.o
DbgConsole_Getchar                                ./utilities/fsl_debug_console.o
DbgConsole_Init                                   ./utilities/fsl_debug_console.o
                                                  ./board/board.o
DbgConsole_Printf                                 ./utilities/fsl_debug_console.o
                                                  ./utilities/fsl_assert.o
DbgConsole_Printf_NSE                             /home/cris/Documents/0_Projects/uarchs_paper/LPC55S69_DMA_Covert_Channel/src/lpcxpresso55s69_hello_world_s/Debug/lpcxpresso55s69_hello_world_s_CMSE_lib.o
                                                  ./source/hello_world_ns.o
DbgConsole_Putchar                                ./utilities/fsl_debug_console.o
DbgConsole_Scanf                                  ./utilities/fsl_debug_console.o
DbgConsole_Vprintf                                ./utilities/fsl_debug_console.o
DebugMon_Handler                                  ./startup/startup_lpc55s69_cm33_core0.o
FLEXCOMM0_DriverIRQHandler                        ./drivers/fsl_flexcomm.o
                                                  ./startup/startup_lpc55s69_cm33_core0.o
FLEXCOMM0_IRQHandler                              ./startup/startup_lpc55s69_cm33_core0.o
FLEXCOMM1_DriverIRQHandler                        ./drivers/fsl_flexcomm.o
                                                  ./startup/startup_lpc55s69_cm33_core0.o
FLEXCOMM1_IRQHandler                              ./startup/startup_lpc55s69_cm33_core0.o
FLEXCOMM2_DriverIRQHandler                        ./drivers/fsl_flexcomm.o
                                                  ./startup/startup_lpc55s69_cm33_core0.o
FLEXCOMM2_IRQHandler                              ./startup/startup_lpc55s69_cm33_core0.o
FLEXCOMM3_DriverIRQHandler                        ./drivers/fsl_flexcomm.o
                                                  ./startup/startup_lpc55s69_cm33_core0.o
FLEXCOMM3_IRQHandler                              ./startup/startup_lpc55s69_cm33_core0.o
FLEXCOMM4_DriverIRQHandler                        ./drivers/fsl_flexcomm.o
                                                  ./startup/startup_lpc55s69_cm33_core0.o
FLEXCOMM4_IRQHandler                              ./startup/startup_lpc55s69_cm33_core0.o
FLEXCOMM5_DriverIRQHandler                        ./drivers/fsl_flexcomm.o
                                                  ./startup/startup_lpc55s69_cm33_core0.o
FLEXCOMM5_IRQHandler                              ./startup/startup_lpc55s69_cm33_core0.o
FLEXCOMM6_DriverIRQHandler                        ./drivers/fsl_flexcomm.o
                                                  ./startup/startup_lpc55s69_cm33_core0.o
FLEXCOMM6_IRQHandler                              ./startup/startup_lpc55s69_cm33_core0.o
FLEXCOMM7_DriverIRQHandler                        ./drivers/fsl_flexcomm.o
                                                  ./startup/startup_lpc55s69_cm33_core0.o
FLEXCOMM7_IRQHandler                              ./startup/startup_lpc55s69_cm33_core0.o
FLEXCOMM8_DriverIRQHandler                        ./drivers/fsl_flexcomm.o
                                                  ./startup/startup_lpc55s69_cm33_core0.o
FLEXCOMM8_IRQHandler                              ./startup/startup_lpc55s69_cm33_core0.o
FLEXCOMM_GetInstance                              ./drivers/fsl_flexcomm.o
FLEXCOMM_Init                                     ./drivers/fsl_flexcomm.o
                                                  ./drivers/fsl_usart.o
                                                  ./drivers/fsl_i2c.o
FLEXCOMM_SetIRQHandler                            ./drivers/fsl_flexcomm.o
                                                  ./drivers/fsl_usart.o
                                                  ./drivers/fsl_i2c.o
GINT0_DriverIRQHandler                            ./startup/startup_lpc55s69_cm33_core0.o
GINT0_IRQHandler                                  ./startup/startup_lpc55s69_cm33_core0.o
GINT1_DriverIRQHandler                            ./startup/startup_lpc55s69_cm33_core0.o
GINT1_IRQHandler                                  ./startup/startup_lpc55s69_cm33_core0.o
GPIO_PinInit                                      ./drivers/fsl_gpio.o
GPIO_PortInit                                     ./drivers/fsl_gpio.o
HAL_UartDeinit                                    ./component/uart/fsl_adapter_usart.o
                                                  ./component/serial_manager/fsl_component_serial_port_uart.o
                                                  ./utilities/fsl_debug_console.o
HAL_UartEnterLowpower                             ./component/uart/fsl_adapter_usart.o
                                                  ./component/serial_manager/fsl_component_serial_port_uart.o
HAL_UartExitLowpower                              ./component/uart/fsl_adapter_usart.o
                                                  ./component/serial_manager/fsl_component_serial_port_uart.o
HAL_UartInit                                      ./component/uart/fsl_adapter_usart.o
                                                  ./component/serial_manager/fsl_component_serial_port_uart.o
                                                  ./utilities/fsl_debug_console.o
HAL_UartReceiveBlocking                           ./component/uart/fsl_adapter_usart.o
                                                  ./component/serial_manager/fsl_component_serial_port_uart.o
                                                  ./utilities/fsl_debug_console.o
HAL_UartSendBlocking                              ./component/uart/fsl_adapter_usart.o