Archive member included to satisfy reference by file (symbol)

c:/program files (x86)/atmel/studio/7.0/toolchain/arm/arm-gnu-toolchain/bin/../lib/gcc/arm-none-eabi/6.3.1/thumb/v7e-m\libgcc.a(_arm_addsubdf3.o)
                              hpl/sercom/hpl_sercom.o (__aeabi_dsub)
c:/program files (x86)/atmel/studio/7.0/toolchain/arm/arm-gnu-toolchain/bin/../lib/gcc/arm-none-eabi/6.3.1/thumb/v7e-m\libgcc.a(_arm_muldivdf3.o)
                              hpl/sercom/hpl_sercom.o (__aeabi_dmul)
c:/program files (x86)/atmel/studio/7.0/toolchain/arm/arm-gnu-toolchain/bin/../lib/gcc/arm-none-eabi/6.3.1/thumb/v7e-m\libgcc.a(_arm_fixunsdfsi.o)
                              hpl/sercom/hpl_sercom.o (__aeabi_d2uiz)
c:/program files (x86)/atmel/studio/7.0/toolchain/arm/arm-gnu-toolchain/bin/../lib/gcc/arm-none-eabi/6.3.1/thumb/v7e-m\libgcc.a(_aeabi_uldivmod.o)
                              hpl/sercom/hpl_sercom.o (__aeabi_uldivmod)
c:/program files (x86)/atmel/studio/7.0/toolchain/arm/arm-gnu-toolchain/bin/../lib/gcc/arm-none-eabi/6.3.1/thumb/v7e-m\libgcc.a(_udivmoddi4.o)
                              c:/program files (x86)/atmel/studio/7.0/toolchain/arm/arm-gnu-toolchain/bin/../lib/gcc/arm-none-eabi/6.3.1/thumb/v7e-m\libgcc.a(_aeabi_uldivmod.o) (__udivmoddi4)
c:/program files (x86)/atmel/studio/7.0/toolchain/arm/arm-gnu-toolchain/bin/../lib/gcc/arm-none-eabi/6.3.1/thumb/v7e-m\libgcc.a(_dvmd_tls.o)
                              c:/program files (x86)/atmel/studio/7.0/toolchain/arm/arm-gnu-toolchain/bin/../lib/gcc/arm-none-eabi/6.3.1/thumb/v7e-m\libgcc.a(_aeabi_uldivmod.o) (__aeabi_ldiv0)
c:/program files (x86)/atmel/studio/7.0/toolchain/arm/arm-gnu-toolchain/bin/../lib/gcc/arm-none-eabi/6.3.1/../../../../arm-none-eabi/lib/thumb/v7e-m\libc_nano.a(lib_a-exit.o)
                              c:/program files (x86)/atmel/studio/7.0/toolchain/arm/arm-gnu-toolchain/bin/../lib/gcc/arm-none-eabi/6.3.1/../../../../arm-none-eabi/lib/thumb/v7e-m/crt0.o (exit)
c:/program files (x86)/atmel/studio/7.0/toolchain/arm/arm-gnu-toolchain/bin/../lib/gcc/arm-none-eabi/6.3.1/../../../../arm-none-eabi/lib/thumb/v7e-m\libc_nano.a(lib_a-impure.o)
                              c:/program files (x86)/atmel/studio/7.0/toolchain/arm/arm-gnu-toolchain/bin/../lib/gcc/arm-none-eabi/6.3.1/../../../../arm-none-eabi/lib/thumb/v7e-m\libc_nano.a(lib_a-exit.o) (_global_impure_ptr)
c:/program files (x86)/atmel/studio/7.0/toolchain/arm/arm-gnu-toolchain/bin/../lib/gcc/arm-none-eabi/6.3.1/../../../../arm-none-eabi/lib/thumb/v7e-m\libc_nano.a(lib_a-init.o)
                              c:/program files (x86)/atmel/studio/7.0/toolchain/arm/arm-gnu-toolchain/bin/../lib/gcc/arm-none-eabi/6.3.1/../../../../arm-none-eabi/lib/thumb/v7e-m/crt0.o (__libc_init_array)
c:/program files (x86)/atmel/studio/7.0/toolchain/arm/arm-gnu-toolchain/bin/../lib/gcc/arm-none-eabi/6.3.1/../../../../arm-none-eabi/lib/thumb/v7e-m\libc_nano.a(lib_a-memset.o)
                              c:/program files (x86)/atmel/studio/7.0/toolchain/arm/arm-gnu-toolchain/bin/../lib/gcc/arm-none-eabi/6.3.1/../../../../arm-none-eabi/lib/thumb/v7e-m/crt0.o (memset)
c:/program files (x86)/atmel/studio/7.0/toolchain/arm/arm-gnu-toolchain/bin/../lib/gcc/arm-none-eabi/6.3.1/../../../../arm-none-eabi/lib/thumb/v7e-m\libc_nano.a(lib_a-printf.o)
                              hal/utils/src/utils_syscalls.o (printf)
c:/program files (x86)/atmel/studio/7.0/toolchain/arm/arm-gnu-toolchain/bin/../lib/gcc/arm-none-eabi/6.3.1/../../../../arm-none-eabi/lib/thumb/v7e-m\libc_nano.a(lib_a-sprintf.o)
                              edbg_uart_example.o (sprintf)
c:/program files (x86)/atmel/studio/7.0/toolchain/arm/arm-gnu-toolchain/bin/../lib/gcc/arm-none-eabi/6.3.1/../../../../arm-none-eabi/lib/thumb/v7e-m\libc_nano.a(lib_a-findfp.o)
                              c:/program files (x86)/atmel/studio/7.0/toolchain/arm/arm-gnu-toolchain/bin/../lib/gcc/arm-none-eabi/6.3.1/../../../../arm-none-eabi/lib/thumb/v7e-m\libc_nano.a(lib_a-printf.o) (__sinit)
c:/program files (x86)/atmel/studio/7.0/toolchain/arm/arm-gnu-toolchain/bin/../lib/gcc/arm-none-eabi/6.3.1/../../../../arm-none-eabi/lib/thumb/v7e-m\libc_nano.a(lib_a-fwalk.o)
                              c:/program files (x86)/atmel/studio/7.0/toolchain/arm/arm-gnu-toolchain/bin/../lib/gcc/arm-none-eabi/6.3.1/../../../../arm-none-eabi/lib/thumb/v7e-m\libc_nano.a(lib_a-findfp.o) (_fwalk)
c:/program files (x86)/atmel/studio/7.0/toolchain/arm/arm-gnu-toolchain/bin/../lib/gcc/arm-none-eabi/6.3.1/../../../../arm-none-eabi/lib/thumb/v7e-m\libc_nano.a(lib_a-nano-mallocr.o)
                              c:/program files (x86)/atmel/studio/7.0/toolchain/arm/arm-gnu-toolchain/bin/../lib/gcc/arm-none-eabi/6.3.1/../../../../arm-none-eabi/lib/thumb/v7e-m\libc_nano.a(lib_a-findfp.o) (_malloc_r)
c:/program files (x86)/atmel/studio/7.0/toolchain/arm/arm-gnu-toolchain/bin/../lib/gcc/arm-none-eabi/6.3.1/../../../../arm-none-eabi/lib/thumb/v7e-m\libc_nano.a(lib_a-nano-svfprintf.o)
[...]
Memory Configuration

Name             Origin             Length             Attributes
rom              0x00000000         0x00100000         xr
ram              0x20000000         0x00040000         xrw
bkupram          0x47000000         0x00002000         xrw
qspi             0x04000000         0x01000000         xrw
*default*        0x00000000         0xffffffff

Linker script and memory map

LOAD c:/program files (x86)/atmel/studio/7.0/toolchain/arm/arm-gnu-toolchain/bin/../lib/gcc/arm-none-eabi/6.3.1/thumb/v7e-m/crti.o
LOAD c:/program files (x86)/atmel/studio/7.0/toolchain/arm/arm-gnu-toolchain/bin/../lib/gcc/arm-none-eabi/6.3.1/thumb/v7e-m/crtbegin.o
LOAD c:/program files (x86)/atmel/studio/7.0/toolchain/arm/arm-gnu-toolchain/bin/../lib/gcc/arm-none-eabi/6.3.1/../../../../arm-none-eabi/lib/thumb/v7e-m/crt0.o
LOAD atmel_start.o
LOAD Device_Startup/startup_same54.o
LOAD Device_Startup/system_same54.o
LOAD driver_init.o
LOAD edbg_uart_example.o
LOAD examples/driver_examples.o
LOAD hal/src/hal_atomic.o
LOAD hal/src/hal_cache.o
LOAD hal/src/hal_delay.o
LOAD hal/src/hal_gpio.o
LOAD hal/src/hal_init.o
LOAD hal/src/hal_io.o
LOAD hal/src/hal_sleep.o
LOAD hal/src/hal_usart_sync.o
LOAD hal/utils/src/utils_assert.o
LOAD hal/utils/src/utils_event.o
LOAD hal/utils/src/utils_list.o
LOAD hal/utils/src/utils_syscalls.o
LOAD hpl/cmcc/hpl_cmcc.o
LOAD hpl/core/hpl_core_m4.o
LOAD hpl/core/hpl_init.o
LOAD hpl/dmac/hpl_dmac.o
LOAD hpl/gclk/hpl_gclk.o
LOAD hpl/mclk/hpl_mclk.o
LOAD hpl/osc32kctrl/hpl_osc32kctrl.o
LOAD hpl/oscctrl/hpl_oscctrl.o
LOAD hpl/pm/hpl_pm.o
LOAD hpl/ramecc/hpl_ramecc.o
LOAD hpl/sercom/hpl_sercom.o
LOAD hpl/tc/tc_lite.o
START GROUP
LOAD c:/program files (x86)/atmel/studio/7.0/toolchain/arm/arm-gnu-toolchain/bin/../lib/gcc/arm-none-eabi/6.3.1/../../../../arm-none-eabi/lib/thumb/v7e-m\libm.a
END GROUP
START GROUP
LOAD c:/program files (x86)/atmel/studio/7.0/toolchain/arm/arm-gnu-toolchain/bin/../lib/gcc/arm-none-eabi/6.3.1/thumb/v7e-m\libgcc.a
LOAD c:/program files (x86)/atmel/studio/7.0/toolchain/arm/arm-gnu-toolchain/bin/../lib/gcc/arm-none-eabi/6.3.1/../../../../arm-none-eabi/lib/thumb/v7e-m\libc_nano.a
END GROUP
START GROUP
LOAD c:/program files (x86)/atmel/studio/7.0/toolchain/arm/arm-gnu-toolchain/bin/../lib/gcc/arm-none-eabi/6.3.1/thumb/v7e-m\libgcc.a
LOAD c:/program files (x86)/atmel/studio/7.0/toolchain/arm/arm-gnu-toolchain/bin/../lib/gcc/arm-none-eabi/6.3.1/../../../../arm-none-eabi/lib/thumb/v7e-m\libc_nano.a
END GROUP
LOAD c:/program files (x86)/atmel/studio/7.0/toolchain/arm/arm-gnu-toolchain/bin/../lib/gcc/arm-none-eabi/6.3.1/thumb/v7e-m/crtend.o
LOAD c:/program files (x86)/atmel/studio/7.0/toolchain/arm/arm-gnu-toolchain/bin/../lib/gcc/arm-none-eabi/6.3.1/thumb/v7e-m/crtn.o
                0x00010000                STACK_SIZE = DEFINED (STACK_SIZE)?STACK_SIZE:DEFINED (__stack_size__)?__stack_size__:0x10000

.text           0x00000000     0x1960
                0x00000000                . = ALIGN (0x4)
                0x00000000                _sfixed = .
 *(.vectors .vectors.*)
 .vectors       0x00000000      0x264 Device_Startup/startup_same54.o
                0x00000000                exception_table
 *(.text .text.* .gnu.linkonce.t.*)
 .text          0x00000264       0x6c c:/program files (x86)/atmel/studio/7.0/toolchain/arm/arm-gnu-toolchain/bin/../lib/gcc/arm-none-eabi/6.3.1/thumb/v7e-m/crtbegin.o
 .text.atmel_start_init
                0x000002d0        0xc atmel_start.o
                0x000002d0                atmel_start_init
 .text.Dummy_Handler
                0x000002dc        0x2 Device_Startup/startup_same54.o
                0x000002dc                EIC_5_Handler
                0x000002dc                SVCall_Handler
                0x000002dc                SERCOM0_2_Handler
                0x000002dc                EIC_13_Handler
                0x000002dc                EVSYS_0_Handler
                0x000002dc                TCC1_3_Handler
                0x000002dc                DAC_3_Handler
                0x000002dc                TRNG_Handler
                0x000002dc                HardFault_Handler
                0x000002dc                TC2_Handler
                0x000002dc                PDEC_2_Handler
                0x000002dc                EIC_4_Handler
                0x000002dc                AC_Handler
                0x000002dc                SERCOM3_1_Handler
                0x000002dc                SysTick_Handler
                0x000002dc                TCC2_3_Handler
                0x000002dc                SERCOM3_2_Handler
                0x000002dc                PendSV_Handler
                0x000002dc                TC7_Handler
                0x000002dc                ADC1_1_Handler
                0x000002dc                EVSYS_3_Handler
                0x000002dc                PDEC_0_Handler
                0x000002dc                QSPI_Handler
                0x000002dc                NonMaskableInt_Handler
                0x000002dc                TCC0_0_Handler
                0x000002dc                EIC_3_Handler
                0x000002dc                MemManagement_Handler
                0x000002dc                DAC_2_Handler
                0x000002dc                SERCOM0_0_Handler
                0x000002dc                RTC_Handler
                0x000002dc                UsageFault_Handler
                0x000002dc                SERCOM4_0_Handler
                0x000002dc                EIC_10_Handler
                0x000002dc                SERCOM0_3_Handler
                0x000002dc                EIC_11_Handler
                0x000002dc                EIC_9_Handler
                0x000002dc                OSC32KCTRL_Handler
                0x000002dc                TCC2_1_Handler
                0x000002dc                SUPC_1_Handler
                0x000002dc                TCC0_5_Handler
                0x000002dc                TCC0_6_Handler
                0x000002dc                SERCOM6_2_Handler
                0x000002dc                EVSYS_1_Handler
                0x000002dc                TCC1_4_Handler
                0x000002dc                TC6_Handler
                0x000002dc                WDT_Handler
                0x000002dc                CAN0_Handler
                0x000002dc                EIC_8_Handler
                0x000002dc                EIC_15_Handler
                0x000002dc                SERCOM6_0_Handler
                0x000002dc                SERCOM5_0_Handler
                0x000002dc                TC4_Handler
                0x000002dc                TC1_Handler
                0x000002dc                OSCCTRL_4_Handler
                0x000002dc                SERCOM4_3_Handler
                0x000002dc                EIC_12_Handler
                0x000002dc                TCC4_2_Handler
                0x000002dc                PAC_Handler
                0x000002dc                TCC1_0_Handler
                0x000002dc                USB_0_Handler
                0x000002dc                OSCCTRL_0_Handler
                0x000002dc                EIC_0_Handler
                0x000002dc                OSCCTRL_3_Handler
                0x000002dc                SERCOM4_1_Handler
                0x000002dc                TC3_Handler
                0x000002dc                Dummy_Handler
                0x000002dc                TCC3_0_Handler
                0x000002dc                TCC2_2_Handler
                0x000002dc                SERCOM5_1_Handler
                0x000002dc                TCC1_1_Handler
                0x000002dc                ADC0_0_Handler
                0x000002dc                SERCOM0_1_Handler
                0x000002dc                OSCCTRL_2_Handler
                0x000002dc                ADC1_0_Handler
                0x000002dc                TCC1_2_Handler
                0x000002dc                SERCOM7_1_Handler
                0x000002dc                USB_1_Handler
                0x000002dc                PM_Handler
                0x000002dc                SERCOM6_3_Handler
                0x000002dc                SERCOM2_3_Handler
                0x000002dc                DAC_4_Handler
                0x000002dc                TCC3_2_Handler
                0x000002dc                SERCOM7_0_Handler
                0x000002dc                TCC0_2_Handler
                0x000002dc                TCC4_0_Handler
                0x000002dc                SERCOM7_3_Handler
                0x000002dc                GMAC_Handler
                0x000002dc                SDHC1_Handler
                0x000002dc                USB_3_Handler
                0x000002dc                SERCOM7_2_Handler
                0x000002dc                CAN1_Handler
                0x000002dc                TCC2_0_Handler
                0x000002dc                PDEC_1_Handler
                0x000002dc                TCC4_1_Handler
                0x000002dc                SERCOM5_3_Handler
                0x000002dc                USB_2_Handler
                0x000002dc                SERCOM6_1_Handler
                0x000002dc                SDHC0_Handler
                0x000002dc                SERCOM1_1_Handler
                0x000002dc                I2S_Handler
                0x000002dc                EIC_2_Handler
                0x000002dc                PCC_Handler
                0x000002dc                DAC_0_Handler
                0x000002dc                TCC0_1_Handler
                0x000002dc                SERCOM1_3_Handler
                0x000002dc                EIC_6_Handler
                0x000002dc                OSCCTRL_1_Handler
                0x000002dc                SERCOM1_0_Handler
                0x000002dc                PUKCC_Handler
                0x000002dc                SERCOM2_1_Handler
                0x000002dc                SERCOM1_2_Handler
                0x000002dc                SERCOM3_0_Handler
                0x000002dc                EIC_1_Handler
                0x000002dc                SERCOM4_2_Handler
                0x000002dc                EVSYS_4_Handler
                0x000002dc                EIC_7_Handler
                0x000002dc                NVMCTRL_1_Handler
                0x000002dc                SERCOM5_2_Handler
                0x000002dc                SERCOM3_3_Handler
                0x000002dc                ADC0_1_Handler
                0x000002dc                SERCOM2_2_Handler
                0x000002dc                TCC3_1_Handler
                0x000002dc                EIC_14_Handler
                0x000002dc                DAC_1_Handler
                0x000002dc                NVMCTRL_0_Handler
                0x000002dc                MCLK_Handler
                0x000002dc                EVSYS_2_Handler
                0x000002dc                SUPC_0_Handler
                0x000002dc                BusFault_Handler
                0x000002dc                FREQM_Handler
                0x000002dc                TC0_Handler
                0x000002dc                TCC0_3_Handler
                0x000002dc                DebugMonitor_Handler
                0x000002dc                TCC0_4_Handler
                0x000002dc                TC5_Handler
                0x000002dc                SERCOM2_0_Handler
                0x000002dc                AES_Handler
                0x000002dc                ICM_Handler
 *fill*         0x000002de        0x2 
 .text.Reset_Handler
                0x000002e0       0x98 Device_Startup/startup_same54.o
                0x000002e0                Reset_Handler
 .text.EDBG_COM_PORT_init
                0x00000378       0x48 driver_init.o
                0x00000378                EDBG_COM_PORT_init
 .text.EDBG_COM_CLOCK_init
                0x000003c0       0x24 driver_init.o
                0x000003c0                EDBG_COM_CLOCK_init
 .text.EDBG_COM_init
                0x000003e4       0x2c driver_init.o
                0x000003e4                EDBG_COM_init
 .text.TIMER_0_CLOCK_init
                0x00000410       0x24 driver_init.o
                0x00000410                TIMER_0_CLOCK_init
 .text.system_init
                0x00000434       0x54 driver_init.o
                0x00000434                system_init
 .text.hri_dmac_clear_CHINTFLAG_TCMPL_bit
                0x00000488        0xc edbg_uart_example.o
 .text.trojan   0x00000494       0x54 edbg_uart_example.o
                0x00000494                trojan
 .text.config_DMA_M2M
                0x000004e8       0x64 edbg_uart_example.o
                0x000004e8                config_DMA_M2M
 .text.DMAC_0_Handler
                0x0000054c       0xf4 edbg_uart_example.o
                0x0000054c                DMAC_0_Handler
 .text.covert_channel
                0x00000640       0x5c edbg_uart_example.o
                0x00000640                covert_channel
 .text.main     0x0000069c       0x24 edbg_uart_example.o
                0x0000069c                main
 .text.io_write
                0x000006c0       0x30 hal/src/hal_io.o
                0x000006c0                io_write
 .text.usart_sync_write
                0x000006f0       0x74 hal/src/hal_usart_sync.o
 .text.usart_sync_read
                0x00000764       0x60 hal/src/hal_usart_sync.o
 .text.usart_sync_init
                0x000007c4       0x48 hal/src/hal_usart_sync.o
                0x000007c4                usart_sync_init
 .text.usart_sync_enable
                0x0000080c       0x2c hal/src/hal_usart_sync.o
                0x0000080c                usart_sync_enable
 .text.assert   0x00000838        0x6 hal/utils/src/utils_assert.o
                0x00000838                assert
 *fill*         0x0000083e        0x2 
 .text._sbrk    0x00000840       0x24 hal/utils/src/utils_syscalls.o
                0x00000840                _sbrk
 .text._init_chip
                0x00000864       0x54 hpl/core/hpl_init.o
                0x00000864                _init_chip
 .text._dmac_handler
                0x000008b8       0x64 hpl/dmac/hpl_dmac.o
 .text._dma_init
                0x0000091c       0xe0 hpl/dmac/hpl_dmac.o
                0x0000091c                _dma_init
 .text._dma_set_irq_state
                0x000009fc       0x52 hpl/dmac/hpl_dmac.o
                0x000009fc                _dma_set_irq_state
 *fill*         0x00000a4e        0x2 
 .text._dma_set_destination_address
                0x00000a50       0x10 hpl/dmac/hpl_dmac.o
                0x00000a50                _dma_set_destination_address
 .text._dma_set_source_address
                0x00000a60       0x10 hpl/dmac/hpl_dmac.o
                0x00000a60                _dma_set_source_address
 .text._dma_srcinc_enable
                0x00000a70       0x1c hpl/dmac/hpl_dmac.o
                0x00000a70                _dma_srcinc_enable
 .text._dma_set_data_amount
                0x00000a8c       0x58 hpl/dmac/hpl_dmac.o
                0x00000a8c                _dma_set_data_amount
 .text._dma_enable_transaction
                0x00000ae4       0x40 hpl/dmac/hpl_dmac.o
                0x00000ae4                _dma_enable_transaction
 .text._dma_dstinc_enable
                0x00000b24       0x1c hpl/dmac/hpl_dmac.o
                0x00000b24                _dma_dstinc_enable
 .text.DMAC_1_Handler
                0x00000b40        0xc hpl/dmac/hpl_dmac.o
                0x00000b40                DMAC_1_Handler
 .text.DMAC_2_Handler
                0x00000b4c        0xc hpl/dmac/hpl_dmac.o
                0x00000b4c                DMAC_2_Handler
 .text.DMAC_3_Handler
                0x00000b58        0xc hpl/dmac/hpl_dmac.o
                0x00000b58                DMAC_3_Handler
 .text.DMAC_4_Handler
                0x00000b64        0xc hpl/dmac/hpl_dmac.o
                0x00000b64                DMAC_4_Handler
 .text._gclk_init_generators_by_fref
                0x00000b70       0x24 hpl/gclk/hpl_gclk.o
                0x00000b70                _gclk_init_generators_by_fref
 .text._mclk_init
                0x00000b94        0xc hpl/mclk/hpl_mclk.o
                0x00000b94                _mclk_init
 .text._osc32kctrl_init_sources
                0x00000ba0       0x14 hpl/osc32kctrl/hpl_osc32kctrl.o
                0x00000ba0                _osc32kctrl_init_sources
 .text._oscctrl_init_sources
                0x00000bb4       0x1c hpl/oscctrl/hpl_oscctrl.o
                0x00000bb4                _oscctrl_init_sources
 .text._oscctrl_init_referenced_generators
                0x00000bd0        0x2 hpl/oscctrl/hpl_oscctrl.o
                0x00000bd0                _oscctrl_init_referenced_generators
 *fill*         0x00000bd2        0x2 
 .text.RAMECC_Handler
                0x00000bd4       0x44 hpl/ramecc/hpl_ramecc.o
                0x00000bd4                RAMECC_Handler
 .text._sercom_get_hardware_index
                0x00000c18       0x44 hpl/sercom/hpl_sercom.o
 .text._usart_init
                0x00000c5c       0xa0 hpl/sercom/hpl_sercom.o
 .text._usart_sync_init
                0x00000cfc       0x2c hpl/sercom/hpl_sercom.o
                0x00000cfc                _usart_sync_init
 .text._usart_sync_enable
                0x00000d28       0x14 hpl/sercom/hpl_sercom.o
                0x00000d28                _usart_sync_enable
 .text._usart_sync_write_byte
                0x00000d3c        0x6 hpl/sercom/hpl_sercom.o
                0x00000d3c                _usart_sync_write_byte
 .text._usart_sync_read_byte
                0x00000d42        0x8 hpl/sercom/hpl_sercom.o
                0x00000d42                _usart_sync_read_byte
 .text._usart_sync_is_ready_to_send
                0x00000d4a        0xa hpl/sercom/hpl_sercom.o
                0x00000d4a                _usart_sync_is_ready_to_send
 .text._usart_sync_is_transmit_done
                0x00000d54        0xa hpl/sercom/hpl_sercom.o
                0x00000d54                _usart_sync_is_transmit_done
 .text._usart_sync_is_byte_received
                0x00000d5e        0xa hpl/sercom/hpl_sercom.o
                0x00000d5e                _usart_sync_is_byte_received
 .text.TIMER_0_init
                0x00000d68       0x8c hpl/tc/tc_lite.o
                0x00000d68                TIMER_0_init
 .text.__libc_init_array
                0x00000df4       0x48 c:/program files (x86)/atmel/studio/7.0/toolchain/arm/arm-gnu-toolchain/bin/../lib/gcc/arm-none-eabi/6.3.1/../../../../arm-none-eabi/lib/thumb/v7e-m\libc_nano.a(lib_a-init.o)
                0x00000df4                __libc_init_array
 .text.sprintf  0x00000e3c       0x48 c:/program files (x86)/atmel/studio/7.0/toolchain/arm/arm-gnu-toolchain/bin/../lib/gcc/arm-none-eabi/6.3.1/../../../../arm-none-eabi/lib/thumb/v7e-m\libc_nano.a(lib_a-sprintf.o)
                0x00000e3c                siprintf
                0x00000e3c                sprintf
 .text._malloc_r
                0x00000e84       0xbc c:/program files (x86)/atmel/studio/7.0/toolchain/arm/arm-gnu-toolchain/bin/../lib/gcc/arm-none-eabi/6.3.1/../../../../arm-none-eabi/lib/thumb/v7e-m\libc_nano.a(lib_a-nano-mallocr.o)
                0x00000e84                _malloc_r
 .text.__ssputs_r
                0x00000f40       0xb6 c:/program files (x86)/atmel/studio/7.0/toolchain/arm/arm-gnu-toolchain/bin/../lib/gcc/arm-none-eabi/6.3.1/../../../../arm-none-eabi/lib/thumb/v7e-m\libc_nano.a(lib_a-nano-svfprintf.o)
                0x00000f40                __ssputs_r
 *fill*         0x00000ff6        0x2 
 .text._svfprintf_r
                0x00000ff8      0x1e8 c:/program files (x86)/atmel/studio/7.0/toolchain/arm/arm-gnu-toolchain/bin/../lib/gcc/arm-none-eabi/6.3.1/../../../../arm-none-eabi/lib/thumb/v7e-m\libc_nano.a(lib_a-nano-svfprintf.o)
                0x00000ff8                _svfiprintf_r
                0x00000ff8                _svfprintf_r
 .text._printf_common
                0x000011e0       0xec c:/program files (x86)/atmel/studio/7.0/toolchain/arm/arm-gnu-toolchain/bin/../lib/gcc/arm-none-eabi/6.3.1/../../../../arm-none-eabi/lib/thumb/v7e-m\libc_nano.a(lib_a-nano-vfprintf_i.o)
                0x000011e0                _printf_common
 .text._printf_i
                0x000012cc      0x240 c:/program files (x86)/atmel/studio/7.0/toolchain/arm/arm-gnu-toolchain/bin/../lib/gcc/arm-none-eabi/6.3.1/../../../../arm-none-eabi/lib/thumb/v7e-m\libc_nano.a(lib_a-nano-vfprintf_i.o)
                0x000012cc                _printf_i
 .text._sbrk_r  0x0000150c       0x20 c:/program files (x86)/atmel/studio/7.0/toolchain/arm/arm-gnu-toolchain/bin/../lib/gcc/arm-none-eabi/6.3.1/../../../../arm-none-eabi/lib/thumb/v7e-m\libc_nano.a(lib_a-sbrkr.o)
                0x0000150c                _sbrk_r
 *fill*         0x0000152c        0x4 
 .text          0x00001530       0xa0 c:/program files (x86)/atmel/studio/7.0/toolchain/arm/arm-gnu-toolchain/bin/../lib/gcc/arm-none-eabi/6.3.1/../../../../arm-none-eabi/lib/thumb/v7e-m\libc_nano.a(lib_a-memchr.o)
                0x00001530                memchr
 .text.memcpy   0x000015d0       0x16 c:/program files (x86)/atmel/studio/7.0/toolchain/arm/arm-gnu-toolchain/bin/../lib/gcc/arm-none-eabi/6.3.1/../../../../arm-none-eabi/lib/thumb/v7e-m\libc_nano.a(lib_a-memcpy-stub.o)
                0x000015d0                memcpy
 .text.memmove  0x000015e6       0x34 c:/program files (x86)/atmel/studio/7.0/toolchain/arm/arm-gnu-toolchain/bin/../lib/gcc/arm-none-eabi/6.3.1/../../../../arm-none-eabi/lib/thumb/v7e-m\libc_nano.a(lib_a-memmove.o)
                0x000015e6                memmove
 .text.__malloc_lock
                0x0000161a        0x2 c:/program files (x86)/atmel/studio/7.0/toolchain/arm/arm-gnu-toolchain/bin/../lib/gcc/arm-none-eabi/6.3.1/../../../../arm-none-eabi/lib/thumb/v7e-m\libc_nano.a(lib_a-mlock.o)
                0x0000161a                __malloc_lock
 .text.__malloc_unlock
                0x0000161c        0x2 c:/program files (x86)/atmel/studio/7.0/toolchain/arm/arm-gnu-toolchain/bin/../lib/gcc/arm-none-eabi/6.3.1/../../../../arm-none-eabi/lib/thumb/v7e-m\libc_nano.a(lib_a-mlock.o)
                0x0000161c                __malloc_unlock
 *fill*         0x0000161e        0x2 
 .text._free_r  0x00001620       0x9c c:/program files (x86)/atmel/studio/7.0/toolchain/arm/arm-gnu-toolchain/bin/../lib/gcc/arm-none-eabi/6.3.1/../../../../arm-none-eabi/lib/thumb/v7e-m\libc_nano.a(lib_a-nano-freer.o)
                0x00001620                _free_r
 .text._realloc_r
                0x000016bc       0x4c c:/program files (x86)/atmel/studio/7.0/toolchain/arm/arm-gnu-toolchain/bin/../lib/gcc/arm-none-eabi/6.3.1/../../../../arm-none-eabi/lib/thumb/v7e-m\libc_nano.a(lib_a-nano-reallocr.o)
                0x000016bc                _realloc_r
 .text._malloc_usable_size_r
                0x00001708       0x12 c:/program files (x86)/atmel/studio/7.0/toolchain/arm/arm-gnu-toolchain/bin/../lib/gcc/arm-none-eabi/6.3.1/../../../../arm-none-eabi/lib/thumb/v7e-m\libc_nano.a(lib_a-nano-msizer.o)
                0x00001708                _malloc_usable_size_r
 *(.glue_7t)
 .glue_7t       0x0000171a        0x0 linker stubs
 *(.glue_7)
 .glue_7        0x0000171a        0x0 linker stubs
 *(.rodata .rodata* .gnu.linkonce.r.*)
 *fill*         0x0000171a        0x2 
 .rodata        0x0000171c        0xb edbg_uart_example.o
 *fill*         0x00001727        0x1 
 .rodata.str1.4
                0x00001728       0x14 hal/src/hal_io.o
 .rodata.str1.4
                0x0000173c       0x1c hal/src/hal_usart_sync.o
 .rodata        0x00001758      0x100 hpl/dmac/hpl_dmac.o
 .rodata        0x00001858       0x38 hpl/sercom/hpl_sercom.o
 .rodata.str1.4
                0x00001890       0x1c hpl/sercom/hpl_sercom.o
                                 0x1b (size before relaxing)
 .rodata.__sf_fake_stderr
                0x000018ac       0x20 c:/program files (x86)/atmel/studio/7.0/toolchain/arm/arm-gnu-toolchain/bin/../lib/gcc/arm-none-eabi/6.3.1/../../../../arm-none-eabi/lib/thumb/v7e-m\libc_nano.a(lib_a-findfp.o)
                0x000018ac                __sf_fake_stderr
 .rodata.__sf_fake_stdin
                0x000018cc       0x20 c:/program files (x86)/atmel/studio/7.0/toolchain/arm/arm-gnu-toolchain/bin/../lib/gcc/arm-none-eabi/6.3.1/../../../../arm-none-eabi/lib/thumb/v7e-m\libc_nano.a(lib_a-findfp.o)
                0x000018cc                __sf_fake_stdin
 .rodata.__sf_fake_stdout
                0x000018ec       0x20 c:/program files (x86)/atmel/studio/7.0/toolchain/arm/arm-gnu-toolchain/bin/../lib/gcc/arm-none-eabi/6.3.1/../../../../arm-none-eabi/lib/thumb/v7e-m\libc_nano.a(lib_a-findfp.o)
                0x000018ec                __sf_fake_stdout
 .rodata._svfprintf_r.str1.1
                0x0000190c       0x11 c:/program files (x86)/atmel/studio/7.0/toolchain/arm/arm-gnu-toolchain/bin/../lib/gcc/arm-none-eabi/6.3.1/../../../../arm-none-eabi/lib/thumb/v7e-m\libc_nano.a(lib_a-nano-svfprintf.o)
 .rodata._printf_i.str1.1
                0x0000191d       0x22 c:/program files (x86)/atmel/studio/7.0/toolchain/arm/arm-gnu-toolchain/bin/../lib/gcc/arm-none-eabi/6.3.1/../../../../arm-none-eabi/lib/thumb/v7e-m\libc_nano.a(lib_a-nano-vfprintf_i.o)
 *(.ARM.extab* .gnu.linkonce.armextab.*)
                0x00001940                . = ALIGN (0x4)
 *fill*         0x0000193f        0x1 
 *(.init)
 .init          0x00001940        0x4 c:/program files (x86)/atmel/studio/7.0/toolchain/arm/arm-gnu-toolchain/bin/../lib/gcc/arm-none-eabi/6.3.1/thumb/v7e-m/crti.o
                0x00001940                _init
 .init          0x00001944        0x8 c:/program files (x86)/atmel/studio/7.0/toolchain/arm/arm-gnu-toolchain/bin/../lib/gcc/arm-none-eabi/6.3.1/thumb/v7e-m/crtn.o
                0x0000194c                . = ALIGN (0x4)
                0x0000194c                __preinit_array_start = .
 *(.preinit_array)
                0x0000194c                __preinit_array_end = .
                0x0000194c                . = ALIGN (0x4)
                0x0000194c                __init_array_start = .
 *(SORT(.init_array.*))
 *(.init_array)
 .init_array    0x0000194c        0x4 c:/program files (x86)/atmel/studio/7.0/toolchain/arm/arm-gnu-toolchain/bin/../lib/gcc/arm-none-eabi/6.3.1/thumb/v7e-m/crtbegin.o
                0x00001950                __init_array_end = .
                0x00001950                . = ALIGN (0x4)
 *crtbegin.o(.ctors)
 *(EXCLUDE_FILE(*crtend.o) .ctors)
 *(SORT(.ctors.*))
 *crtend.o(.ctors)
                0x00001950                . = ALIGN (0x4)
 *(.fini)
 .fini          0x00001950        0x4 c:/program files (x86)/atmel/studio/7.0/toolchain/arm/arm-gnu-toolchain/bin/../lib/gcc/arm-none-eabi/6.3.1/thumb/v7e-m/crti.o
                0x00001950                _fini
 .fini          0x00001954        0x8 c:/program files (x86)/atmel/studio/7.0/toolchain/arm/arm-gnu-toolchain/bin/../lib/gcc/arm-none-eabi/6.3.1/thumb/v7e-m/crtn.o
                0x0000195c                . = ALIGN (0x4)
                0x0000195c                __fini_array_start = .
 *(.fini_array)
 .fini_array    0x0000195c        0x4 c:/program files (x86)/atmel/studio/7.0/toolchain/arm/arm-gnu-toolchain/bin/../lib/gcc/arm-none-eabi/6.3.1/thumb/v7e-m/crtbegin.o
 *(SORT(.fini_array.*))
                0x00001960                __fini_array_end = .
 *crtbegin.o(.dtors)
 *(EXCLUDE_FILE(*crtend.o) .dtors)
 *(SORT(.dtors.*))
 *crtend.o(.dtors)
                0x00001960                . = ALIGN (0x4)
                0x00001960                _efixed = .
                [!provide]                PROVIDE (__exidx_start, .)

.vfp11_veneer   0x00001960        0x0
 .vfp11_veneer  0x00001960        0x0 linker stubs

.v4_bx          0x00001960        0x0
 .v4_bx         0x00001960        0x0 linker stubs

.iplt           0x00001960        0x0
 .iplt          0x00001960        0x0 c:/program files (x86)/atmel/studio/7.0/toolchain/arm/arm-gnu-toolchain/bin/../lib/gcc/arm-none-eabi/6.3.1/thumb/v7e-m/crtbegin.o

.eh_frame       0x00001960        0x0
 .eh_frame      0x00001960        0x0 c:/program files (x86)/atmel/studio/7.0/toolchain/arm/arm-gnu-toolchain/bin/../lib/gcc/arm-none-eabi/6.3.1/thumb/v7e-m/crtbegin.o

.rel.dyn        0x00001960        0x0
 .rel.iplt      0x00001960        0x0 c:/program files (x86)/atmel/studio/7.0/toolchain/arm/arm-gnu-toolchain/bin/../lib/gcc/arm-none-eabi/6.3.1/thumb/v7e-m/crtbegin.o

.jcr            0x00001960        0x0
 .jcr           0x00001960        0x0 c:/program files (x86)/atmel/studio/7.0/toolchain/arm/arm-gnu-toolchain/bin/../lib/gcc/arm-none-eabi/6.3.1/thumb/v7e-m/crtbegin.o

.igot.plt       0x00001960        0x0
 .igot.plt      0x00001960        0x0 c:/program files (x86)/atmel/studio/7.0/toolchain/arm/arm-gnu-toolchain/bin/../lib/gcc/arm-none-eabi/6.3.1/thumb/v7e-m/crtbegin.o

.ARM.exidx
 *(.ARM.exidx* .gnu.linkonce.armexidx.*)
                [!provide]                PROVIDE (__exidx_end, .)
                0x00001960                . = ALIGN (0x4)
                0x00001960                _etext = .

.relocate       0x20000000       0x64 load address 0x00001960
                0x20000000                . = ALIGN (0x4)
                0x20000000                _srelocate = .
 *(.ramfunc .ramfunc.*)
 *(.data .data.*)
 .data._impure_ptr
                0x20000000        0x4 c:/program files (x86)/atmel/studio/7.0/toolchain/arm/arm-gnu-toolchain/bin/../lib/gcc/arm-none-eabi/6.3.1/../../../../arm-none-eabi/lib/thumb/v7e-m\libc_nano.a(lib_a-impure.o)
                0x20000000                _impure_ptr
 .data.impure_data
                0x20000004       0x60 c:/program files (x86)/atmel/studio/7.0/toolchain/arm/arm-gnu-toolchain/bin/../lib/gcc/arm-none-eabi/6.3.1/../../../../arm-none-eabi/lib/thumb/v7e-m\libc_nano.a(lib_a-impure.o)
                0x20000064                . = ALIGN (0x4)
                0x20000064                _erelocate = .

.bkupram        0x47000000        0x0
                0x47000000                . = ALIGN (0x8)
                0x47000000                _sbkupram = .
 *(.bkupram .bkupram.*)
                0x47000000                . = ALIGN (0x8)
                0x47000000                _ebkupram = .

.qspi           0x04000000        0x0
                0x04000000                . = ALIGN (0x8)
                0x04000000                _sqspi = .
 *(.qspi .qspi.*)
                0x04000000                . = ALIGN (0x8)
                0x04000000                _eqspi = .

.bss            0x20000070      0x644 load address 0x000019d0
                0x20000070                . = ALIGN (0x4)
                0x20000070                _sbss = .
                0x20000070                _szero = .
 *(.bss .bss.*)
 .bss           0x20000070       0x1c c:/program files (x86)/atmel/studio/7.0/toolchain/arm/arm-gnu-toolchain/bin/../lib/gcc/arm-none-eabi/6.3.1/thumb/v7e-m/crtbegin.o
 *fill*         0x2000008c        0x4 
 .bss           0x20000090        0xc edbg_uart_example.o
                0x20000094                input_symbol
                0x20000098                sample
 .bss           0x2000009c        0x4 hal/utils/src/utils_syscalls.o
 .bss           0x200000a0      0x180 hpl/dmac/hpl_dmac.o
 .bss.__malloc_free_list
                0x20000220        0x4 c:/program files (x86)/atmel/studio/7.0/toolchain/arm/arm-gnu-toolchain/bin/../lib/gcc/arm-none-eabi/6.3.1/../../../../arm-none-eabi/lib/thumb/v7e-m\libc_nano.a(lib_a-nano-mallocr.o)
                0x20000220                __malloc_free_list
 .bss.__malloc_sbrk_start
                0x20000224        0x4 c:/program files (x86)/atmel/studio/7.0/toolchain/arm/arm-gnu-toolchain/bin/../lib/gcc/arm-none-eabi/6.3.1/../../../../arm-none-eabi/lib/thumb/v7e-m\libc_nano.a(lib_a-nano-mallocr.o)
                0x20000224                __malloc_sbrk_start
 *(COMMON)
 COMMON         0x20000228        0xc driver_init.o
                0x20000228                EDBG_COM
 COMMON         0x20000234       0x64 edbg_uart_example.o
                0x20000234                str
 *fill*         0x20000298        0x8 
 COMMON         0x200002a0      0x400 hpl/dmac/hpl_dmac.o
                0x200002a0                _descriptor_section
                0x200004a0                _write_back_section
 COMMON         0x200006a0       0x10 hpl/ramecc/hpl_ramecc.o
                0x200006a0                device
 COMMON         0x200006b0        0x4 c:/program files (x86)/atmel/studio/7.0/toolchain/arm/arm-gnu-toolchain/bin/../lib/gcc/arm-none-eabi/6.3.1/../../../../arm-none-eabi/lib/thumb/v7e-m\libc_nano.a(lib_a-reent.o)
                0x200006b0                errno
                0x200006b4                . = ALIGN (0x4)
                0x200006b4                _ebss = .
                0x200006b4                _ezero = .

.stack          0x200006b4    0x10004 load address 0x00002014
                0x200006b8                . = ALIGN (0x8)
 *fill*         0x200006b4        0x4 
                0x200006b8                _sstack = .
                0x200106b8                . = (. + STACK_SIZE)
 *fill*         0x200006b8    0x10000 
                0x200106b8                . = ALIGN (0x8)
                0x200106b8                _estack = .
                0x200106b8                . = ALIGN (0x4)
                0x200106b8                _end = .
OUTPUT(SAMDE54_Covert_Channel.elf elf32-littlearm)

.ARM.attributes
                0x00000000       0x2e
 .ARM.attributes
                0x00000000       0x1e c:/program files (x86)/atmel/studio/7.0/toolchain/arm/arm-gnu-toolchain/bin/../lib/gcc/arm-none-eabi/6.3.1/thumb/v7e-m/crti.o
 .ARM.attributes
                0x0000001e       0x2e c:/program files (x86)/atmel/studio/7.0/toolchain/arm/arm-gnu-toolchain/bin/../lib/gcc/arm-none-eabi/6.3.1/thumb/v7e-m/crtbegin.o
 .ARM.attributes
                0x0000004c       0x37 atmel_start.o
 .ARM.attributes
                0x00000083       0x37 Device_Startup/startup_same54.o
 .ARM.attributes
                0x000000ba       0x37 driver_init.o
 .ARM.attributes
                0x000000f1       0x37 edbg_uart_example.o
 .ARM.attributes
                0x00000128       0x37 hal/src/hal_io.o
 .ARM.attributes
                0x0000015f       0x37 hal/src/hal_usart_sync.o
 .ARM.attributes
                0x00000196       0x37 hal/utils/src/utils_assert.o
 .ARM.attributes
                0x000001cd       0x37 hal/utils/src/utils_syscalls.o
 .ARM.attributes
                0x00000204       0x37 hpl/core/hpl_init.o
 .ARM.attributes
                0x0000023b       0x37 hpl/dmac/hpl_dmac.o
 .ARM.attributes
                0x00000272       0x37 hpl/gclk/hpl_gclk.o
 .ARM.attributes
                0x000002a9       0x37 hpl/mclk/hpl_mclk.o
 .ARM.attributes
                0x000002e0       0x37 hpl/osc32kctrl/hpl_osc32kctrl.o
 .ARM.attributes
                0x00000317       0x37 hpl/oscctrl/hpl_oscctrl.o
 .ARM.attributes
                0x0000034e       0x37 hpl/ramecc/hpl_ramecc.o
 .ARM.attributes
                0x00000385       0x37 hpl/sercom/hpl_sercom.o
 .ARM.attributes
                0x000003bc       0x37 hpl/tc/tc_lite.o
 .ARM.attributes
                0x000003f3       0x2e c:/program files (x86)/atmel/studio/7.0/toolchain/arm/arm-gnu-toolchain/bin/../lib/gcc/arm-none-eabi/6.3.1/../../../../arm-none-eabi/lib/thumb/v7e-m\libc_nano.a(lib_a-impure.o)
 .ARM.attributes
                0x00000421       0x2e c:/program files (x86)/atmel/studio/7.0/toolchain/arm/arm-gnu-toolchain/bin/../lib/gcc/arm-none-eabi/6.3.1/../../../../arm-none-eabi/lib/thumb/v7e-m\libc_nano.a(lib_a-init.o)
 .ARM.attributes
                0x0000044f       0x2e c:/program files (x86)/atmel/studio/7.0/toolchain/arm/arm-gnu-toolchain/bin/../lib/gcc/arm-none-eabi/6.3.1/../../../../arm-none-eabi/lib/thumb/v7e-m\libc_nano.a(lib_a-sprintf.o)
 .ARM.attributes
                0x0000047d       0x2e c:/program files (x86)/atmel/studio/7.0/toolchain/arm/arm-gnu-toolchain/bin/../lib/gcc/arm-none-eabi/6.3.1/../../../../arm-none-eabi/lib/thumb/v7e-m\libc_nano.a(lib_a-findfp.o)
 .ARM.attributes
                0x000004ab       0x2e c:/program files (x86)/atmel/studio/7.0/toolchain/arm/arm-gnu-toolchain/bin/../lib/gcc/arm-none-eabi/6.3.1/../../../../arm-none-eabi/lib/thumb/v7e-m\libc_nano.a(lib_a-nano-mallocr.o)
 .ARM.attributes
                0x000004d9       0x2e c:/program files (x86)/atmel/studio/7.0/toolchain/arm/arm-gnu-toolchain/bin/../lib/gcc/arm-none-eabi/6.3.1/../../../../arm-none-eabi/lib/thumb/v7e-m\libc_nano.a(lib_a-nano-svfprintf.o)
 .ARM.attributes
                0x00000507       0x2e c:/program files (x86)/atmel/studio/7.0/toolchain/arm/arm-gnu-toolchain/bin/../lib/gcc/arm-none-eabi/6.3.1/../../../../arm-none-eabi/lib/thumb/v7e-m\libc_nano.a(lib_a-nano-vfprintf_i.o)
 .ARM.attributes
                0x00000535       0x2e c:/program files (x86)/atmel/studio/7.0/toolchain/arm/arm-gnu-toolchain/bin/../lib/gcc/arm-none-eabi/6.3.1/../../../../arm-none-eabi/lib/thumb/v7e-m\libc_nano.a(lib_a-sbrkr.o)
 .ARM.attributes
                0x00000563       0x1c c:/program files (x86)/atmel/studio/7.0/toolchain/arm/arm-gnu-toolchain/bin/../lib/gcc/arm-none-eabi/6.3.1/../../../../arm-none-eabi/lib/thumb/v7e-m\libc_nano.a(lib_a-memchr.o)
 .ARM.attributes
                0x0000057f       0x2e c:/program files (x86)/atmel/studio/7.0/toolchain/arm/arm-gnu-toolchain/bin/../lib/gcc/arm-none-eabi/6.3.1/../../../../arm-none-eabi/lib/thumb/v7e-m\libc_nano.a(lib_a-memcpy-stub.o)
 .ARM.attributes
                0x000005ad       0x2e c:/program files (x86)/atmel/studio/7.0/toolchain/arm/arm-gnu-toolchain/bin/../lib/gcc/arm-none-eabi/6.3.1/../../../../arm-none-eabi/lib/thumb/v7e-m\libc_nano.a(lib_a-memmove.o)
 .ARM.attributes
                0x000005db       0x2e c:/program files (x86)/atmel/studio/7.0/toolchain/arm/arm-gnu-toolchain/bin/../lib/gcc/arm-none-eabi/6.3.1/../../../../arm-none-eabi/lib/thumb/v7e-m\libc_nano.a(lib_a-mlock.o)
 .ARM.attributes
                0x00000609       0x2e c:/program files (x86)/atmel/studio/7.0/toolchain/arm/arm-gnu-toolchain/bin/../lib/gcc/arm-none-eabi/6.3.1/../../../../arm-none-eabi/lib/thumb/v7e-m\libc_nano.a(lib_a-nano-freer.o)
 .ARM.attributes
                0x00000637       0x2e c:/program files (x86)/atmel/studio/7.0/toolchain/arm/arm-gnu-toolchain/bin/../lib/gcc/arm-none-eabi/6.3.1/../../../../arm-none-eabi/lib/thumb/v7e-m\libc_nano.a(lib_a-nano-reallocr.o)
 .ARM.attributes
                0x00000665       0x2e c:/program files (x86)/atmel/studio/7.0/toolchain/arm/arm-gnu-toolchain/bin/../lib/gcc/arm-none-eabi/6.3.1/../../../../arm-none-eabi/lib/thumb/v7e-m\libc_nano.a(lib_a-reent.o)
 .ARM.attributes
                0x00000693       0x2e c:/program files (x86)/atmel/studio/7.0/toolchain/arm/arm-gnu-toolchain/bin/../lib/gcc/arm-none-eabi/6.3.1/../../../../arm-none-eabi/lib/thumb/v7e-m\libc_nano.a(lib_a-nano-msizer.o)
 .ARM.attributes
                0x000006c1       0x1e c:/program files (x86)/atmel/studio/7.0/toolchain/arm/arm-gnu-toolchain/bin/../lib/gcc/arm-none-eabi/6.3.1/thumb/v7e-m/crtn.o

.comment        0x00000000       0x59
 .comment       0x00000000       0x59 atmel_start.o
                                 0x5a (size before relaxing)
 .comment       0x00000059       0x5a Device_Startup/startup_same54.o
 .comment       0x00000059       0x5a driver_init.o
 .comment       0x00000059       0x5a edbg_uart_example.o
 .comment       0x00000059       0x5a hal/src/hal_io.o
 .comment       0x00000059       0x5a hal/src/hal_usart_sync.o
 .comment       0x00000059       0x5a hal/utils/src/utils_assert.o
 .comment       0x00000059       0x5a hal/utils/src/utils_syscalls.o
 .comment       0x00000059       0x5a hpl/core/hpl_init.o
 .comment       0x00000059       0x5a hpl/dmac/hpl_dmac.o
 .comment       0x00000059       0x5a hpl/gclk/hpl_gclk.o
 .comment       0x00000059       0x5a hpl/mclk/hpl_mclk.o
 .comment       0x00000059       0x5a hpl/osc32kctrl/hpl_osc32kctrl.o
 .comment       0x00000059       0x5a hpl/oscctrl/hpl_oscctrl.o
 .comment       0x00000059       0x5a hpl/ramecc/hpl_ramecc.o
 .comment       0x00000059       0x5a hpl/sercom/hpl_sercom.o
 .comment       0x00000059       0x5a hpl/tc/tc_lite.o

.debug_info     0x00000000    0x1de59
 .debug_info    0x00000000      0x21f atmel_start.o
 .debug_info    0x0000021f      0xd7d Device_Startup/startup_same54.o
 .debug_info    0x00000f9c     0x40db driver_init.o
 .debug_info    0x00005077     0x25b7 edbg_uart_example.o
 .debug_info    0x0000762e      0x2c5 hal/src/hal_io.o
 .debug_info    0x000078f3      0xcc9 hal/src/hal_usart_sync.o
 .debug_info    0x000085bc      0x130 hal/utils/src/utils_assert.o
 .debug_info    0x000086ec      0xdca hal/utils/src/utils_syscalls.o
 .debug_info    0x000094b6     0x14e7 hpl/core/hpl_init.o
 .debug_info    0x0000a99d     0x305a hpl/dmac/hpl_dmac.o
 .debug_info    0x0000d9f7      0x5e7 hpl/gclk/hpl_gclk.o
 .debug_info    0x0000dfde      0xa55 hpl/mclk/hpl_mclk.o
 .debug_info    0x0000ea33      0x714 hpl/osc32kctrl/hpl_osc32kctrl.o
 .debug_info    0x0000f147     0x110d hpl/oscctrl/hpl_oscctrl.o
 .debug_info    0x00010254      0xc15 hpl/ramecc/hpl_ramecc.o
 .debug_info    0x00010e69     0xbaca hpl/sercom/hpl_sercom.o
 .debug_info    0x0001c933     0x1526 hpl/tc/tc_lite.o

.debug_abbrev   0x00000000     0x272b
 .debug_abbrev  0x00000000       0xf2 atmel_start.o
 .debug_abbrev  0x000000f2      0x171 Device_Startup/startup_same54.o
 .debug_abbrev  0x00000263      0x335 driver_init.o
 .debug_abbrev  0x00000598      0x350 edbg_uart_example.o
 .debug_abbrev  0x000008e8      0x12d hal/src/hal_io.o
 .debug_abbrev  0x00000a15      0x22f hal/src/hal_usart_sync.o
 .debug_abbrev  0x00000c44       0x9e hal/utils/src/utils_assert.o
 .debug_abbrev  0x00000ce2      0x269 hal/utils/src/utils_syscalls.o
 .debug_abbrev  0x00000f4b      0x1df hpl/core/hpl_init.o
 .debug_abbrev  0x0000112a      0x3b0 hpl/dmac/hpl_dmac.o
 .debug_abbrev  0x000014da      0x1b8 hpl/gclk/hpl_gclk.o
 .debug_abbrev  0x00001692      0x1bd hpl/mclk/hpl_mclk.o
 .debug_abbrev  0x0000184f      0x1fc hpl/osc32kctrl/hpl_osc32kctrl.o
 .debug_abbrev  0x00001a4b      0x1de hpl/oscctrl/hpl_oscctrl.o
 .debug_abbrev  0x00001c29      0x2c8 hpl/ramecc/hpl_ramecc.o
 .debug_abbrev  0x00001ef1      0x5db hpl/sercom/hpl_sercom.o
 .debug_abbrev  0x000024cc      0x25f hpl/tc/tc_lite.o

.debug_loc      0x00000000     0x9d26
 .debug_loc     0x00000000       0x20 atmel_start.o
 .debug_loc     0x00000020       0x6b Device_Startup/startup_same54.o
 .debug_loc     0x0000008b      0x400 driver_init.o
 .debug_loc     0x0000048b      0x2b0 edbg_uart_example.o
 .debug_loc     0x0000073b      0x152 hal/src/hal_io.o
 .debug_loc     0x0000088d      0x912 hal/src/hal_usart_sync.o
 .debug_loc     0x0000119f      0x13b hal/utils/src/utils_syscalls.o
 .debug_loc     0x000012da       0x64 hpl/core/hpl_init.o
 .debug_loc     0x0000133e      0xb8c hpl/dmac/hpl_dmac.o
 .debug_loc     0x00001eca       0x72 hpl/gclk/hpl_gclk.o
 .debug_loc     0x00001f3c       0x2c hpl/mclk/hpl_mclk.o
 .debug_loc     0x00001f68       0x95 hpl/osc32kctrl/hpl_osc32kctrl.o
 .debug_loc     0x00001ffd       0x18 hpl/oscctrl/hpl_oscctrl.o
 .debug_loc     0x00002015      0x130 hpl/ramecc/hpl_ramecc.o
 .debug_loc     0x00002145     0x79b5 hpl/sercom/hpl_sercom.o
 .debug_loc     0x00009afa      0x22c hpl/tc/tc_lite.o

.debug_aranges  0x00000000      0x890
 .debug_aranges
                0x00000000       0x20 atmel_start.o
 .debug_aranges
                0x00000020       0x28 Device_Startup/startup_same54.o
 .debug_aranges
                0x00000048       0x40 driver_init.o
 .debug_aranges
                0x00000088       0x48 edbg_uart_example.o
 .debug_aranges
                0x000000d0       0x30 hal/src/hal_io.o
 .debug_aranges
                0x00000100       0xa8 hal/src/hal_usart_sync.o
 .debug_aranges
                0x000001a8       0x20 hal/utils/src/utils_assert.o
 .debug_aranges
                0x000001c8       0x60 hal/utils/src/utils_syscalls.o
 .debug_aranges
                0x00000228       0x20 hpl/core/hpl_init.o
 .debug_aranges
                0x00000248       0x90 hpl/dmac/hpl_dmac.o
 .debug_aranges
                0x000002d8       0x28 hpl/gclk/hpl_gclk.o
 .debug_aranges
                0x00000300       0x20 hpl/mclk/hpl_mclk.o
 .debug_aranges
                0x00000320       0x20 hpl/osc32kctrl/hpl_osc32kctrl.o
 .debug_aranges
                0x00000340       0x28 hpl/oscctrl/hpl_oscctrl.o
 .debug_aranges
                0x00000368       0x30 hpl/ramecc/hpl_ramecc.o
 .debug_aranges
                0x00000398      0x4d8 hpl/sercom/hpl_sercom.o
 .debug_aranges
                0x00000870       0x20 hpl/tc/tc_lite.o

.debug_ranges   0x00000000      0xca0
 .debug_ranges  0x00000000       0x10 atmel_start.o
 .debug_ranges  0x00000010       0x18 Device_Startup/startup_same54.o
 .debug_ranges  0x00000028       0x30 driver_init.o
 .debug_ranges  0x00000058       0x38 edbg_uart_example.o
 .debug_ranges  0x00000090       0x20 hal/src/hal_io.o
 .debug_ranges  0x000000b0       0x98 hal/src/hal_usart_sync.o
 .debug_ranges  0x00000148       0x10 hal/utils/src/utils_assert.o
 .debug_ranges  0x00000158       0x50 hal/utils/src/utils_syscalls.o
 .debug_ranges  0x000001a8       0x10 hpl/core/hpl_init.o
 .debug_ranges  0x000001b8      0x100 hpl/dmac/hpl_dmac.o
 .debug_ranges  0x000002b8       0x18 hpl/gclk/hpl_gclk.o
 .debug_ranges  0x000002d0       0x10 hpl/mclk/hpl_mclk.o
 .debug_ranges  0x000002e0       0x10 hpl/osc32kctrl/hpl_osc32kctrl.o
 .debug_ranges  0x000002f0       0x18 hpl/oscctrl/hpl_oscctrl.o
 .debug_ranges  0x00000308       0x38 hpl/ramecc/hpl_ramecc.o
 .debug_ranges  0x00000340      0x950 hpl/sercom/hpl_sercom.o
 .debug_ranges  0x00000c90       0x10 hpl/tc/tc_lite.o

.debug_macro    0x00000000    0x3247d
 .debug_macro   0x00000000      0x767 atmel_start.o
 .debug_macro   0x00000767      0x8b0 atmel_start.o
 .debug_macro   0x00001017      0x16d atmel_start.o
 .debug_macro   0x00001184       0x22 atmel_start.o
 .debug_macro   0x000011a6       0x87 atmel_start.o
 .debug_macro   0x0000122d       0x51 atmel_start.o
 .debug_macro   0x0000127e       0xef atmel_start.o
 .debug_macro   0x0000136d       0x6a atmel_start.o
 .debug_macro   0x000013d7      0x1df atmel_start.o
 .debug_macro   0x000015b6       0x22 atmel_start.o
 .debug_macro   0x000015d8       0x54 atmel_start.o
 .debug_macro   0x0000162c       0x1c atmel_start.o
 .debug_macro   0x00001648       0x22 atmel_start.o
 .debug_macro   0x0000166a       0xdf atmel_start.o
 .debug_macro   0x00001749     0x102d atmel_start.o
 .debug_macro   0x00002776      0x11f atmel_start.o
 .debug_macro   0x00002895      0x706 atmel_start.o
 .debug_macro   0x00002f9b      0xb5b atmel_start.o
 .debug_macro   0x00003af6      0x3c0 atmel_start.o
 .debug_macro   0x00003eb6     0x2d61 atmel_start.o
 .debug_macro   0x00006c17      0x336 atmel_start.o
 .debug_macro   0x00006f4d      0x3b7 atmel_start.o
 .debug_macro   0x00007304      0x668 atmel_start.o
 .debug_macro   0x0000796c     0x143f atmel_start.o
 .debug_macro   0x00008dab      0x651 atmel_start.o
 .debug_macro   0x000093fc      0x67b atmel_start.o
 .debug_macro   0x00009a77      0x6d7 atmel_start.o
 .debug_macro   0x0000a14e      0x172 atmel_start.o
 .debug_macro   0x0000a2c0      0x395 atmel_start.o
 .debug_macro   0x0000a655     0x19dd atmel_start.o
 .debug_macro   0x0000c032       0x3a atmel_start.o
 .debug_macro   0x0000c06c      0x72a atmel_start.o
 .debug_macro   0x0000c796      0xb12 atmel_start.o
 .debug_macro   0x0000d2a8      0x5d7 atmel_start.o
 .debug_macro   0x0000d87f      0xbc0 atmel_start.o
 .debug_macro   0x0000e43f      0x9b9 atmel_start.o
 .debug_macro   0x0000edf8      0x2a3 atmel_start.o
 .debug_macro   0x0000f09b      0x8cb atmel_start.o
 .debug_macro   0x0000f966      0x1ea atmel_start.o
 .debug_macro   0x0000fb50      0x8f4 atmel_start.o
 .debug_macro   0x00010444      0x216 atmel_start.o
 .debug_macro   0x0001065a      0x3f9 atmel_start.o
 .debug_macro   0x00010a53      0x620 atmel_start.o
 .debug_macro   0x00011073      0x10d atmel_start.o
 .debug_macro   0x00011180       0xb8 atmel_start.o
 .debug_macro   0x00011238     0x1df7 atmel_start.o
 .debug_macro   0x0001302f     0x2e69 atmel_start.o
 .debug_macro   0x00015e98     0x11ed atmel_start.o
 .debug_macro   0x00017085      0x50e atmel_start.o
 .debug_macro   0x00017593      0x930 atmel_start.o
 .debug_macro   0x00017ec3     0x1ad8 atmel_start.o
 .debug_macro   0x0001999b       0xe7 atmel_start.o
 .debug_macro   0x00019a82     0x13e6 atmel_start.o
 .debug_macro   0x0001ae68      0x36a atmel_start.o
 .debug_macro   0x0001b1d2       0x94 atmel_start.o
 .debug_macro   0x0001b266       0xdc atmel_start.o
 .debug_macro   0x0001b342       0xe2 atmel_start.o
 .debug_macro   0x0001b424       0xdc atmel_start.o
 .debug_macro   0x0001b500      0x149 atmel_start.o
 .debug_macro   0x0001b649      0x149 atmel_start.o
 .debug_macro   0x0001b792       0x46 atmel_start.o
 .debug_macro   0x0001b7d8       0x4c atmel_start.o
 .debug_macro   0x0001b824       0xc4 atmel_start.o
 .debug_macro   0x0001b8e8      0x7d5 atmel_start.o
 .debug_macro   0x0001c0bd       0xb8 atmel_start.o
 .debug_macro   0x0001c175       0x7c atmel_start.o
 .debug_macro   0x0001c1f1      0xc20 atmel_start.o
 .debug_macro   0x0001ce11       0x46 atmel_start.o
 .debug_macro   0x0001ce57      0x25b atmel_start.o
 .debug_macro   0x0001d0b2      0x31a atmel_start.o
 .debug_macro   0x0001d3cc      0x170 atmel_start.o
 .debug_macro   0x0001d53c       0x7c atmel_start.o
 .debug_macro   0x0001d5b8       0xbe atmel_start.o
 .debug_macro   0x0001d676       0x4c atmel_start.o
 .debug_macro   0x0001d6c2       0x82 atmel_start.o
 .debug_macro   0x0001d744      0x1a3 atmel_start.o
 .debug_macro   0x0001d8e7       0x46 atmel_start.o
 .debug_macro   0x0001d92d       0x6a atmel_start.o
 .debug_macro   0x0001d997       0x46 atmel_start.o
 .debug_macro   0x0001d9dd       0x88 atmel_start.o
 .debug_macro   0x0001da65       0x46 atmel_start.o
 .debug_macro   0x0001daab      0x24e atmel_start.o
 .debug_macro   0x0001dcf9       0x1c atmel_start.o
 .debug_macro   0x0001dd15       0x76 atmel_start.o
 .debug_macro   0x0001dd8b       0x3a atmel_start.o
 .debug_macro   0x0001ddc5       0x2e atmel_start.o
 .debug_macro   0x0001ddf3      0x196 atmel_start.o
 .debug_macro   0x0001df89      0x16f atmel_start.o
 .debug_macro   0x0001e0f8      0x16f atmel_start.o
 .debug_macro   0x0001e267      0x25d atmel_start.o
 .debug_macro   0x0001e4c4      0x25d atmel_start.o
 .debug_macro   0x0001e721      0x25d atmel_start.o
 .debug_macro   0x0001e97e      0x25d atmel_start.o
 .debug_macro   0x0001ebdb      0x25d atmel_start.o
 .debug_macro   0x0001ee38      0x25d atmel_start.o
 .debug_macro   0x0001f095      0x25d atmel_start.o
 .debug_macro   0x0001f2f2      0x25d atmel_start.o
 .debug_macro   0x0001f54f       0x52 atmel_start.o
 .debug_macro   0x0001f5a1       0xfa atmel_start.o
 .debug_macro   0x0001f69b       0xfa atmel_start.o
 .debug_macro   0x0001f795       0xfa atmel_start.o
 .debug_macro   0x0001f88f       0xfa atmel_start.o
 .debug_macro   0x0001f989       0xfa atmel_start.o
 .debug_macro   0x0001fa83       0xfa atmel_start.o
 .debug_macro   0x0001fb7d       0xfa atmel_start.o
 .debug_macro   0x0001fc77       0xfa atmel_start.o
 .debug_macro   0x0001fd71      0x148 atmel_start.o
 .debug_macro   0x0001feb9      0x124 atmel_start.o
 .debug_macro   0x0001ffdd      0x106 atmel_start.o
 .debug_macro   0x000200e3       0xee atmel_start.o
 .debug_macro   0x000201d1       0xee atmel_start.o
 .debug_macro   0x000202bf       0x2e atmel_start.o
 .debug_macro   0x000202ed      0x46a atmel_start.o
 .debug_macro   0x00020757       0x3a atmel_start.o
 .debug_macro   0x00020791      0x59f atmel_start.o
 .debug_macro   0x00020d30     0x4ff3 atmel_start.o
 .debug_macro   0x00025d23       0xcf atmel_start.o
 .debug_macro   0x00025df2       0x10 atmel_start.o
 .debug_macro   0x00025e02       0x10 atmel_start.o
 .debug_macro   0x00025e12       0x16 atmel_start.o
 .debug_macro   0x00025e28       0x16 atmel_start.o
 .debug_macro   0x00025e3e       0x16 atmel_start.o
 .debug_macro   0x00025e54       0x16 atmel_start.o
 .debug_macro   0x00025e6a       0x16 atmel_start.o
 .debug_macro   0x00025e80       0x16 atmel_start.o
 .debug_macro   0x00025e96       0x40 atmel_start.o
 .debug_macro   0x00025ed6       0x16 atmel_start.o
 .debug_macro   0x00025eec       0x16 atmel_start.o
 .debug_macro   0x00025f02       0x16 atmel_start.o
 .debug_macro   0x00025f18       0x16 atmel_start.o
 .debug_macro   0x00025f2e       0x16 atmel_start.o
 .debug_macro   0x00025f44       0x16 atmel_start.o
 .debug_macro   0x00025f5a       0x16 atmel_start.o
 .debug_macro   0x00025f70       0x16 atmel_start.o
 .debug_macro   0x00025f86       0x16 atmel_start.o
 .debug_macro   0x00025f9c       0x16 atmel_start.o
 .debug_macro   0x00025fb2       0x16 atmel_start.o
 .debug_macro   0x00025fc8       0x16 atmel_start.o
 .debug_macro   0x00025fde       0x16 atmel_start.o
 .debug_macro   0x00025ff4       0x16 atmel_start.o
 .debug_macro   0x0002600a       0x16 atmel_start.o
 .debug_macro   0x00026020       0x16 atmel_start.o
 .debug_macro   0x00026036       0x16 atmel_start.o
 .debug_macro   0x0002604c       0x16 atmel_start.o
 .debug_macro   0x00026062       0x16 atmel_start.o
 .debug_macro   0x00026078       0x16 atmel_start.o
 .debug_macro   0x0002608e       0x16 atmel_start.o
 .debug_macro   0x000260a4      0xe5c atmel_start.o
 .debug_macro   0x00026f00      0x9b6 atmel_start.o
 .debug_macro   0x000278b6       0x94 atmel_start.o
 .debug_macro   0x0002794a       0x16 atmel_start.o
 .debug_macro   0x00027960       0xbe atmel_start.o
 .debug_macro   0x00027a1e      0x28c atmel_start.o
 .debug_macro   0x00027caa       0x16 atmel_start.o
 .debug_macro   0x00027cc0      0x4d8 atmel_start.o
 .debug_macro   0x00028198       0x16 atmel_start.o
 .debug_macro   0x000281ae       0xca atmel_start.o
 .debug_macro   0x00028278       0x1c atmel_start.o
 .debug_macro   0x00028294       0x16 atmel_start.o
 .debug_macro   0x000282aa      0x185 atmel_start.o
 .debug_macro   0x0002842f       0x6a atmel_start.o
 .debug_macro   0x00028499      0x4b2 Device_Startup/startup_same54.o
 .debug_macro   0x0002894b       0x4e Device_Startup/startup_same54.o
 .debug_macro   0x00028999      0x770 driver_init.o
 .debug_macro   0x00029109       0x35 driver_init.o
 .debug_macro   0x0002913e       0xc9 driver_init.o
 .debug_macro   0x00029207      0x8fe edbg_uart_example.o
 .debug_macro   0x00029b05       0x58 edbg_uart_example.o
 .debug_macro   0x00029b5d       0x35 edbg_uart_example.o
 .debug_macro   0x00029b92       0x9c edbg_uart_example.o
 .debug_macro   0x00029c2e       0x16 edbg_uart_example.o
 .debug_macro   0x00029c44       0x35 edbg_uart_example.o
 .debug_macro   0x00029c79      0x34d edbg_uart_example.o
 .debug_macro   0x00029fc6       0x10 edbg_uart_example.o
 .debug_macro   0x00029fd6       0x58 edbg_uart_example.o
 .debug_macro   0x0002a02e       0x1f edbg_uart_example.o
 .debug_macro   0x0002a04d       0x43 edbg_uart_example.o
 .debug_macro   0x0002a090       0x20 edbg_uart_example.o
 .debug_macro   0x0002a0b0      0x187 edbg_uart_example.o
 .debug_macro   0x0002a237       0x10 edbg_uart_example.o
 .debug_macro   0x0002a247       0x1c edbg_uart_example.o
 .debug_macro   0x0002a263       0x52 edbg_uart_example.o
 .debug_macro   0x0002a2b5       0x40 edbg_uart_example.o
 .debug_macro   0x0002a2f5       0x10 edbg_uart_example.o
 .debug_macro   0x0002a305       0x40 edbg_uart_example.o
 .debug_macro   0x0002a345       0xd7 edbg_uart_example.o
 .debug_macro   0x0002a41c       0x16 edbg_uart_example.o
 .debug_macro   0x0002a432      0x18b edbg_uart_example.o
 .debug_macro   0x0002a5bd      0x69b hal/src/hal_io.o
 .debug_macro   0x0002ac58      0x6c6 hal/src/hal_usart_sync.o
 .debug_macro   0x0002b31e      0x690 hal/utils/src/utils_assert.o
 .debug_macro   0x0002b9ae       0x10 hal/utils/src/utils_assert.o
 .debug_macro   0x0002b9be      0x1d6 hal/utils/src/utils_syscalls.o
 .debug_macro   0x0002bb94       0x52 hal/utils/src/utils_syscalls.o
 .debug_macro   0x0002bbe6       0x8d hal/utils/src/utils_syscalls.o
 .debug_macro   0x0002bc73       0x57 hal/utils/src/utils_syscalls.o
 .debug_macro   0x0002bcca       0x97 hal/utils/src/utils_syscalls.o
 .debug_macro   0x0002bd61      0x353 hal/utils/src/utils_syscalls.o
 .debug_macro   0x0002c0b4       0xf6 hal/utils/src/utils_syscalls.o
 .debug_macro   0x0002c1aa       0x4c hal/utils/src/utils_syscalls.o
 .debug_macro   0x0002c1f6       0x16 hal/utils/src/utils_syscalls.o
 .debug_macro   0x0002c20c       0x10 hal/utils/src/utils_syscalls.o
 .debug_macro   0x0002c21c       0x10 hal/utils/src/utils_syscalls.o
 .debug_macro   0x0002c22c       0x35 hal/utils/src/utils_syscalls.o
 .debug_macro   0x0002c261      0x122 hal/utils/src/utils_syscalls.o
 .debug_macro   0x0002c383      0x729 hpl/core/hpl_init.o
 .debug_macro   0x0002caac       0x2e hpl/core/hpl_init.o
 .debug_macro   0x0002cada      0xd7b hpl/core/hpl_init.o
 .debug_macro   0x0002d855      0x6cf hpl/dmac/hpl_dmac.o
 .debug_macro   0x0002df24      0x6cc hpl/dmac/hpl_dmac.o
 .debug_macro   0x0002e5f0      0x6ba hpl/dmac/hpl_dmac.o
 .debug_macro   0x0002ecaa      0x69f hpl/gclk/hpl_gclk.o
 .debug_macro   0x0002f349      0x2f0 hpl/gclk/hpl_gclk.o
 .debug_macro   0x0002f639      0x69a hpl/mclk/hpl_mclk.o
 .debug_macro   0x0002fcd3      0x695 hpl/osc32kctrl/hpl_osc32kctrl.o
 .debug_macro   0x00030368       0x80 hpl/osc32kctrl/hpl_osc32kctrl.o
 .debug_macro   0x000303e8      0x69f hpl/oscctrl/hpl_oscctrl.o
 .debug_macro   0x00030a87      0x216 hpl/oscctrl/hpl_oscctrl.o
 .debug_macro   0x00030c9d      0x6b0 hpl/ramecc/hpl_ramecc.o
 .debug_macro   0x0003134d      0x8e9 hpl/sercom/hpl_sercom.o
 .debug_macro   0x00031c36       0x70 hpl/sercom/hpl_sercom.o
 .debug_macro   0x00031ca6       0xe4 hpl/sercom/hpl_sercom.o
 .debug_macro   0x00031d8a       0x10 hpl/sercom/hpl_sercom.o
 .debug_macro   0x00031d9a       0x1c hpl/sercom/hpl_sercom.o
 .debug_macro   0x00031db6       0x22 hpl/sercom/hpl_sercom.o
 .debug_macro   0x00031dd8       0x10 hpl/sercom/hpl_sercom.o
 .debug_macro   0x00031de8      0x695 hpl/tc/tc_lite.o

.debug_line     0x00000000     0xeb06
 .debug_line    0x00000000      0xd08 atmel_start.o
 .debug_line    0x00000d08      0x89d Device_Startup/startup_same54.o
 .debug_line    0x000015a5      0xdae driver_init.o
 .debug_line    0x00002353      0xec8 edbg_uart_example.o
 .debug_line    0x0000321b      0xc09 hal/src/hal_io.o
 .debug_line    0x00003e24      0xde2 hal/src/hal_usart_sync.o
 .debug_line    0x00004c06      0xbbe hal/utils/src/utils_assert.o
 .debug_line    0x000057c4      0x40a hal/utils/src/utils_syscalls.o
 .debug_line    0x00005bce      0xcd9 hpl/core/hpl_init.o
 .debug_line    0x000068a7      0xf1f hpl/dmac/hpl_dmac.o
 .debug_line    0x000077c6      0xc0b hpl/gclk/hpl_gclk.o
 .debug_line    0x000083d1      0xbe1 hpl/mclk/hpl_mclk.o
 .debug_line    0x00008fb2      0xbf6 hpl/osc32kctrl/hpl_osc32kctrl.o
 .debug_line    0x00009ba8      0xc1a hpl/oscctrl/hpl_oscctrl.o
 .debug_line    0x0000a7c2      0xc84 hpl/ramecc/hpl_ramecc.o
 .debug_line    0x0000b446     0x2ab8 hpl/sercom/hpl_sercom.o
 .debug_line    0x0000defe      0xc08 hpl/tc/tc_lite.o

.debug_str      0x00000000   0x11f4b0
 .debug_str     0x00000000   0x1075ce atmel_start.o
                             0x107ab4 (size before relaxing)
 .debug_str     0x001075ce      0xbfb Device_Startup/startup_same54.o
                              0xf0d4c (size before relaxing)
 .debug_str     0x001081c9     0x15bf driver_init.o
                             0x10913f (size before relaxing)
 .debug_str     0x00109788     0x4a0e edbg_uart_example.o
                             0x10c5f1 (size before relaxing)
 .debug_str     0x0010e196       0x5d hal/src/hal_io.o
                             0x10679a (size before relaxing)
 .debug_str     0x0010e1f3      0x4aa hal/src/hal_usart_sync.o
                             0x10723a (size before relaxing)
 .debug_str     0x0010e69d       0x2a hal/utils/src/utils_assert.o
                             0x10670f (size before relaxing)
 .debug_str     0x0010e6c7      0x77f hal/utils/src/utils_syscalls.o
                               0x73e2 (size before relaxing)
 .debug_str     0x0010ee46     0x3131 hpl/core/hpl_init.o
                             0x10ad12 (size before relaxing)
 .debug_str     0x00111f77     0x68ea hpl/dmac/hpl_dmac.o
                             0x110a54 (size before relaxing)
 .debug_str     0x00118861      0xbf4 hpl/gclk/hpl_gclk.o
                             0x10743a (size before relaxing)
 .debug_str     0x00119455       0x47 hpl/mclk/hpl_mclk.o
                             0x106bea (size before relaxing)
 .debug_str     0x0011949c      0x466 hpl/osc32kctrl/hpl_osc32kctrl.o
                             0x106b67 (size before relaxing)
 .debug_str     0x00119902      0xab4 hpl/oscctrl/hpl_oscctrl.o
                             0x107d77 (size before relaxing)
 .debug_str     0x0011a3b6      0x277 hpl/ramecc/hpl_ramecc.o
                             0x107645 (size before relaxing)
 .debug_str     0x0011a62d     0x4a8c hpl/sercom/hpl_sercom.o
                             0x10cc96 (size before relaxing)
 .debug_str     0x0011f0b9      0x3f7 hpl/tc/tc_lite.o
                             0x106bce (size before relaxing)

.debug_frame    0x00000000     0x19f8
 .debug_frame   0x00000000       0x28 atmel_start.o
 .debug_frame   0x00000028       0x38 Device_Startup/startup_same54.o
 .debug_frame   0x00000060       0x70 driver_init.o
 .debug_frame   0x000000d0       0xc4 edbg_uart_example.o
 .debug_frame   0x00000194       0x58 hal/src/hal_io.o
 .debug_frame   0x000001ec      0x1f8 hal/src/hal_usart_sync.o
 .debug_frame   0x000003e4       0x20 hal/utils/src/utils_assert.o
 .debug_frame   0x00000404       0xa8 hal/utils/src/utils_syscalls.o
 .debug_frame   0x000004ac       0x28 hpl/core/hpl_init.o
 .debug_frame   0x000004d4      0x154 hpl/dmac/hpl_dmac.o
 .debug_frame   0x00000628       0x30 hpl/gclk/hpl_gclk.o
 .debug_frame   0x00000658       0x20 hpl/mclk/hpl_mclk.o
 .debug_frame   0x00000678       0x20 hpl/osc32kctrl/hpl_osc32kctrl.o
 .debug_frame   0x00000698       0x30 hpl/oscctrl/hpl_oscctrl.o
 .debug_frame   0x000006c8       0x4c hpl/ramecc/hpl_ramecc.o
 .debug_frame   0x00000714      0xe54 hpl/sercom/hpl_sercom.o
 .debug_frame   0x00001568       0x20 hpl/tc/tc_lite.o
 .debug_frame   0x00001588       0x2c c:/program files (x86)/atmel/studio/7.0/toolchain/arm/arm-gnu-toolchain/bin/../lib/gcc/arm-none-eabi/6.3.1/../../../../arm-none-eabi/lib/thumb/v7e-m\libc_nano.a(lib_a-init.o)
 .debug_frame   0x000015b4       0x70 c:/program files (x86)/atmel/studio/7.0/toolchain/arm/arm-gnu-toolchain/bin/../lib/gcc/arm-none-eabi/6.3.1/../../../../arm-none-eabi/lib/thumb/v7e-m\libc_nano.a(lib_a-sprintf.o)
 .debug_frame   0x00001624      0x11c c:/program files (x86)/atmel/studio/7.0/toolchain/arm/arm-gnu-toolchain/bin/../lib/gcc/arm-none-eabi/6.3.1/../../../../arm-none-eabi/lib/thumb/v7e-m\libc_nano.a(lib_a-findfp.o)
 .debug_frame   0x00001740       0x2c c:/program files (x86)/atmel/studio/7.0/toolchain/arm/arm-gnu-toolchain/bin/../lib/gcc/arm-none-eabi/6.3.1/../../../../arm-none-eabi/lib/thumb/v7e-m\libc_nano.a(lib_a-nano-mallocr.o)
 .debug_frame   0x0000176c       0x90 c:/program files (x86)/atmel/studio/7.0/toolchain/arm/arm-gnu-toolchain/bin/../lib/gcc/arm-none-eabi/6.3.1/../../../../arm-none-eabi/lib/thumb/v7e-m\libc_nano.a(lib_a-nano-svfprintf.o)
 .debug_frame   0x000017fc       0x60 c:/program files (x86)/atmel/studio/7.0/toolchain/arm/arm-gnu-toolchain/bin/../lib/gcc/arm-none-eabi/6.3.1/../../../../arm-none-eabi/lib/thumb/v7e-m\libc_nano.a(lib_a-nano-vfprintf_i.o)
 .debug_frame   0x0000185c       0x2c c:/program files (x86)/atmel/studio/7.0/toolchain/arm/arm-gnu-toolchain/bin/../lib/gcc/arm-none-eabi/6.3.1/../../../../arm-none-eabi/lib/thumb/v7e-m\libc_nano.a(lib_a-sbrkr.o)
 .debug_frame   0x00001888       0x28 c:/program files (x86)/atmel/studio/7.0/toolchain/arm/arm-gnu-toolchain/bin/../lib/gcc/arm-none-eabi/6.3.1/../../../../arm-none-eabi/lib/thumb/v7e-m\libc_nano.a(lib_a-memcpy-stub.o)
 .debug_frame   0x000018b0       0x28 c:/program files (x86)/atmel/studio/7.0/toolchain/arm/arm-gnu-toolchain/bin/../lib/gcc/arm-none-eabi/6.3.1/../../../../arm-none-eabi/lib/thumb/v7e-m\libc_nano.a(lib_a-memmove.o)
 .debug_frame   0x000018d8       0x30 c:/program files (x86)/atmel/studio/7.0/toolchain/arm/arm-gnu-toolchain/bin/../lib/gcc/arm-none-eabi/6.3.1/../../../../arm-none-eabi/lib/thumb/v7e-m\libc_nano.a(lib_a-mlock.o)
 .debug_frame   0x00001908       0x38 c:/program files (x86)/atmel/studio/7.0/toolchain/arm/arm-gnu-toolchain/bin/../lib/gcc/arm-none-eabi/6.3.1/../../../../arm-none-eabi/lib/thumb/v7e-m\libc_nano.a(lib_a-nano-freer.o)
 .debug_frame   0x00001940       0x3c c:/program files (x86)/atmel/studio/7.0/toolchain/arm/arm-gnu-toolchain/bin/../lib/gcc/arm-none-eabi/6.3.1/../../../../arm-none-eabi/lib/thumb/v7e-m\libc_nano.a(lib_a-nano-reallocr.o)
 .debug_frame   0x0000197c       0x5c c:/program files (x86)/atmel/studio/7.0/toolchain/arm/arm-gnu-toolchain/bin/../lib/gcc/arm-none-eabi/6.3.1/../../../../arm-none-eabi/lib/thumb/v7e-m\libc_nano.a(lib_a-reent.o)
 .debug_frame   0x000019d8       0x20 c:/program files (x86)/atmel/studio/7.0/toolchain/arm/arm-gnu-toolchain/bin/../lib/gcc/arm-none-eabi/6.3.1/../../../../arm-none-eabi/lib/thumb/v7e-m\libc_nano.a(lib_a-nano-msizer.o)
