Microchip MPLAB XC8 Compiler V2.41

Linker command line:

-W-3 --edf=/opt/microchip/xc8/v2.41/pic/dat/20230208172133_en.msgs \
  -pivt0x8=08h -cn \
  -h+dist/default/debug/PIC18_DMA_Covert_Channel.X.debug.sym \
  --cmf=dist/default/debug/PIC18_DMA_Covert_Channel.X.debug.cmf -z \
  -Q18F16Q41 -o/tmp/xcXbjchFP/driver_tmp_3.o --defsym=__MPLAB_BUILD=1 \
  --fixupoverflow=error \
  -Mdist/default/debug/PIC18_DMA_Covert_Channel.X.debug.map \
  --md=/tmp/xcXbjchFP/driver_tmp_0.dat -E1 -ver=XC8 Compiler --acfsm=1493 \
  -ACODE=00h-0FFFFh -ACONST=00h-0FFFFh -ASMALLCONST=01600h-016FFhx234 \
  -AMEDIUMCONST=01600h-0FFFFh -ACOMRAM=0501h-055Fh -AABS1=0500h-014FFh \
  -ABIGRAM=0501h-014FFh -ARAM=0560h-05FFh,0600h-06FFhx15 \
  -ABANK5=0560h-05FFh -ABANK6=0600h-06FFh -ABANK7=0700h-07FFh \
  -ABANK8=0800h-08FFh -ABANK9=0900h-09FFh -ABANK10=0A00h-0AFFh \
  -ABANK11=0B00h-0BFFh -ABANK12=0C00h-0CFFh -ABANK13=0D00h-0DFFh \
  -ABANK14=0E00h-0EFFh -ABANK15=0F00h-0FFFh -ABANK16=01000h-010FFh \
  -ABANK17=01100h-011FFh -ABANK18=01200h-012FFh -ABANK19=01300h-013FFh \
  -ABANK20=01400h-014FFh \
  -ASFR=00h-0FFhx4,0400h-045Fh,0460h-04FFh,01500h-015FFh \
  -ABIGSFR=00h-04FFh,01500h-015FFh -ACONFIG=0300000h-0300011h \
  -AIDLOC=0200000h-020003Fh -AEEDATA=0380000h-03801FFh -peeprom_data=EEDATA \
  -preset_vec=00h -ppowerup=CODE,init -pramtop=01600h \
  -psmallconst=SMALLCONST -pmediumconst=MEDIUMCONST -pconst=CONST \
  -AFARRAM=00h-00h \
  -prdata=COMRAM,nvrram=COMRAM,nvbit=COMRAM,rbss=COMRAM,rbit=COMRAM \
  -pfarbss=FARRAM,fardata=FARRAM,nvFARRAM=FARRAM \
  -pintsave_regs=BIGRAM,bigbss=BIGRAM,bigdata=BIGRAM -pbss=RAM \
  -pidata=CODE,irdata=CODE,ibigdata=CODE,ifardata=CODE -prparam=COMRAM \
  /tmp/xcXbjchFP/driver_tmp_14.o \
  dist/default/debug/PIC18_DMA_Covert_Channel.X.debug.o 

Object code version is 3.11

Machine type is 18F16Q41



                Name                               Link     Load   Length Selector   Space Scale
/tmp/xcXbjchFP/driver_tmp_14.o
                idloc                            200000   200000       40        0       5
                config                           300000   300000        A        0       4
                init                                 BA       BA        4        4       0
                reset_vec                             0        0        4        0       0
dist/default/debug/PIC18_DMA_Covert_Channel.X.debug.o
                idloc                            200000   200000       40        0       5
                config                           300000   300000        A        0       4
                smallconst                         1600     1600       52      B00       0
                ivt0x8                                8        8       B2        4       0
                text57                             2612     2612        6      983       0
                text56                             25A6     25A6        E      B29       0
                text55                             2626     2626        2      987       0
                text54                             229C     229C       40      B29       0
                text53                             2624     2624        2      987       0
                text52                             23D4     23D4       2E      B29       0
                text51                             2580     2580       18      B29       0
                text50                             2622     2622        2      987       0
                text49                             23A6     23A6       2E      B29       0
                text48                             2568     2568       18      B29       0
                text47                             2620     2620        2      987       0
                text46                             2378     2378       2E      B29       0
                text45                             2550     2550       18      B29       0
                text44                             261E     261E        2      987       0
                text43                             260C     260C        6      983       0
                text42                             261C     261C        2      987       0
                text41                             2534     2534       1C      B29       0
                text40                             2402     2402       2C      B29       0
                text39                             25F2     25F2        A      B29       0
                text38                             20D8     20D8       5A      B29       0
                text37                             25E8     25E8        A      B29       0
                text36                             25DE     25DE        A      B29       0
                text35                             25D4     25D4        A      B29       0
                text34                             2004     2004       70      B29       0
                text33                             1D96     1D96       90      B29       0
                text32                             2598     2598        E      B29       0
                text31                             25CA     25CA        A      B29       0
                text30                             2348     2348       30      B29       0
                text29                             2518     2518       1C      B29       0
                text28                             24FC     24FC       1C      B29       0
                text27                             24E0     24E0       1C      B29       0
                text26                             1E26     1E26       7E      B29       0
                text25                             22DC     22DC       38      B29       0
                text24                             2480     2480       26      B29       0
                text23                             2314     2314       34      B29       0
                text22                             25C0     25C0        A      B29       0
                text21                             2604     2604        6      B29       0
                text20                             25B4     25B4        C      B29       0
                text19                             1B78     1B78       C4      B29       0
                text18                             1C3C     1C3C       B0      B29       0
                text17                             225C     225C       40      B29       0
                text16                             242E     242E       2A      B29       0
                text15                             25FC     25FC        8      B29       0
                text14                             24A6     24A6       1E      B29       0
                text13                             1AAE     1AAE       CA      B29       0
                text12                             21D8     21D8       44      B29       0
                text11                             1EA4     1EA4       7A      B29       0
                text10                             182A     182A      194      B29       0
                text9                              1F1E     1F1E       74      B29       0
                text8                              2074     2074       64      B29       0
                text7                              19BE     19BE       F0      B29       0
                text6                              1652     1652      1D8      B29       0
                text5                              2188     2188       50      B29       0
                text4                              2458     2458       28      B29       0
                text3                              1F92     1F92       72      B29       0
                text2                              1CEC     1CEC       AA      B29       0
                text1                              221C     221C       40      B29       0
                text0                              24C4     24C4       1C      B29       0
                cstackCOMRAM                        501      501       48      501       1
                cstackBANK5                         59A      59A        8      560       1
                dataBANK5                           5A6      5A6        2      560       1
                bssBANK5                            560      560       3A      560       1
                dataCOMRAM                          556      556        1      501       1
                bssCOMRAM                           549      549        D      501       1
                cinit                              2132     2132       56      B29       0
                nvBANK5                             5A2      5A2        4      560       1
                idataBANK5                         2618     2618        2      983       0
                idataCOMRAM                        2628     2628        1      987       0

TOTAL           Name                               Link     Load   Length     Space
        CLASS   CODE           
                init                                 BA       BA        4         0
                reset_vec                             0        0        4         0
                ivt0x8                                8        8       B2         0
                text57                             2612     2612        6         0
                text56                             25A6     25A6        E         0
                text55                             2626     2626        2         0
                text54                             229C     229C       40         0
                text53                             2624     2624        2         0
                text52                             23D4     23D4       2E         0
                text51                             2580     2580       18         0
                text50                             2622     2622        2         0
                text49                             23A6     23A6       2E         0
                text48                             2568     2568       18         0
                text47                             2620     2620        2         0
                text46                             2378     2378       2E         0
                text45                             2550     2550       18         0
                text44                             261E     261E        2         0
                text43                             260C     260C        6         0
                text42                             261C     261C        2         0
                text41                             2534     2534       1C         0
                text40                             2402     2402       2C         0
                text39                             25F2     25F2        A         0
                text38                             20D8     20D8       5A         0
                text37                             25E8     25E8        A         0
                text36                             25DE     25DE        A         0
                text35                             25D4     25D4        A         0
                text34                             2004     2004       70         0
                text33                             1D96     1D96       90         0
                text32                             2598     2598        E         0
                text31                             25CA     25CA        A         0
                text30                             2348     2348       30         0
                text29                             2518     2518       1C         0
                text28                             24FC     24FC       1C         0
                text27                             24E0     24E0       1C         0
                text26                             1E26     1E26       7E         0
                text25                             22DC     22DC       38         0
                text24                             2480     2480       26         0
                text23                             2314     2314       34         0
                text22                             25C0     25C0        A         0
                text21                             2604     2604        6         0
                text20                             25B4     25B4        C         0
                text19                             1B78     1B78       C4         0
                text18                             1C3C     1C3C       B0         0
                text17                             225C     225C       40         0
                text16                             242E     242E       2A         0
                text15                             25FC     25FC        8         0
                text14                             24A6     24A6       1E         0
                text13                             1AAE     1AAE       CA         0
                text12                             21D8     21D8       44         0
                text11                             1EA4     1EA4       7A         0
                text10                             182A     182A      194         0
                text9                              1F1E     1F1E       74         0
                text8                              2074     2074       64         0
                text7                              19BE     19BE       F0         0
                text6                              1652     1652      1D8         0
                text5                              2188     2188       50         0
                text4                              2458     2458       28         0
                text3                              1F92     1F92       72         0
                text2                              1CEC     1CEC       AA         0
                text1                              221C     221C       40         0
                text0                              24C4     24C4       1C         0
                cinit                              2132     2132       56         0
                idataBANK5                         2618     2618        2         0
                idataCOMRAM                        2628     2628        1         0

        CLASS   CONST          

        CLASS   SMALLCONST     
                smallconst                         1600     1600       52         0

        CLASS   MEDIUMCONST    

        CLASS   COMRAM         
                cstackCOMRAM                        501      501       48         1
                dataCOMRAM                          556      556        1         1
                bssCOMRAM                           549      549        D         1

        CLASS   ABS1           

        CLASS   BIGRAM         

        CLASS   RAM            

        CLASS   BANK5          
                cstackBANK5                         59A      59A        8         1
                dataBANK5                           5A6      5A6        2         1
                bssBANK5                            560      560       3A         1
                nvBANK5                             5A2      5A2        4         1

        CLASS   BANK6          

        CLASS   BANK7          

        CLASS   BANK8          

        CLASS   BANK9          

        CLASS   BANK10         

        CLASS   BANK11         

        CLASS   BANK12         

        CLASS   BANK13         

        CLASS   BANK14         

        CLASS   BANK15         

        CLASS   BANK16         

        CLASS   BANK17         

        CLASS   BANK18         

        CLASS   BANK19         

        CLASS   BANK20         

        CLASS   SFR            

        CLASS   BIGSFR         

        CLASS   CONFIG         
                config                           300000   300000        A         4

        CLASS   IDLOC          
                idloc                            200000   200000       40         5

        CLASS   EEDATA         

        CLASS   FARRAM         

        CLASS   HEAP           

        CLASS   STACK          



SEGMENTS        Name                           Load    Length   Top    Selector   Space  Class

                reset_vec                      000000  000004  000004         0       0  CODE    
                text6                          001652  000FB8  00260A       B29       0  CODE    
                text42                         00261C  00000D  002629       987       0  CODE    
                text43                         00260C  00000E  00261A       983       0  CODE    
                smallconst                     001600  000052  001652       B00       0  SMALLCON
                ivt0x8                         000008  0000B6  0000BE         4       0  CODE    
                cstackCOMRAM                   000501  000056  000557       501       1  COMRAM  
                bssBANK5                       000560  000048  0005A8       560       1  BANK5   


UNUSED ADDRESS RANGES

        Name                Unused          Largest block    Delta
        BANK10           000A00-000AFF              100
        BANK11           000B00-000BFF              100
        BANK12           000C00-000CFF              100
        BANK13           000D00-000DFF              100
        BANK14           000E00-000EFF              100
        BANK15           000F00-000FFF              100
        BANK16           001000-0010FF              100
        BANK17           001100-0011FF              100
        BANK18           001200-0012FF              100
        BANK19           001300-0013FF              100
        BANK20           001400-0014FF              100
        BANK5            0005A8-0005FF               58
        BANK6            000600-0006FF              100
        BANK7            000700-0007FF              100
        BANK8            000800-0008FF              100
        BANK9            000900-0009FF              100
        BIGRAM           000557-00055F                9
                         0005A8-0014FF              F58
        BIGSFR           000000-0004FF              500
                         001500-0015FF              100
        CODE             000004-000007                4
                         0000BE-0015FF             1542
                         00260A-00260B                2
                         00261A-00261B                2
                         002629-00FFFF             D9D7
        COMRAM           000557-00055F                9
        CONFIG           30000A-300011                8
        CONST            000004-000007                4
                         0000BE-0015FF             1542
                         00260A-00260B                2
                         00261A-00261B                2
                         002629-00FFFF             D9D7
        EEDATA           380000-3801FF              200
        MEDIUMCONST      00260A-00260B                2
                         00261A-00261B                2
                         002629-00FFFF             D9D7
        RAM              0005A8-0014FF              100
        SFR              000000-0004FF              100
                         001500-0015FF              100
        SMALLCONST       00260A-00260B                2
                         00261A-00261B                2
                         002629-00FFFF              100

                                  Symbol Table

?___awdiv                                          cstackCOMRAM 000509
?___awmod                                          cstackCOMRAM 000509
?___lwdiv                                          cstackCOMRAM 000509
?___lwmod                                          cstackCOMRAM 000509
?_abs                                              cstackCOMRAM 00050F
?_printf                                           cstackBANK5  00059A
?_vfprintf                                         cstackCOMRAM 000541
DMA1_SetSCNTIInterruptHandler@InterruptHandler     cstackCOMRAM 000509
INT0_SetInterruptHandler@InterruptHandler          cstackCOMRAM 000509
INT1_SetInterruptHandler@InterruptHandler          cstackCOMRAM 000509
INT2_SetInterruptHandler@InterruptHandler          cstackCOMRAM 000509
INTERRUPT_Initialize@state                         cstackCOMRAM 00050B
IVTBASEH                                           (abs)        00045E
IVTBASEL                                           (abs)        00045D
IVTBASEU                                           (abs)        00045F
Timer0_OverflowCallbackRegister@CallbackHandler    cstackCOMRAM 000509
Timer0_Write@timerVal                              cstackCOMRAM 000509
UART1_FramingErrorCallbackRegister@callbackHandler cstackCOMRAM 000509
UART1_OverrunErrorCallbackRegister@callbackHandler cstackCOMRAM 000509
UART1_ParityErrorCallbackRegister@callbackHandler  cstackCOMRAM 000509
UART1_Write@txData                                 cstackCOMRAM 000509
_ACTCON                                            (abs)        0000AC
_ANSELA                                            (abs)        000400
_ANSELB                                            (abs)        000408
_ANSELC                                            (abs)        000410
_CLOCK_Initialize                                  text41       002534
_CPU_Initialize                                    text40       002402
_DMA1PR                                            (abs)        0000B6
_DMA1_DMASCNTI_ISR                                 text54       00229C
_DMA1_DefaultInterruptHandler                      text55       002626
_DMA1_Initialize                                   text38       0020D8
_DMA1_SCNTI_InterruptHandler                       nvBANK5      0005A2
_DMA1_SetSCNTIInterruptHandler                     text39       0025F2
_DMA1_StartTransfer                                text22       0025C0
_DMA2PR                                            (abs)        0000B7
_DMA3PR                                            (abs)        0000B8
_DMA4PR                                            (abs)        0000B9
_DMASELECT                                         (abs)        0000E8
_DMA_ISR                                           text56       0025A6
_DMAnAIRQ                                          (abs)        0000FE
_DMAnCON0                                          (abs)        0000FC
_DMAnCON0bits                                      (abs)        0000FC
_DMAnCON1                                          (abs)        0000FD
_DMAnCON1bits                                      (abs)        0000FD
_DMAnDPTR                                          (abs)        0000EC
_DMAnDSA                                           (abs)        0000F0
_DMAnDSZ                                           (abs)        0000EE
_DMAnSIRQ                                          (abs)        0000FF
_DMAnSPTR                                          (abs)        0000F4
_DMAnSSA                                           (abs)        0000F9
_DMAnSSZ                                           (abs)        0000F7
_Default_ISR                                       text42       00261C
_Dst                                               bssBANK5     000596
_GIE                                               (abs)        0026B7
_INLVLA                                            (abs)        000404
_INLVLB                                            (abs)        00040C
_INLVLC                                            (abs)        000414
_INT0_CallBack                                     text46       002378
_INT0_DefaultInterruptHandler                      text47       002620
_INT0_ISR                                          text45       002550
_INT0_InterruptHandler                             bssBANK5     000566
_INT0_SetInterruptHandler                          text37       0025E8
_INT1_CallBack                                     text49       0023A6
_INT1_DefaultInterruptHandler                      text50       002622
_INT1_ISR                                          text48       002568
_INT1_InterruptHandler                             bssBANK5     000564
_INT1_SetInterruptHandler                          text36       0025DE
_INT2_CallBack                                     text52       0023D4
_INT2_DefaultInterruptHandler                      text53       002624
_INT2_ISR                                          text51       002580
_INT2_InterruptHandler                             bssBANK5     000562
_INT2_SetInterruptHandler                          text35       0025D4
_INTCON0bits                                       (abs)        0004D6
_INTERRUPT_Initialize                              text34       002004
_IOCAF                                             (abs)        000407
_IOCAN                                             (abs)        000406
_IOCAP                                             (abs)        000405
_IOCBF                                             (abs)        00040F
_IOCBN                                             (abs)        00040E
_IOCBP                                             (abs)        00040D
_IOCCF                                             (abs)        000417
_IOCCN                                             (abs)        000416
_IOCCP                                             (abs)        000415
_IOC_ISR                                           text43       00260C
_IPR0bits                                          (abs)        000367
_IPR2bits                                          (abs)        000369
_ISRPR                                             (abs)        0000BF
_IVTBASEH                                          (abs)        00045E
_IVTBASEL                                          (abs)        00045D
_IVTBASEU                                          (abs)        00045F
_IVTLOCK                                           (abs)        000459
_IVTLOCKbits                                       (abs)        000459
_LATA                                              (abs)        0004BE
_LATB                                              (abs)        0004BF
_LATC                                              (abs)        0004C0
_MAINPR                                            (abs)        0000BE
_ODCONA                                            (abs)        000402
_ODCONB                                            (abs)        00040A
_ODCONC                                            (abs)        000412
_OSCCON1                                           (abs)        0000AD
_OSCCON3                                           (abs)        0000AF
_OSCEN                                             (abs)        0000B3
_OSCFRQ                                            (abs)        0000B1
_OSCTUNE                                           (abs)        0000B0
_PIE2bits                                          (abs)        0004AA
_PIN_MANAGER_IOC                                   text44       00261E
_PIN_MANAGER_Initialize                            text33       001D96
_PIR10bits                                         (abs)        0004BD
_PIR1bits                                          (abs)        0004B4
_PIR2bits                                          (abs)        0004B5
_PIR3bits                                          (abs)        0004B6
_PIR6bits                                          (abs)        0004B9
_PRLOCK                                            (abs)        0000B4
_PRLOCKbits                                        (abs)        0000B4
_PRODH                                             (abs)        0004F4
_PRODL                                             (abs)        0004F3
_RB4I2C                                            (abs)        000287
_RB6I2C                                            (abs)        000286
_RB7PPS                                            (abs)        000210
_SCANPR                                            (abs)        0000B5
_SLRCONA                                           (abs)        000403
_SLRCONB                                           (abs)        00040B
_SLRCONC                                           (abs)        000413
_SYSTEM_Initialize                                 text24       002480
_Src                                               bssBANK5     000598
_SystemArbiter_Initialize                          text32       002598
_T0CON0                                            (abs)        00031A
_T0CON0bits                                        (abs)        00031A
_T0CON1                                            (abs)        00031B
_TMR0H                                             (abs)        000319
_TMR0L                                             (abs)        000318
_TRISA                                             (abs)        0004C6
_TRISB                                             (abs)        0004C7
_TRISC                                             (abs)        0004C8
_Timer0                                            smallconst   001631
_Timer0_DefaultOverflowCallback                    (abs)        000000
_Timer0_Initialize                                 text30       002348
_Timer0_OverflowCallback                           nvBANK5      0005A4
_Timer0_OverflowCallbackRegister                   text31       0025CA
_Timer0_Start                                      text21       002604
_Timer0_Stop                                       text57       002612
_Timer0_Tasks                                      (abs)        000000
_Timer0_Write                                      text20       0025B4
_U1BRGH                                            (abs)        0002AF
_U1BRGL                                            (abs)        0002AE
_U1CON0                                            (abs)        0002AB
_U1CON0bits                                        (abs)        0002AB
_U1CON1                                            (abs)        0002AC
_U1CON1bits                                        (abs)        0002AC
_U1CON2                                            (abs)        0002AD
_U1ERRIE                                           (abs)        0002B3
_U1ERRIR                                           (abs)        0002B2
_U1ERRIRbits                                       (abs)        0002B2
_U1FIFO                                            (abs)        0002B0
_U1FIFObits                                        (abs)        0002B0
_U1P1H                                             (abs)        0002A6
_U1P1L                                             (abs)        0002A5
_U1P2H                                             (abs)        0002A8
_U1P2L                                             (abs)        0002A7
_U1P3H                                             (abs)        0002AA
_U1P3L                                             (abs)        0002A9
_U1RXB                                             (abs)        0002A1
_U1RXCHK                                           (abs)        0002A2
_U1RXPPS                                           (abs)        000272
_U1TXB                                             (abs)        0002A3
_U1TXCHK                                           (abs)        0002A4
_U1UIR                                             (abs)        0002B1
_U1UIRbits                                         (abs)        0002B1
_U2BRGH                                            (abs)        0002C2
_U2BRGL                                            (abs)        0002C1
_U2CON0                                            (abs)        0002BE
_U2CON1                                            (abs)        0002BF
_U2CON2                                            (abs)        0002C0
_U2ERRIE                                           (abs)        0002C6
_U2ERRIR                                           (abs)        0002C5
_U2FIFO                                            (abs)        0002C3
_U2P1L                                             (abs)        0002B8
_U2P2L                                             (abs)        0002BA
_U2P3L                                             (abs)        0002BC
_U2TXB                                             (abs)        0002B6
_U2UIR                                             (abs)        0002C4
_UART1                                             smallconst   001601
_UART1_AutoBaudQuery                               (abs)        000000
_UART1_AutoBaudSet                                 (abs)        000000
_UART1_DefaultFramingErrorCallback                 (abs)        000000
_UART1_DefaultOverrunErrorCallback                 (abs)        000000
_UART1_DefaultParityErrorCallback                  (abs)        000000
_UART1_Deinitialize                                (abs)        000000
_UART1_ErrorGet                                    (abs)        000000
_UART1_FramingErrorCallbackRegister                text29       002518
_UART1_FramingErrorHandler                         bssCOMRAM    00054D
_UART1_Initialize                                  text26       001E26
_UART1_IsRxReady                                   (abs)        000000
_UART1_IsTxDone                                    (abs)        000000
_UART1_IsTxReady                                   text16       00242E
_UART1_IsTxReady$722                               cstackCOMRAM 000509
_UART1_OverrunErrorCallbackRegister                text28       0024FC
_UART1_OverrunErrorHandler                         bssBANK5     00056A
_UART1_ParityErrorCallbackRegister                 text27       0024E0
_UART1_ParityErrorHandler                          bssBANK5     000568
_UART1_Read                                        (abs)        000000
_UART1_TransmitDisable                             (abs)        000000
_UART1_TransmitEnable                              (abs)        000000
_UART1_Write                                       text15       0025FC
_UART2_Initialize                                  text25       0022DC
_WPUA                                              (abs)        000401
_WPUB                                              (abs)        000409
_WPUC                                              (abs)        000411
__HRAM                                             (abs)        000000
__H__absolute__                                    __absolute__ 000000
__Habs1                                            abs1         000000
__Hbank10                                          bank10       000000
__Hbank11                                          bank11       000000
__Hbank12                                          bank12       000000
__Hbank13                                          bank13       000000
__Hbank14                                          bank14       000000
__Hbank15                                          bank15       000000
__Hbank16                                          bank16       000000
__Hbank17                                          bank17       000000
__Hbank18                                          bank18       000000
__Hbank19                                          bank19       000000
__Hbank20                                          bank20       000000
__Hbank5                                           bank5        000000
__Hbank6                                           bank6        000000
__Hbank7                                           bank7        000000
__Hbank8                                           bank8        000000
__Hbank9                                           bank9        000000
__Hbigbss                                          bigbss       000000
__Hbigdata                                         bigdata      000000
__Hbigram                                          bigram       000000
__Hbigsfr                                          bigsfr       000000
__Hbss                                             bss          000000
__HbssBANK5                                        bssBANK5     000000
__HbssCOMRAM                                       bssCOMRAM    000000
__Hcinit                                           cinit        000000
__Hclrtext                                         clrtext      000000
__Hcomram                                          comram       000000
__Hconfig                                          config       30000A
__Hconst                                           const        000000
__HcstackBANK5                                     cstackBANK5  000000
__HcstackCOMRAM                                    cstackCOMRAM 000000
__Hdata                                            data         000000
__HdataBANK5                                       dataBANK5    000000
__HdataCOMRAM                                      dataCOMRAM   000000
__Heeprom_data                                     eeprom_data  000000
__Hfarbss                                          farbss       000000
__Hfardata                                         fardata      000000
__Hheap                                            heap         000000
__Hibigdata                                        ibigdata     000000
__Hidata                                           idata        000000
__HidataBANK5                                      idataBANK5   000000
__HidataCOMRAM                                     idataCOMRAM  000000
__Hidloc                                           idloc        200040
__Hifardata                                        ifardata     000000
__Hinit                                            init         0000BE
__Hintsave_regs                                    intsave_regs 000000
__Hirdata                                          irdata       000000
__Hivt0x8                                          ivt0x8       0000BA
__Hmediumconst                                     mediumconst  000000
__HnvBANK5                                         nvBANK5      000000
__HnvFARRAM                                        nvFARRAM     000000
__Hnvbit                                           nvbit        000000
__Hnvrram                                          nvrram       000000
__Hparam                                           rparam       000000
__Hpowerup                                         powerup      000000
__Hram                                             ram          000000
__Hramtop                                          ramtop       001600
__Hrbit                                            rbit         000000
__Hrbss                                            rbss         000000
__Hrdata                                           rdata        000000
__Hreset_vec                                       reset_vec    000004
__Hrparam                                          rparam       000000
__Hsfr                                             sfr          000000
__Hsmallconst                                      smallconst   001652
__Hspace_0                                         (abs)        002629
__Hspace_1                                         (abs)        0005A8
__Hspace_2                                         (abs)        000000
__Hspace_4                                         (abs)        60000A
__Hstack                                           stack        000000
__Hstruct                                          struct       000000
__Htemp                                            temp         000000
__Htext                                            text         000000
__Htext0                                           text0        000000
__Htext1                                           text1        000000
__Htext10                                          text10       000000
__Htext11                                          text11       000000
__Htext12                                          text12       000000
__Htext13                                          text13       000000
__Htext14                                          text14       000000
__Htext15                                          text15       000000
__Htext16                                          text16       000000
__Htext17                                          text17       000000
__Htext18                                          text18       000000
__Htext19                                          text19       000000
__Htext2                                           text2        000000
__Htext20                                          text20       000000
__Htext21                                          text21       000000
__Htext22                                          text22       000000
__Htext23                                          text23       000000
__Htext24                                          text24       000000
__Htext25                                          text25       000000
__Htext26                                          text26       000000
__Htext27                                          text27       000000
__Htext28                                          text28       000000
__Htext29                                          text29       000000
__Htext3                                           text3        000000
__Htext30                                          text30       000000
__Htext31                                          text31       000000
__Htext32                                          text32       000000
__Htext33                                          text33       000000
__Htext34                                          text34       000000
__Htext35                                          text35       000000
__Htext36                                          text36       000000
__Htext37                                          text37       000000
__Htext38                                          text38       000000
__Htext39                                          text39       000000
__Htext4                                           text4        000000
__Htext40                                          text40       000000
__Htext41                                          text41       000000
__Htext42                                          text42       000000
__Htext43                                          text43       000000
__Htext44                                          text44       000000
__Htext45                                          text45       000000
__Htext46                                          text46       000000
__Htext47                                          text47       000000
__Htext48                                          text48       000000
__Htext49                                          text49       000000
__Htext5                                           text5        000000
__Htext50                                          text50       000000
__Htext51                                          text51       000000
__Htext52                                          text52       000000
__Htext53                                          text53       000000
__Htext54                                          text54       000000
__Htext55                                          text55       000000
__Htext56                                          text56       000000
__Htext57                                          text57       000000
__Htext58                                          text58       000000
__Htext6                                           text6        000000
__Htext7                                           text7        000000
__Htext8                                           text8        000000
__Htext9                                           text9        000000
__LRAM                                             (abs)        000001
__L__absolute__                                    __absolute__ 000000
__Labs1                                            abs1         000000
__Lbank10                                          bank10       000000
__Lbank11                                          bank11       000000
__Lbank12                                          bank12       000000
__Lbank13                                          bank13       000000
__Lbank14                                          bank14       000000
__Lbank15                                          bank15       000000
__Lbank16                                          bank16       000000
__Lbank17                                          bank17       000000
__Lbank18                                          bank18       000000
__Lbank19                                          bank19       000000
__Lbank20                                          bank20       000000
__Lbank5                                           bank5        000000
__Lbank6                                           bank6        000000
__Lbank7                                           bank7        000000
__Lbank8                                           bank8        000000
__Lbank9                                           bank9        000000
__Lbigbss                                          bigbss       000000
__Lbigdata                                         bigdata      000000
__Lbigram                                          bigram       000000
__Lbigsfr                                          bigsfr       000000
__Lbss                                             bss          000000
__LbssBANK5                                        bssBANK5     000000
__LbssCOMRAM                                       bssCOMRAM    000000
__Lcinit                                           cinit        000000
__Lclrtext                                         clrtext      000000
__Lcomram                                          comram       000000
__Lconfig                                          config       000000
__Lconst                                           const        000000
__LcstackBANK5                                     cstackBANK5  000000
__LcstackCOMRAM                                    cstackCOMRAM 000000
__Ldata                                            data         000000
__LdataBANK5                                       dataBANK5    000000
__LdataCOMRAM                                      dataCOMRAM   000000
__Leeprom_data                                     eeprom_data  000000
__Lfarbss                                          farbss       000000
__Lfardata                                         fardata      000000
__Lheap                                            heap         000000
__Libigdata                                        ibigdata     000000
__Lidata                                           idata        000000
__LidataBANK5                                      idataBANK5   000000
__LidataCOMRAM                                     idataCOMRAM  000000
__Lidloc                                           idloc        000000
__Lifardata                                        ifardata     000000
__Linit                                            init         0000BA
__Lintsave_regs                                    intsave_regs 000000
__Lirdata                                          irdata       000000
__Livt0x8                                          ivt0x8       000008
__Lmediumconst                                     mediumconst  000000
__LnvBANK5                                         nvBANK5      000000
__LnvFARRAM                                        nvFARRAM     000000
__Lnvbit                                           nvbit        000000
__Lnvrram                                          nvrram       000000
__Lparam                                           rparam       000000
__Lpowerup                                         powerup      000000
__Lram                                             ram          000000
__Lramtop                                          ramtop       001600
__Lrbit                                            rbit         000000
__Lrbss                                            rbss         000000
__Lrdata                                           rdata        000000
__Lreset_vec                                       reset_vec    000000
__Lrparam                                          rparam       000000
__Lsfr                                             sfr          000000
__Lsmallconst                                      smallconst   001600
__Lspace_0                                         (abs)        000000
__Lspace_1                                         (abs)        000000
__Lspace_2                                         (abs)        000000
__Lspace_4                                         (abs)        000000
__Lstack                                           stack        000000
__Lstruct                                          struct       000000
__Ltemp                                            temp         000000
__Ltext                                            text         000000
__Ltext0                                           text0        000000
__Ltext1                                           text1        000000
__Ltext10                                          text10       000000
__Ltext11                                          text11       000000
__Ltext12                                          text12       000000
__Ltext13                                          text13       000000
__Ltext14                                          text14       000000
__Ltext15                                          text15       000000
__Ltext16                                          text16       000000
__Ltext17                                          text17       000000
__Ltext18                                          text18       000000
__Ltext19                                          text19       000000
__Ltext2                                           text2        000000
__Ltext20                                          text20       000000
__Ltext21                                          text21       000000
__Ltext22                                          text22       000000
__Ltext23                                          text23       000000
__Ltext24                                          text24       000000
__Ltext25                                          text25       000000
__Ltext26                                          text26       000000
__Ltext27                                          text27       000000
__Ltext28                                          text28       000000
__Ltext29                                          text29       000000
__Ltext3                                           text3        000000
__Ltext30                                          text30       000000
__Ltext31                                          text31       000000
__Ltext32                                          text32       000000
__Ltext33                                          text33       000000
__Ltext34                                          text34       000000
__Ltext35                                          text35       000000
__Ltext36                                          text36       000000
__Ltext37                                          text37       000000
__Ltext38                                          text38       000000
__Ltext39                                          text39       000000
__Ltext4                                           text4        000000
__Ltext40                                          text40       000000
__Ltext41                                          text41       000000
__Ltext42                                          text42       000000
__Ltext43                                          text43       000000
__Ltext44                                          text44       000000
__Ltext45                                          text45       000000
__Ltext46                                          text46       000000
__Ltext47                                          text47       000000
__Ltext48                                          text48       000000
__Ltext49                                          text49       000000
__Ltext5                                           text5        000000
__Ltext50                                          text50       000000
__Ltext51                                          text51       000000
__Ltext52                                          text52       000000
__Ltext53                                          text53       000000
__Ltext54                                          text54       000000
__Ltext55                                          text55       000000
__Ltext56                                          text56       000000
__Ltext57                                          text57       000000
__Ltext58                                          text58       000000
__Ltext6                                           text6        000000
__Ltext7                                           text7        000000
__Ltext8                                           text8        000000
__Ltext9                                           text9        000000
__S0                                               (abs)        002629
__S1                                               (abs)        0005A8
__S4                                               (abs)        000000
__S5                                               (abs)        000000
___awdiv                                           text19       001B78
___awdiv@counter                                   cstackCOMRAM 00050D
___awdiv@dividend                                  cstackCOMRAM 000509
___awdiv@divisor                                   cstackCOMRAM 00050B
___awdiv@quotient                                  cstackCOMRAM 00050F
___awdiv@sign                                      cstackCOMRAM 00050E
___awmod                                           text18       001C3C
___awmod@counter                                   cstackCOMRAM 00050D
___awmod@dividend                                  cstackCOMRAM 000509
___awmod@divisor                                   cstackCOMRAM 00050B
___awmod@sign                                      cstackCOMRAM 00050E
___heap_hi                                         (abs)        000000
___heap_lo                                         (abs)        000000
___inthi_sp                                        stack        000000
___intlo_sp                                        stack        000000
___lwdiv                                           text9        001F1E
___lwdiv@counter                                   cstackCOMRAM 00050D
___lwdiv@dividend                                  cstackCOMRAM 000509
___lwdiv@divisor                                   cstackCOMRAM 00050B
___lwdiv@quotient                                  cstackCOMRAM 00050E
___lwmod                                           text8        002074
___lwmod@counter                                   cstackCOMRAM 00050D
___lwmod@dividend                                  cstackCOMRAM 000509
___lwmod@divisor                                   cstackCOMRAM 00050B
___param_bank                                      (abs)        000000
___rparam_used                                     (abs)        000001
___sp                                              stack        000000
__accesstop                                        (abs)        000560
__activetblptr                                     (abs)        000003
__end_of_CLOCK_Initialize                          text41       002550
__end_of_CPU_Initialize                            text40       00242E
__end_of_DMA1_DMASCNTI_ISR                         text54       0022DC
__end_of_DMA1_DefaultInterruptHandler              text55       002628
__end_of_DMA1_Initialize                           text38       002132
__end_of_DMA1_SetSCNTIInterruptHandler             text39       0025FC
__end_of_DMA1_StartTransfer                        text22       0025CA
__end_of_DMA_ISR                                   text56       0025B4
__end_of_Default_ISR                               text42       00261E
__end_of_INT0_CallBack                             text46       0023A6
__end_of_INT0_DefaultInterruptHandler              text47       002622
__end_of_INT0_ISR                                  text45       002568
__end_of_INT0_SetInterruptHandler                  text37       0025F2
__end_of_INT1_CallBack                             text49       0023D4
__end_of_INT1_DefaultInterruptHandler              text50       002624
__end_of_INT1_ISR                                  text48       002580
__end_of_INT1_SetInterruptHandler                  text36       0025E8
__end_of_INT2_CallBack                             text52       002402
__end_of_INT2_DefaultInterruptHandler              text53       002626
__end_of_INT2_ISR                                  text51       002598
__end_of_INT2_SetInterruptHandler                  text35       0025DE
__end_of_INTERRUPT_Initialize                      text34       002074
__end_of_IOC_ISR                                   text43       002612
__end_of_PIN_MANAGER_IOC                           text44       002620
__end_of_PIN_MANAGER_Initialize                    text33       001E26
__end_of_SYSTEM_Initialize                         text24       0024A6
__end_of_SystemArbiter_Initialize                  text32       0025A6
__end_of_Timer0                                    smallconst   00163D
__end_of_Timer0_Initialize                         text30       002378
__end_of_Timer0_OverflowCallbackRegister           text31       0025D4
__end_of_Timer0_Start                              text21       00260A
__end_of_Timer0_Stop                               text57       002618
__end_of_Timer0_Write                              text20       0025C0
__end_of_UART1                                     smallconst   001631
__end_of_UART1_FramingErrorCallbackRegister        text29       002534
__end_of_UART1_Initialize                          text26       001EA4
__end_of_UART1_IsTxReady                           text16       002458
__end_of_UART1_OverrunErrorCallbackRegister        text28       002518
__end_of_UART1_ParityErrorCallbackRegister         text27       0024FC
__end_of_UART1_Write                               text15       002604
__end_of_UART2_Initialize                          text25       002314
__end_of___awdiv                                   text19       001C3C
__end_of___awmod                                   text18       001CEC
__end_of___lwdiv                                   text9        001F92
__end_of___lwmod                                   text8        0020D8
__end_of__initialization                           cinit        002182
__end_of_abs                                       text17       00229C
__end_of_config_DMA_M2M                            text23       002348
__end_of_covert_channel                            text1        00225C
__end_of_covert_channel_logic                      text2        001D96
__end_of_dtoa                                      text10       0019BE
__end_of_fputc                                     text13       001B78
__end_of_fputs                                     text12       00221C
__end_of_main                                      text0        0024E0
__end_of_pad                                       text11       001F1E
__end_of_printf                                    text4        002480
__end_of_putch                                     text14       0024C4
__end_of_trojan                                    text3        002004
__end_of_utoa                                      text7        001AAE
__end_of_vfpfcnvrt                                 text6        00182A
__end_of_vfprintf                                  text5        0021D8
__initialization                                   cinit        002132
__mediumconst                                      mediumconst  000000
__pbssBANK5                                        bssBANK5     000560
__pbssCOMRAM                                       bssCOMRAM    000549
__pcinit                                           cinit        002132
__pcstackBANK5                                     cstackBANK5  00059A
__pcstackCOMRAM                                    cstackCOMRAM 000501
__pdataBANK5                                       dataBANK5    0005A6
__pdataCOMRAM                                      dataCOMRAM   000556
__pidataBANK5                                      idataBANK5   002618
__pidataCOMRAM                                     idataCOMRAM  002628
__pivt0x8                                          ivt0x8       000008
__pnvBANK5                                         nvBANK5      0005A2
__psmallconst                                      smallconst   001600
__ptext0                                           text0        0024C4
__ptext1                                           text1        00221C
__ptext10                                          text10       00182A
__ptext11                                          text11       001EA4
__ptext12                                          text12       0021D8
__ptext13                                          text13       001AAE
__ptext14                                          text14       0024A6
__ptext15                                          text15       0025FC
__ptext16                                          text16       00242E
__ptext17                                          text17       00225C
__ptext18                                          text18       001C3C
__ptext19                                          text19       001B78
__ptext2                                           text2        001CEC
__ptext20                                          text20       0025B4
__ptext21                                          text21       002604
__ptext22                                          text22       0025C0
__ptext23                                          text23       002314
__ptext24                                          text24       002480
__ptext25                                          text25       0022DC
__ptext26                                          text26       001E26
__ptext27                                          text27       0024E0
__ptext28                                          text28       0024FC
__ptext29                                          text29       002518
__ptext3                                           text3        001F92
__ptext30                                          text30       002348
__ptext31                                          text31       0025CA
__ptext32                                          text32       002598
__ptext33                                          text33       001D96
__ptext34                                          text34       002004
__ptext35                                          text35       0025D4
__ptext36                                          text36       0025DE
__ptext37                                          text37       0025E8
__ptext38                                          text38       0020D8
__ptext39                                          text39       0025F2
__ptext4                                           text4        002458
__ptext40                                          text40       002402
__ptext41                                          text41       002534
__ptext42                                          text42       00261C
__ptext43                                          text43       00260C
__ptext44                                          text44       00261E
__ptext45                                          text45       002550
__ptext46                                          text46       002378
__ptext47                                          text47       002620
__ptext48                                          text48       002568
__ptext49                                          text49       0023A6
__ptext5                                           text5        002188
__ptext50                                          text50       002622
__ptext51                                          text51       002580
__ptext52                                          text52       0023D4
__ptext53                                          text53       002624
__ptext54                                          text54       00229C
__ptext55                                          text55       002626
__ptext56                                          text56       0025A6
__ptext57                                          text57       002612
__ptext58                                          text58       000000
__ptext6                                           text6        001652
__ptext7                                           text7        0019BE
__ptext8                                           text8        002074
__ptext9                                           text9        001F1E
__ramtop                                           ramtop       001600
__smallconst                                       smallconst   001600
_abs                                               text17       00225C
_config_DMA_M2M                                    text23       002314
_covert_channel                                    text1        00221C
_covert_channel_logic                              text2        001CEC
_dbuf                                              bssBANK5     000576
_dst                                               bssBANK5     000572
_dtoa                                              text10       00182A
_dtoa$1895                                         cstackCOMRAM 00052A
_end                                               bssBANK5     00056E
_flags                                             bssCOMRAM    000555
_fputc                                             text13       001AAE
_fputs                                             text12       0021D8
_input_symbol                                      bssCOMRAM    000553
_main                                              text0        0024C4
_pad                                               text11       001EA4
_prec                                              bssCOMRAM    000549
_printf                                            text4        002458
_ptr_cnt                                           dataBANK5    0005A6
_putch                                             text14       0024A6
_sample                                            bssCOMRAM    000551
_src                                               bssBANK5     000574
_start                                             bssBANK5     000570
_sync                                              bssCOMRAM    00054F
_timerTMR0ReloadVal16bit                           bssCOMRAM    00054B
_trojan                                            text3        001F92
_uart1RxLastError                                  bssBANK5     00056C
_utoa                                              text7        0019BE
_vfpfcnvrt                                         text6        001652
_vfprintf                                          text5        002188
_width                                             bssBANK5     000560
abs@a                                              cstackCOMRAM 00050F
config_DMA_M2M@size                                cstackCOMRAM 000509
covert_channel_logic@first                         dataCOMRAM   000556
dtoa@d                                             cstackCOMRAM 000528
dtoa@fp                                            cstackCOMRAM 000526
dtoa@i                                             cstackCOMRAM 000531
dtoa@p                                             cstackCOMRAM 00052C
dtoa@s                                             cstackCOMRAM 000530
dtoa@w                                             cstackCOMRAM 00052E
end_of_initialization                              cinit        002182
fputc@c                                            cstackCOMRAM 00050B
fputc@fp                                           cstackCOMRAM 00050D
fputs@c                                            cstackCOMRAM 000518
fputs@fp                                           cstackCOMRAM 000516
fputs@i                                            cstackCOMRAM 000519
fputs@s                                            cstackCOMRAM 000514
intlevel0                                          text         000000
intlevel1                                          text         000000
intlevel2                                          text         000000
intlevel3                                          text         000000
isa$std                                            (abs)        000001
isa$xinst                                          (abs)        000000
ivt0x8_base                                        ivt0x8       000008
ivt0x8_undefint                                    ivt0x8       0000B8
pad@buf                                            cstackCOMRAM 00051D
pad@fp                                             cstackCOMRAM 00051B
pad@i                                              cstackCOMRAM 000522
pad@p                                              cstackCOMRAM 00051F
pad@w                                              cstackCOMRAM 000524
printf@ap                                          cstackBANK5  0005A0
printf@fmt                                         cstackBANK5  00059A
putch@txData                                       cstackCOMRAM 00050A
stackhi                                            (abs)        000000
stacklo                                            (abs)        000000
start                                              init         0000BA
start_initialization                               cinit        002132
trojan@i                                           cstackCOMRAM 00050B
trojan@input_symbol                                cstackCOMRAM 000509
utoa@d                                             cstackCOMRAM 000528
utoa@fp                                            cstackCOMRAM 000526
utoa@i                                             cstackCOMRAM 00052E
utoa@p                                             cstackCOMRAM 00052C
utoa@w                                             cstackCOMRAM 00052A
vfpfcnvrt@ap                                       cstackCOMRAM 000537
vfpfcnvrt@convarg                                  cstackCOMRAM 00053B
vfpfcnvrt@cp                                       cstackCOMRAM 00053F
vfpfcnvrt@fmt                                      cstackCOMRAM 000535
vfpfcnvrt@fp                                       cstackCOMRAM 000533
vfprintf@ap                                        cstackCOMRAM 000545
vfprintf@cfmt                                      cstackCOMRAM 000547
vfprintf@fmt                                       cstackCOMRAM 000543
vfprintf@fp                                        cstackCOMRAM 000541


MODULE INFORMATION

Module		Function		Class		Link	Load	Size
/opt/microchip/xc8/v2.41/pic/sources/c99/common/lwmod.c
		___lwmod       		CODE           	2074	0000	100

/opt/microchip/xc8/v2.41/pic/sources/c99/common/lwmod.c estimated size: 100

/opt/microchip/xc8/v2.41/pic/sources/c99/common/awmod.c
		___awmod       		CODE           	1C3C	0000	176

/opt/microchip/xc8/v2.41/pic/sources/c99/common/awmod.c estimated size: 176

mcc_generated_files/peripheral/src/uart2.c
		_UART2_Initialize		CODE           	22DC	0000	56

mcc_generated_files/peripheral/src/uart2.c estimated size: 56

mcc_generated_files/dma/src/dma1.c
		_DMA1_Initialize		CODE           	20D8	0000	90
		_DMA1_SetSCNTIInterruptHandler		CODE           	25F2	0000	10
		_DMA1_DefaultInterruptHandler		CODE           	2626	0000	2
		_DMA1_StartTransfer		CODE           	25C0	0000	10
		_DMA1_DMASCNTI_ISR		CODE           	229C	0000	64

mcc_generated_files/dma/src/dma1.c estimated size: 176

/opt/microchip/xc8/v2.41/pic/sources/c99/common/abs.c
		_abs           		CODE           	225C	0000	64

/opt/microchip/xc8/v2.41/pic/sources/c99/common/abs.c estimated size: 64

mcc_generated_files/system/src/interrupt.c
		_IOC_ISR       		CODE           	260C	0000	6
		_INT0_SetInterruptHandler		CODE           	25E8	0000	10
		_INT1_SetInterruptHandler		CODE           	25DE	0000	10
		_INT2_SetInterruptHandler		CODE           	25D4	0000	10
		_INTERRUPT_Initialize		CODE           	2004	0000	112
		_INT0_DefaultInterruptHandler		CODE           	2620	0000	2
		_INT0_CallBack 		CODE           	2378	0000	46
		_INT1_DefaultInterruptHandler		CODE           	2622	0000	2
		_INT1_CallBack 		CODE           	23A6	0000	46
		_INT2_DefaultInterruptHandler		CODE           	2624	0000	2
		_INT2_CallBack 		CODE           	23D4	0000	46
		_Default_ISR   		CODE           	261C	0000	2
		_INT0_ISR      		CODE           	2550	0000	24
		_INT1_ISR      		CODE           	2568	0000	24
		_INT2_ISR      		CODE           	2580	0000	24

mcc_generated_files/system/src/interrupt.c estimated size: 366

/opt/microchip/xc8/v2.41/pic/sources/c99/common/nf_fputs.c
		_fputs         		CODE           	21D8	0000	68

/opt/microchip/xc8/v2.41/pic/sources/c99/common/nf_fputs.c estimated size: 68

/opt/microchip/xc8/v2.41/pic/sources/c99/common/printf.c
		_printf        		CODE           	2458	0000	40

/opt/microchip/xc8/v2.41/pic/sources/c99/common/printf.c estimated size: 40

mcc_generated_files/uart/src/uart1.c
		_UART1_IsTxReady		CODE           	242E	0000	42
		_UART1_Write   		CODE           	25FC	0000	8
		_putch         		CODE           	24A6	0000	30
		_UART1_FramingErrorCallbackRegister		CODE           	2518	0000	28
		_UART1_OverrunErrorCallbackRegister		CODE           	24FC	0000	28
		_UART1_Initialize		CODE           	1E26	0000	126
		_UART1_ParityErrorCallbackRegister		CODE           	24E0	0000	28

mcc_generated_files/uart/src/uart1.c estimated size: 290

/opt/microchip/xc8/v2.41/pic/sources/c99/common/lwdiv.c
		___lwdiv       		CODE           	1F1E	0000	116

/opt/microchip/xc8/v2.41/pic/sources/c99/common/lwdiv.c estimated size: 116

/opt/microchip/xc8/v2.41/pic/sources/c99/common/awdiv.c
		___awdiv       		CODE           	1B78	0000	196

/opt/microchip/xc8/v2.41/pic/sources/c99/common/awdiv.c estimated size: 196

mcc_generated_files/system/src/pins.c
		_PIN_MANAGER_Initialize		CODE           	1D96	0000	144
		_PIN_MANAGER_IOC		CODE           	261E	0000	2

mcc_generated_files/system/src/pins.c estimated size: 146

shared
		__initialization		CODE           	2132	0000	80
		_UART1         		SMALLCONST     	1601	0000	48
		_Timer0        		SMALLCONST     	1631	0000	12

shared estimated size: 140

mcc_generated_files/system/src/clock.c
		_CLOCK_Initialize		CODE           	2534	0000	28

mcc_generated_files/system/src/clock.c estimated size: 28

mcc_generated_files/timer/src/tmr0.c
		_Timer0_Stop   		CODE           	2612	0000	6
		_Timer0_Write  		CODE           	25B4	0000	12
		_Timer0_Start  		CODE           	2604	0000	6
		_Timer0_Initialize		CODE           	2348	0000	48
		_Timer0_OverflowCallbackRegister		CODE           	25CA	0000	10

mcc_generated_files/timer/src/tmr0.c estimated size: 82

/opt/microchip/xc8/v2.41/pic/sources/c99/common/nf_fputc.c
		_fputc         		CODE           	1AAE	0000	202

/opt/microchip/xc8/v2.41/pic/sources/c99/common/nf_fputc.c estimated size: 202

main.c
		_config_DMA_M2M		CODE           	2314	0000	52
		_trojan        		CODE           	1F92	0000	114
		_main          		CODE           	24C4	0000	28
		_covert_channel		CODE           	221C	0000	64
		_covert_channel_logic		CODE           	1CEC	0000	170
		_DMA_ISR       		CODE           	25A6	0000	14

main.c estimated size: 442

mcc_generated_files/system/src/system.c
		_SystemArbiter_Initialize		CODE           	2598	0000	14
		_CPU_Initialize		CODE           	2402	0000	44
		_SYSTEM_Initialize		CODE           	2480	0000	38

mcc_generated_files/system/src/system.c estimated size: 96

/opt/microchip/xc8/v2.41/pic/sources/c99/common/doprnt.c
		_vfpfcnvrt     		CODE           	1652	0000	472
		_pad           		CODE           	1EA4	0000	122
		_dtoa          		CODE           	182A	0000	404
		_vfprintf      		CODE           	2188	0000	80
		_utoa          		CODE           	19BE	0000	240

/opt/microchip/xc8/v2.41/pic/sources/c99/common/doprnt.c estimated size: 1318

