/home/cris/Documents/0_Projects/uarchs_paper/LPC55S69_DMA_Covert_Channel/src/lpcxpresso55s69_hello_world_s/device/LPC55S69_cm33_core0.h:31212:24:Chip_GetVersion	16	static
../drivers/fsl_clock.h:983:20:CLOCK_EnableClock	24	static
../drivers/fsl_power.c:336:13:lf_set_dcdc_power_profile_low	16	static
../drivers/fsl_power.c:356:13:POWER_EnterLowPower	24	static
../drivers/fsl_power.c:403:6:POWER_CycleCpuAndFlash	16	static
../drivers/fsl_power.c:422:6:POWER_EnterDeepSleep	120	static
../drivers/fsl_power.c:509:6:POWER_EnterPowerDown	184	static
../drivers/fsl_power.c:634:6:POWER_EnterDeepPowerDown	128	static
../drivers/fsl_power.c:722:6:POWER_EnterSleep	24	static
../drivers/fsl_power.c:740:13:lf_get_deepsleep_core_supply_cfg	16	static
../drivers/fsl_power.c:759:17:lf_set_ldo_ao_ldo_mem_voltage	32	static
../drivers/fsl_power.c:856:17:lf_wakeup_io_ctrl	32	static
../drivers/fsl_power.c:1067:16:CLOCK_u8OscCapConvert	16	static
../drivers/fsl_power.c:1100:13:lowpower_set_system_voltage	32	static
../drivers/fsl_power.c:1189:13:lowpower_set_dcdc_power_profile	32	static
../drivers/fsl_power.c:1286:37:lowpower_get_part_process_corner	24	static
../drivers/fsl_power.c:1378:13:lowpower_set_voltage_for_process	24	static
../drivers/fsl_power.c:1461:6:POWER_SetVoltageForFreq	16	static
../drivers/fsl_power.c:1486:6:POWER_Xtal16mhzCapabankTrim	72	static
../drivers/fsl_power.c:1551:6:POWER_Xtal32khzCapabankTrim	72	static
../drivers/fsl_power.c:1608:6:POWER_SetXtal16mhzLdo	24	static
../drivers/fsl_power.c:1659:6:POWER_GetWakeUpCause	32	static
