stm32l5xx_hal_rcc.c:241:19:HAL_RCC_DeInit	24	static
stm32l5xx_hal_rcc.c:430:19:HAL_RCC_OscConfig	40	static
stm32l5xx_hal_rcc.c:1144:19:HAL_RCC_ClockConfig	32	static
stm32l5xx_hal_rcc.c:1375:6:HAL_RCC_MCOConfig	48	static
stm32l5xx_hal_rcc.c:1430:10:HAL_RCC_GetSysClockFreq	40	static
stm32l5xx_hal_rcc.c:1517:10:HAL_RCC_GetHCLKFreq	8	static
stm32l5xx_hal_rcc.c:1528:10:HAL_RCC_GetPCLK1Freq	8	static
stm32l5xx_hal_rcc.c:1540:10:HAL_RCC_GetPCLK2Freq	8	static
stm32l5xx_hal_rcc.c:1553:6:HAL_RCC_GetOscConfig	16	static
stm32l5xx_hal_rcc.c:1683:6:HAL_RCC_GetClockConfig	16	static
stm32l5xx_hal_rcc.c:1718:6:HAL_RCC_EnableCSS	4	static
stm32l5xx_hal_rcc.c:1728:6:HAL_RCC_NMI_IRQHandler	8	static
stm32l5xx_hal_rcc.c:1745:13:HAL_RCC_CSSCallback	4	static
stm32l5xx_hal_rcc.c:1784:6:HAL_RCC_ConfigAttributes	16	static
stm32l5xx_hal_rcc.c:1831:19:HAL_RCC_GetConfigAttributes	24	static
stm32l5xx_hal_rcc.c:1892:26:RCC_SetFlashLatencyFromMSIRange	32	static
stm32l5xx_hal_rcc.c:1968:17:RCC_GetSysClockFreqFromPLLSource	32	static
