stm32l5xx_hal.c:139:19:HAL_Init	16	static
stm32l5xx_hal.c:169:19:HAL_DeInit	8	static
stm32l5xx_hal.c:198:13:HAL_MspInit	4	static
stm32l5xx_hal.c:209:13:HAL_MspDeInit	4	static
stm32l5xx_hal.c:232:26:HAL_InitTick	24	static
stm32l5xx_hal.c:300:13:HAL_IncTick	4	static
stm32l5xx_hal.c:311:17:HAL_GetTick	4	static
stm32l5xx_hal.c:320:10:HAL_GetTickPrio	4	static
stm32l5xx_hal.c:330:19:HAL_SetTickFreq	24	static
stm32l5xx_hal.c:359:21:HAL_GetTickFreq	4	static
stm32l5xx_hal.c:375:13:HAL_Delay	24	static
stm32l5xx_hal.c:401:13:HAL_SuspendTick	4	static
stm32l5xx_hal.c:417:13:HAL_ResumeTick	4	static
stm32l5xx_hal.c:427:10:HAL_GetHalVersion	4	static
stm32l5xx_hal.c:436:10:HAL_GetREVID	4	static
stm32l5xx_hal.c:445:10:HAL_GetDEVID	4	static
stm32l5xx_hal.c:454:10:HAL_GetUIDw0	4	static
stm32l5xx_hal.c:463:10:HAL_GetUIDw1	4	static
stm32l5xx_hal.c:472:10:HAL_GetUIDw2	4	static
stm32l5xx_hal.c:500:6:HAL_DBGMCU_EnableDBGStopMode	4	static
stm32l5xx_hal.c:509:6:HAL_DBGMCU_DisableDBGStopMode	4	static
stm32l5xx_hal.c:518:6:HAL_DBGMCU_EnableDBGStandbyMode	4	static
stm32l5xx_hal.c:527:6:HAL_DBGMCU_DisableDBGStandbyMode	4	static
stm32l5xx_hal.c:560:6:HAL_SYSCFG_SRAM2Erase	4	static
stm32l5xx_hal.c:582:6:HAL_SYSCFG_VREFBUF_VoltageScalingConfig	24	static
stm32l5xx_hal.c:613:6:HAL_SYSCFG_VREFBUF_HighImpedanceConfig	16	static
stm32l5xx_hal.c:625:6:HAL_SYSCFG_VREFBUF_TrimmingConfig	16	static
stm32l5xx_hal.c:637:19:HAL_SYSCFG_EnableVREFBUF	16	static
stm32l5xx_hal.c:663:6:HAL_SYSCFG_DisableVREFBUF	4	static
stm32l5xx_hal.c:673:6:HAL_SYSCFG_EnableIOAnalogBooster	4	static
stm32l5xx_hal.c:683:6:HAL_SYSCFG_DisableIOAnalogBooster	4	static
stm32l5xx_hal.c:693:6:HAL_SYSCFG_EnableIOAnalogSwitchVdd	4	static
stm32l5xx_hal.c:703:6:HAL_SYSCFG_DisableIOAnalogSwitchVdd	4	static
stm32l5xx_hal.c:732:6:HAL_SYSCFG_Lock	16	static
stm32l5xx_hal.c:753:19:HAL_SYSCFG_GetLock	24	static
