/home/cris/Documents/0_Projects/uarchs_paper/LPC55S69_DMA_Covert_Channel/src/lpcxpresso55s69_hello_world_ns/CMSIS/core_cm33.h:2378:22:__NVIC_EnableIRQ	16	static
../drivers/fsl_clock.h:983:20:CLOCK_EnableClock	24	static
../drivers/fsl_clock.h:993:20:CLOCK_DisableClock	24	static
../drivers/fsl_common_arm.h:499:24:EnableIRQ	24	static
../drivers/fsl_dma.h:365:20:DMA_ChannelIsActive	16	static
../drivers/fsl_dma.h:394:20:DMA_EnableChannelInterrupts	16	static
../drivers/fsl_dma.h:420:20:DMA_EnableChannel	16	static
../drivers/fsl_dma.h:433:20:DMA_DisableChannel	16	static
../drivers/fsl_dma.h:446:20:DMA_EnableChannelPeriphRq	16	static
../drivers/fsl_dma.h:460:20:DMA_DisableChannelPeriphRq	16	static
../drivers/fsl_dma.c:98:17:DMA_GetInstance	24	static
../drivers/fsl_dma.c:114:17:DMA_GetVirtualStartChannel	32	static
../drivers/fsl_dma.c:138:6:DMA_Init	24	static
../drivers/fsl_dma.c:167:6:DMA_Deinit	16	static
../drivers/fsl_dma.c:184:6:DMA_ConfigureChannelTrigger	32	static
../drivers/fsl_dma.c:204:10:DMA_GetRemainingBytes	16	static
../drivers/fsl_dma.c:230:13:DMA_SetupXferCFG	24	static
../drivers/fsl_dma.c:279:6:DMA_SetupDescriptor	40	static
../drivers/fsl_dma.c:350:6:DMA_SetupChannelDescriptor	40	static
../drivers/fsl_dma.c:454:6:DMA_CreateDescriptor	40	static
../drivers/fsl_dma.c:475:6:DMA_AbortTransfer	16	static
../drivers/fsl_dma.c:499:6:DMA_CreateHandle	32	static
../drivers/fsl_dma.c:530:6:DMA_SetCallback	24	static
../drivers/fsl_dma.c:555:6:DMA_PrepareTransfer	32	static
../drivers/fsl_dma.c:622:6:DMA_SetChannelConfig	32	static
../drivers/fsl_dma.c:660:6:DMA_PrepareChannelTransfer	24	static
../drivers/fsl_dma.c:718:6:DMA_LoadChannelDescriptor	32	static
../drivers/fsl_dma.c:748:6:DMA_InstallDescriptorMemory	16	static
../drivers/fsl_dma.c:802:6:DMA_SubmitChannelTransferParameter	40	static
../drivers/fsl_dma.c:844:6:DMA_SubmitChannelDescriptor	16	static
../drivers/fsl_dma.c:908:10:DMA_SubmitChannelTransfer	48	static
../drivers/fsl_dma.c:952:10:DMA_SubmitTransfer	32	static
../drivers/fsl_dma.c:992:6:DMA_StartTransfer	24	static
../drivers/fsl_dma.c:1010:6:DMA_IRQHandle	48	static
../drivers/fsl_dma.c:1066:6:DMA0_DriverIRQHandler	8	static
../drivers/fsl_dma.c:1074:6:DMA1_DriverIRQHandler	8	static
