/home/cris/Documents/0_Projects/uarchs_paper/LPC55S69_DMA_Covert_Channel/src/lpcxpresso55s69_hello_world_ns/CMSIS/core_cm33.h:2378:22:__NVIC_EnableIRQ	16	static
../drivers/fsl_common_arm.h:499:24:EnableIRQ	24	static
../drivers/fsl_i2c.h:527:20:I2C_MasterEnable	16	static
../drivers/fsl_i2c.h:569:20:I2C_ClearStatusFlags	16	static
../drivers/fsl_i2c.h:610:20:I2C_EnableInterrupts	16	static
../drivers/fsl_i2c.h:622:20:I2C_DisableInterrupts	16	static
../drivers/fsl_i2c.h:714:24:I2C_MasterRepeatedStart	16	static
../drivers/fsl_i2c.h:923:20:I2C_SlaveEnable	16	static
../drivers/fsl_i2c.h:948:20:I2C_SlaveClearStatusFlags	16	static
../drivers/fsl_i2c.c:187:10:I2C_GetInstance	24	static
../drivers/fsl_i2c.c:216:6:I2C_MasterGetDefaultConfig	16	static
../drivers/fsl_i2c.c:240:6:I2C_MasterInit	24	static
../drivers/fsl_i2c.c:256:6:I2C_MasterDeinit	16	static
../drivers/fsl_i2c.c:273:10:I2C_GetStatusFlags	24	static
../drivers/fsl_i2c.c:309:6:I2C_MasterSetBaudRate	56	static
../drivers/fsl_i2c.c:399:6:I2C_MasterSetTimeoutValue	32	static
../drivers/fsl_i2c.c:414:17:I2C_PendingStatusWait	24	static
../drivers/fsl_i2c.c:487:10:I2C_MasterStart	24	static
../drivers/fsl_i2c.c:510:10:I2C_MasterStop	24	static
../drivers/fsl_i2c.c:539:10:I2C_MasterWriteBlocking	40	static
../drivers/fsl_i2c.c:630:10:I2C_MasterReadBlocking	40	static
../drivers/fsl_i2c.c:691:17:I2C_MasterCheckStartResponse	24	static
../drivers/fsl_i2c.c:724:10:I2C_MasterTransferBlocking	40	static
../drivers/fsl_i2c.c:823:6:I2C_MasterTransferCreateHandle	32	static
../drivers/fsl_i2c.c:861:10:I2C_MasterTransferNonBlocking	32	static
../drivers/fsl_i2c.c:898:10:I2C_MasterTransferGetCount	24	static
../drivers/fsl_i2c.c:930:10:I2C_MasterTransferAbort	24	static
../drivers/fsl_i2c.c:974:17:I2C_InitTransferStateMachine	48	static
../drivers/fsl_i2c.c:1035:17:I2C_RunTransferStateMachine	48	static
../drivers/fsl_i2c.c:1244:6:I2C_MasterTransferHandleIRQ	32	static
../drivers/fsl_i2c.c:1273:13:I2C_SlaveInternalStateMachineReset	16	static
../drivers/fsl_i2c.c:1278:17:I2C_SlaveDivVal	32	static
../drivers/fsl_i2c.c:1323:17:I2C_SlavePollPending	24	static
../drivers/fsl_i2c.c:1348:13:I2C_SlaveInvokeEvent	40	static
../drivers/fsl_i2c.c:1376:13:I2C_SlaveAddressIRQ	32	static
../drivers/fsl_i2c.c:1435:17:I2C_SlaveTransferNonBlockingInternal	32	static
../drivers/fsl_i2c.c:1502:10:I2C_SlaveSetSendBuffer	40	static
../drivers/fsl_i2c.c:1532:10:I2C_SlaveSetReceiveBuffer	40	static
../drivers/fsl_i2c.c:1549:6:I2C_SlaveSetAddress	16	static
../drivers/fsl_i2c.c:1578:6:I2C_SlaveGetDefaultConfig	40	static
../drivers/fsl_i2c.c:1606:10:I2C_SlaveInit	32	static
../drivers/fsl_i2c.c:1650:6:I2C_SlaveDeinit	16	static
../drivers/fsl_i2c.c:1666:10:I2C_SlaveWriteBlocking	40	static
../drivers/fsl_i2c.c:1753:10:I2C_SlaveReadBlocking	40	static
../drivers/fsl_i2c.c:1841:6:I2C_SlaveTransferCreateHandle	32	static
../drivers/fsl_i2c.c:1902:10:I2C_SlaveTransferNonBlocking	40	static
../drivers/fsl_i2c.c:1916:10:I2C_SlaveTransferGetCount	24	static
../drivers/fsl_i2c.c:1946:6:I2C_SlaveTransferAbort	16	static
../drivers/fsl_i2c.c:1966:6:I2C_SlaveTransferHandleIRQ	40	static
