../drivers/fsl_clock.h:983:20:CLOCK_EnableClock	24	static
../drivers/fsl_clock.h:993:20:CLOCK_DisableClock	24	static
../drivers/fsl_clock.h:1227:22:CLOCK_IsPLL0Locked	4	static
../drivers/fsl_clock.h:1235:22:CLOCK_IsPLL1Locked	4	static
../drivers/fsl_power.h:373:20:POWER_EnablePD	16	static
../drivers/fsl_power.h:385:20:POWER_DisablePD	16	static
../drivers/fsl_clock.c:104:6:CLOCK_AttachClk	32	static
../drivers/fsl_clock.c:150:19:CLOCK_GetClockAttachId	48	static
../drivers/fsl_clock.c:200:6:CLOCK_SetClkDiv	24	static
../drivers/fsl_clock.c:234:6:CLOCK_SetRtc1khzClkDiv	16	static
../drivers/fsl_clock.c:245:6:CLOCK_SetRtc1hzClkDiv	16	static
../drivers/fsl_clock.c:266:10:CLOCK_SetupFROClocking	16	static
../drivers/fsl_clock.c:300:6:CLOCK_SetFLASHAccessCyclesForFreq	24	static
../drivers/fsl_clock.c:396:10:CLOCK_SetupExtClocking	16	static
../drivers/fsl_clock.c:418:10:CLOCK_SetupI2SMClkClocking	16	static
../drivers/fsl_clock.c:430:10:CLOCK_SetupPLUClkInClocking	16	static
../drivers/fsl_clock.c:440:10:CLOCK_GetClockOutClkFreq	16	static
../drivers/fsl_clock.c:489:10:CLOCK_GetAdcClkFreq	16	static
../drivers/fsl_clock.c:520:10:CLOCK_GetUsb0ClkFreq	16	static
../drivers/fsl_clock.c:554:10:CLOCK_GetUsb1ClkFreq	4	static
../drivers/fsl_clock.c:563:10:CLOCK_GetMclkClkFreq	16	static
../drivers/fsl_clock.c:591:10:CLOCK_GetSctClkFreq	16	static
../drivers/fsl_clock.c:628:10:CLOCK_GetSdioClkFreq	16	static
../drivers/fsl_clock.c:661:10:CLOCK_GetFro12MFreq	4	static
../drivers/fsl_clock.c:670:10:CLOCK_GetFro1MFreq	4	static
../drivers/fsl_clock.c:679:10:CLOCK_GetExtClkFreq	4	static
../drivers/fsl_clock.c:688:10:CLOCK_GetWdtClkFreq	8	static
../drivers/fsl_clock.c:697:10:CLOCK_GetFroHfFreq	4	static
../drivers/fsl_clock.c:706:10:CLOCK_GetPll0OutFreq	4	static
../drivers/fsl_clock.c:715:10:CLOCK_GetPll1OutFreq	4	static
../drivers/fsl_clock.c:724:10:CLOCK_GetOsc32KFreq	4	static
../drivers/fsl_clock.c:739:10:CLOCK_GetCoreSysClkFreq	16	static
../drivers/fsl_clock.c:790:10:CLOCK_GetI2SMClkFreq	4	static
../drivers/fsl_clock.c:799:10:CLOCK_GetPLUClkInFreq	4	static
../drivers/fsl_clock.c:809:10:CLOCK_GetFlexCommInputClock	24	static
../drivers/fsl_clock.c:849:10:CLOCK_GetFlexCommClkFreq	72	static
../drivers/fsl_clock.c:862:10:CLOCK_GetHsLspiClkFreq	16	static
../drivers/fsl_clock.c:902:10:CLOCK_GetCTimerClkFreq	24	static
../drivers/fsl_clock.c:942:10:CLOCK_GetSystickClkFreq	24	static
../drivers/fsl_clock.c:979:10:CLOCK_SetFlexCommClock	56	static
../drivers/fsl_clock.c:1001:10:CLOCK_GetFreq	24	static
../drivers/fsl_clock.c:1044:13:pllFindSel	32	static
../drivers/fsl_clock.c:1088:17:findPll0PreDiv	16	static
../drivers/fsl_clock.c:1105:17:findPll1PreDiv	16	static
../drivers/fsl_clock.c:1122:17:findPll0PostDiv	16	static
../drivers/fsl_clock.c:1145:14:findPll0MMult	24	static
../drivers/fsl_clock.c:1172:17:FindGreatestCommonDivisor	24	static
../drivers/fsl_clock.c:1192:20:CLOCK_GetPll0ConfigInternal	128	static
../drivers/fsl_clock.c:1362:20:CLOCK_GetPll0Config	32	static
../drivers/fsl_clock.c:1410:13:CLOCK_GetPLL0OutFromSetupUpdate	16	static
../drivers/fsl_clock.c:1419:10:CLOCK_GetPLL0InClockRate	16	static
../drivers/fsl_clock.c:1450:10:CLOCK_GetPLL1InClockRate	16	static
../drivers/fsl_clock.c:1485:10:CLOCK_GetPLL0OutFromSetup	40	static
../drivers/fsl_clock.c:1516:6:CLOCK_SetStoredPLL0ClockRate	16	static
../drivers/fsl_clock.c:1529:10:CLOCK_GetPLL0OutClockRate	56	static
../drivers/fsl_clock.c:1558:13:CLOCK_SetupPLL0Data	24	static
../drivers/fsl_clock.c:1601:13:CLOCK_SetupPLL0Prec	32	static
../drivers/fsl_clock.c:1678:13:CLOCK_SetPLL0Freq	32	static
../drivers/fsl_clock.c:1746:13:CLOCK_SetPLL1Freq	32	static
../drivers/fsl_clock.c:1802:6:CLOCK_SetupPLL0Mult	48	static
../drivers/fsl_clock.c:1866:6:CLOCK_EnableUsbfs0DeviceClock	56	static
../drivers/fsl_clock.c:1929:6:CLOCK_EnableUsbfs0HostClock	56	static
../drivers/fsl_clock.c:1988:6:CLOCK_EnableUsbhs0PhyPllClock	32	static
../drivers/fsl_clock.c:2076:6:CLOCK_EnableUsbhs0DeviceClock	16	static
../drivers/fsl_clock.c:2088:6:CLOCK_EnableUsbhs0HostClock	16	static
../drivers/fsl_clock.c:2103:6:CLOCK_EnableOstimer32kClock	4	static
