stm32l5xx_hal_gtzc.c:216:19:HAL_GTZC_TZSC_ConfigPeriphAttributes	24	static
stm32l5xx_hal_gtzc.c:318:19:HAL_GTZC_TZSC_GetConfigPeriphAttributes	32	static
stm32l5xx_hal_gtzc.c:456:19:HAL_GTZC_TZSC_MPCWM_ConfigMemAttributes	48	static
stm32l5xx_hal_gtzc.c:558:19:HAL_GTZC_TZSC_MPCWM_GetConfigMemAttributes	40	static
stm32l5xx_hal_gtzc.c:666:6:HAL_GTZC_TZSC_Lock	16	static
stm32l5xx_hal_gtzc.c:678:10:HAL_GTZC_TZSC_GetLock	16	static
stm32l5xx_hal_gtzc.c:710:19:HAL_GTZC_MPCBB_ConfigMem	40	static
stm32l5xx_hal_gtzc.c:772:19:HAL_GTZC_MPCBB_GetConfigMem	40	static
stm32l5xx_hal_gtzc.c:830:19:HAL_GTZC_MPCBB_ConfigMemAttributes	56	static
stm32l5xx_hal_gtzc.c:925:19:HAL_GTZC_MPCBB_GetConfigMemAttributes	56	static
stm32l5xx_hal_gtzc.c:1005:19:HAL_GTZC_MPCBB_LockConfig	48	static
stm32l5xx_hal_gtzc.c:1087:19:HAL_GTZC_MPCBB_GetLockConfig	48	static
stm32l5xx_hal_gtzc.c:1145:19:HAL_GTZC_MPCBB_Lock	16	static
stm32l5xx_hal_gtzc.c:1170:19:HAL_GTZC_MPCBB_GetLock	16	static
stm32l5xx_hal_gtzc.c:1215:19:HAL_GTZC_TZIC_DisableIT	24	static
stm32l5xx_hal_gtzc.c:1250:19:HAL_GTZC_TZIC_EnableIT	24	static
stm32l5xx_hal_gtzc.c:1291:19:HAL_GTZC_TZIC_GetFlag	32	static
stm32l5xx_hal_gtzc.c:1343:19:HAL_GTZC_TZIC_ClearFlag	24	static
stm32l5xx_hal_gtzc.c:1392:6:HAL_GTZC_IRQHandler	24	static
stm32l5xx_hal_gtzc.c:1478:13:HAL_GTZC_TZIC_Callback	16	static
