core_cm33.h:2096:22:__NVIC_SetPriorityGrouping	24	static
core_cm33.h:2115:26:__NVIC_GetPriorityGrouping	4	static
core_cm33.h:2127:22:__NVIC_EnableIRQ	16	static,ignoring_inline_asm
core_cm33.h:2165:22:__NVIC_DisableIRQ	16	static,ignoring_inline_asm
core_cm33.h:2184:26:__NVIC_GetPendingIRQ	16	static
core_cm33.h:2203:22:__NVIC_SetPendingIRQ	16	static
core_cm33.h:2218:22:__NVIC_ClearPendingIRQ	16	static
core_cm33.h:2235:26:__NVIC_GetActive	16	static
core_cm33.h:2324:22:__NVIC_SetPriority	16	static
core_cm33.h:2346:26:__NVIC_GetPriority	16	static
core_cm33.h:2371:26:NVIC_EncodePriority	40	static
core_cm33.h:2398:22:NVIC_DecodePriority	40	static
core_cm33.h:2448:34:__NVIC_SystemReset	4	static,ignoring_inline_asm
core_cm33.h:2773:26:SysTick_Config	16	static
stm32l5xx_hal_cortex.c:170:6:HAL_NVIC_SetPriorityGrouping	16	static
stm32l5xx_hal_cortex.c:192:6:HAL_NVIC_SetPriority	32	static
stm32l5xx_hal_cortex.c:214:6:HAL_NVIC_EnableIRQ	16	static
stm32l5xx_hal_cortex.c:230:6:HAL_NVIC_DisableIRQ	16	static
stm32l5xx_hal_cortex.c:243:6:HAL_NVIC_SystemReset	8	static
stm32l5xx_hal_cortex.c:256:10:HAL_SYSTICK_Config	16	static
stm32l5xx_hal_cortex.c:284:10:HAL_NVIC_GetPriorityGrouping	8	static
stm32l5xx_hal_cortex.c:309:6:HAL_NVIC_GetPriority	24	static
stm32l5xx_hal_cortex.c:324:6:HAL_NVIC_SetPendingIRQ	16	static
stm32l5xx_hal_cortex.c:339:10:HAL_NVIC_GetPendingIRQ	16	static
stm32l5xx_hal_cortex.c:352:6:HAL_NVIC_ClearPendingIRQ	16	static
stm32l5xx_hal_cortex.c:366:10:HAL_NVIC_GetActive	16	static
stm32l5xx_hal_cortex.c:380:6:HAL_SYSTICK_CLKSourceConfig	16	static
stm32l5xx_hal_cortex.c:398:6:HAL_SYSTICK_IRQHandler	8	static
stm32l5xx_hal_cortex.c:407:13:HAL_SYSTICK_Callback	4	static
stm32l5xx_hal_cortex.c:427:6:HAL_MPU_Enable	16	static,ignoring_inline_asm
stm32l5xx_hal_cortex.c:445:6:HAL_MPU_Disable	4	static,ignoring_inline_asm
stm32l5xx_hal_cortex.c:459:6:HAL_MPU_ConfigRegion	16	static
stm32l5xx_hal_cortex.c:470:6:HAL_MPU_ConfigMemoryAttributes	16	static
stm32l5xx_hal_cortex.c:487:6:HAL_MPU_Enable_NS	16	static,ignoring_inline_asm
stm32l5xx_hal_cortex.c:505:6:HAL_MPU_Disable_NS	4	static,ignoring_inline_asm
stm32l5xx_hal_cortex.c:519:6:HAL_MPU_ConfigRegion_NS	16	static
stm32l5xx_hal_cortex.c:530:6:HAL_MPU_ConfigMemoryAttributes_NS	16	static
stm32l5xx_hal_cortex.c:553:13:MPU_ConfigRegion	16	static,ignoring_inline_asm
stm32l5xx_hal_cortex.c:588:13:MPU_ConfigMemoryAttributes	32	static,ignoring_inline_asm
